################################################################################
#                                                                              #
#      IAR Universal Linker V6.4.6.89                                          #
#                                                                              #
#           Link time     =  01/Apr/2020  22:53:41                             #
#           Target CPU    =  x51                                               #
#           List file     =  "E:\Neocore\Hardware\PRG Transmiter\Debug\List\tr #
#                            ansmiter.map"                                     #
#           Output file 1 =  "E:\Neocore\Hardware\PRG Transmiter\Debug\Exe\tra #
#                            nsmiter.d51"                                      #
#                            Format: ubrof10                                   #
#                            UBROF version 10.0.6                              #
#                            Using library modules for C-SPY (-rt)             #
#           Command line  =  -f                                                #
#                            C:\Users\08A4~1\AppData\Local\Temp\EW1A9A.tmp     #
#                            ("E:\Neocore\Hardware\PRG Transmiter\Debug\Obj\ac #
#                            tion_manager.r51"                                 #
#                            "E:\Neocore\Hardware\PRG Transmiter\Debug\Obj\ala #
#                            rm_timer.r51"                                     #
#                            "E:\Neocore\Hardware\PRG Transmiter\Debug\Obj\cmd #
#                            _0x00.r51"                                        #
#                            "E:\Neocore\Hardware\PRG Transmiter\Debug\Obj\cmd #
#                            _0x01.r51"                                        #
#                            "E:\Neocore\Hardware\PRG Transmiter\Debug\Obj\cmd #
#                            _0x02.r51"                                        #
#                            "E:\Neocore\Hardware\PRG Transmiter\Debug\Obj\cmd #
#                            _0x03.r51"                                        #
#                            "E:\Neocore\Hardware\PRG Transmiter\Debug\Obj\cmd #
#                            _0x04.r51"                                        #
#                            "E:\Neocore\Hardware\PRG Transmiter\Debug\Obj\cmd #
#                            _0x05.r51"                                        #
#                            "E:\Neocore\Hardware\PRG Transmiter\Debug\Obj\cmd #
#                            _0x06.r51"                                        #
#                            "E:\Neocore\Hardware\PRG Transmiter\Debug\Obj\cmd #
#                            _0x07.r51"                                        #
#                            "E:\Neocore\Hardware\PRG Transmiter\Debug\Obj\cmd #
#                            _0x08.r51"                                        #
#                            "E:\Neocore\Hardware\PRG Transmiter\Debug\Obj\cmd #
#                            _0x09.r51"                                        #
#                            "E:\Neocore\Hardware\PRG Transmiter\Debug\Obj\cmd #
#                            _0x0A.r51"                                        #
#                            "E:\Neocore\Hardware\PRG Transmiter\Debug\Obj\cmd #
#                            _0x0B.r51"                                        #
#                            "E:\Neocore\Hardware\PRG Transmiter\Debug\Obj\cmd #
#                            _0x0C.r51"                                        #
#                            "E:\Neocore\Hardware\PRG Transmiter\Debug\Obj\cmd #
#                            _0x0D.r51"                                        #
#                            "E:\Neocore\Hardware\PRG Transmiter\Debug\Obj\cmd #
#                            _0x0E.r51"                                        #
#                            "E:\Neocore\Hardware\PRG Transmiter\Debug\Obj\cmd #
#                            _0x0F.r51"                                        #
#                            "E:\Neocore\Hardware\PRG Transmiter\Debug\Obj\cmd #
#                            _0x10.r51"                                        #
#                            "E:\Neocore\Hardware\PRG Transmiter\Debug\Obj\cmd #
#                            _parser.r51"                                      #
#                            "E:\Neocore\Hardware\PRG Transmiter\Debug\Obj\cod #
#                            er.r51"                                           #
#                            "E:\Neocore\Hardware\PRG Transmiter\Debug\Obj\cpu #
#                            .r51"                                             #
#                            "E:\Neocore\Hardware\PRG Transmiter\Debug\Obj\deb #
#                            ug.r51"                                           #
#                            "E:\Neocore\Hardware\PRG Transmiter\Debug\Obj\dma #
#                            .r51"                                             #
#                            "E:\Neocore\Hardware\PRG Transmiter\Debug\Obj\fra #
#                            me.r51"                                           #
#                            "E:\Neocore\Hardware\PRG Transmiter\Debug\Obj\led #
#                            .r51"                                             #
#                            "E:\Neocore\Hardware\PRG Transmiter\Debug\Obj\llc #
#                            .r51"                                             #
#                            "E:\Neocore\Hardware\PRG Transmiter\Debug\Obj\mac #
#                            .r51"                                             #
#                            "E:\Neocore\Hardware\PRG Transmiter\Debug\Obj\mai #
#                            n.r51"                                            #
#                            "E:\Neocore\Hardware\PRG Transmiter\Debug\Obj\mem #
#                            _slots.r51"                                       #
#                            "E:\Neocore\Hardware\PRG Transmiter\Debug\Obj\mem #
#                            _utils.r51"                                       #
#                            "E:\Neocore\Hardware\PRG Transmiter\Debug\Obj\mod #
#                            el.r51"                                           #
#                            "E:\Neocore\Hardware\PRG Transmiter\Debug\Obj\rad #
#                            io.r51"                                           #
#                            "E:\Neocore\Hardware\PRG Transmiter\Debug\Obj\rtc #
#                            .r51"                                             #
#                            "E:\Neocore\Hardware\PRG Transmiter\Debug\Obj\syn #
#                            c.r51"                                            #
#                            "E:\Neocore\Hardware\PRG Transmiter\Debug\Obj\tim #
#                            e_manager.r51"                                    #
#                            "E:\Neocore\Hardware\PRG Transmiter\Debug\Obj\uar #
#                            t_comm.r51"                                       #
#                            "E:\Neocore\Hardware\PRG Transmiter\Debug\Obj\ust #
#                            imer.r51"                                         #
#                            -o                                                #
#                            "E:\Neocore\Hardware\PRG Transmiter\Debug\Exe\tra #
#                            nsmiter.d51"                                      #
#                            -l                                                #
#                            "E:\Neocore\Hardware\PRG Transmiter\Debug\List\tr #
#                            ansmiter.map"                                     #
#                            -xms                                              #
#                            "-IC:\Program Files (x86)\IAR Systems\Embedded Wo #
#                            rkbench 8.0\8051\LIB\"                            #
#                            -f                                                #
#                            "C:\Program Files (x86)\IAR Systems\Embedded Work #
#                            bench 8.0\8051\config\devices\Texas Instruments\l #
#                            nk51ew_CC2530F256_banked.xcl"                     #
#                            (-D_IDATA0_START=0x00 -D_IDATA0_END=0xFF          #
#                            -D_PDATA0_START=0x1E00 -D_PDATA0_END=0x1EFF       #
#                            -D_IXDATA0_START=0x0001 -D_IXDATA0_END=0x1EFF     #
#                            -D_XDATA0_START=_IXDATA0_START                    #
#                            -D_XDATA0_END=_IXDATA0_END                        #
#                            -D_NEAR_CODE_START=0x0000                         #
#                            -D_FIRST_BANK_ADDR=0x10000 -D?REGISTER_BANK=0x0   #
#                            -D_REGISTER_BANK_START=0x0 -D_BREG_START=0x00     #
#                            -D?VB=0x20 -Z(BIT)BREG=_BREG_START                #
#                            -Z(BIT)BIT_N=0-7F                                 #
#                            -Z(DATA)REGISTERS+8=_REGISTER_BANK_START          #
#                            -Z(DATA)BDATA_Z,BDATA_N,BDATA_I=20-2F             #
#                            -Z(DATA)VREG=08-7F -Z(DATA)PSP,XSP=08-7F          #
#                            -Z(DATA)DOVERLAY=08-7F                            #
#                            -Z(DATA)DATA_I,DATA_Z,DATA_N=08-7F                #
#                            -U(IDATA)0-7F=(DATA)0-7F                          #
#                            -Z(IDATA)IDATA_I,IDATA_Z,IDATA_N=08-_IDATA0_END   #
#                            -Z(IDATA)ISTACK+_IDATA_STACK_SIZE#08-_IDATA0_END  #
#                            -Z(IDATA)IOVERLAY=08-FF -Z(CODE)INTVEC=0          #
#                            -Z(CODE)CSTART=_NEAR_CODE_START-(_CODEBANK_START- #
#                            1)                                                #
#                            -Z(CODE)BIT_ID,BDATA_ID,DATA_ID,IDATA_ID,IXDATA_I #
#                            D,PDATA_ID,XDATA_ID=_NEAR_CODE_START-(_CODEBANK_S #
#                            TART-1)                                           #
#                            -Z(CODE)BANK_RELAYS,RCODE,DIFUNCT,CODE_C,CODE_N,N #
#                            EAR_CODE=_NEAR_CODE_START-(_CODEBANK_START-1)     #
#                            -P(CODE)BANKED_CODE=_NEAR_CODE_START-(_CODEBANK_S #
#                            TART-1),[(_CODEBANK_START+_FIRST_BANK_ADDR)-(_COD #
#                            EBANK_END+_FIRST_BANK_ADDR)]*_NR_OF_BANKS+10000   #
#                            -Z(CODE)CHECKSUM#(_CODEBANK_START-1)              #
#                            -Z(XDATA)PDATA_Z,PDATA_I=_PDATA0_START-_PDATA0_EN #
#                            D                                                 #
#                            -P(XDATA)PDATA_N=_PDATA0_START-_PDATA0_END        #
#                            -Z(XDATA)PSTACK+_PDATA_STACK_SIZE=_PDATA0_START-_ #
#                            PDATA0_END                                        #
#                            -Z(XDATA)EXT_STACK+_EXTENDED_STACK_SIZE=_EXTENDED #
#                            _STACK_START                                      #
#                            -Z(XDATA)XSTACK+_XDATA_STACK_SIZE=_XDATA0_START-_ #
#                            XDATA0_END                                        #
#                            -Z(XDATA)IXDATA_Z,IXDATA_I=_IXDATA0_START-_IXDATA #
#                            0_END                                             #
#                            -P(XDATA)IXDATA_N=_IXDATA0_START-_IXDATA0_END     #
#                            -Z(XDATA)XDATA_Z,XDATA_I=_XDATA0_START-_XDATA0_EN #
#                            D                                                 #
#                            -P(XDATA)XDATA_N=_XDATA0_START-_XDATA0_END        #
#                            -Z(XDATA)XDATA_HEAP+_XDATA_HEAP_SIZE=_XDATA0_STAR #
#                            T-_XDATA0_END                                     #
#                            -Z(CONST)XDATA_ROM_C=_XDATA0_START-_XDATA0_END    #
#                            -cx51                                             #
#                            -M(CODE)[(_CODEBANK_START+_FIRST_BANK_ADDR)-(_COD #
#                            EBANK_END+_FIRST_BANK_ADDR)]*_NR_OF_BANKS+0x10000 #
#                            =0x8000                                           #
#                            -ww69=i -D_BANK0_START=0x00000                    #
#                            -D_BANK0_END=0x07FFF -D_BANK1_START=0x18000       #
#                            -D_BANK1_END=0x1FFFF -D_BANK2_START=0x28000       #
#                            -D_BANK2_END=0x2FFFF -D_BANK3_START=0x38000       #
#                            -D_BANK3_END=0x3FFFF -D_BANK4_START=0x48000       #
#                            -D_BANK4_END=0x4FFFF -D_BANK5_START=0x58000       #
#                            -D_BANK5_END=0x5FFFF -D_BANK6_START=0x68000       #
#                            -D_BANK6_END=0x6FFFF -D_BANK7_START=0x78000       #
#                            -D_BANK7_END=0x7FFFF                              #
#                            -P(CODE)BANK0=_BANK0_START-_BANK0_END             #
#                            -P(CODE)BANK1=_BANK1_START-_BANK1_END             #
#                            -P(CODE)BANK2=_BANK2_START-_BANK2_END             #
#                            -P(CODE)BANK3=_BANK3_START-_BANK3_END             #
#                            -P(CODE)BANK4=_BANK4_START-_BANK4_END             #
#                            -P(CODE)BANK5=_BANK5_START-_BANK5_END             #
#                            -P(CODE)BANK6=_BANK6_START-_BANK6_END             #
#                            -P(CODE)BANK7=_BANK7_START-_BANK7_END             #
#                            -D_FLASH_LOCK_BITS_START=0x7FFF0                  #
#                            -D_FLASH_LOCK_BITS_END=0x7FFFF                    #
#                            -Z(CODE)FLASH_LOCK_BITS=_FLASH_LOCK_BITS_START-_F #
#                            LASH_LOCK_BITS_END                                #
#                            -U(CODE)0x0000=(CODE)_FLASH_LOCK_BITS_START-_FLAS #
#                            H_LOCK_BITS_END)                                  #
#                            -D_NR_OF_VIRTUAL_REGISTERS=8 -D?PBANK=0x93        #
#                            -D?CBANK=0x9F -D?CBANK_MASK=0xFF                  #
#                            -e?BCALL_FF=?BCALL -e?BRET_FF=?BRET               #
#                            -e?BDISPATCH_FF=?BDISPATCH                        #
#                            -D_CODEBANK_START=0x8000 -D_CODEBANK_END=0xFFFF   #
#                            -D_NR_OF_BANKS=0x07                               #
#                            "-IC:\Program Files (x86)\IAR Systems\Embedded Wo #
#                            rkbench 8.0\8051\CONFIG\"                         #
#                            -rt -s __program_start                            #
#                            "C:\Program Files (x86)\IAR Systems\Embedded Work #
#                            bench 8.0\8051\LIB\CLIB\cl-pli-blxc-1e16x01.r51"  #
#                            -D_IDATA_STACK_SIZE=0x80 -D?ESP=0 -D?ESP_MASK=0   #
#                            -D_EXTENDED_STACK_START=0                         #
#                            -D_EXTENDED_STACK_SIZE=0                          #
#                            -D_PDATA_STACK_SIZE=0x80                          #
#                            -D_XDATA_STACK_SIZE=0x300                         #
#                            -D_XDATA_HEAP_SIZE=0x00 -D_FAR_HEAP_SIZE=0xFFF    #
#                            -D_HUGE_HEAP_SIZE=0xFFF                           #
#                            -D_FAR22_HEAP_SIZE=0xFFF)                         #
#                                                                              #
#                           Copyright (C) 1987-2016 IAR Systems AB.            #
################################################################################





                ****************************************
                *                                      *
                *           CROSS REFERENCE            *
                *                                      *
                ****************************************

       Program entry at : CODE      0000007F  Relocatable, from module : CSTARTUP




                ****************************************
                *                                      *
                *            RUNTIME MODEL             *
                *                                      *
                ****************************************

  __SystemLibrary          = CLib
  __calling_convention     = xdata_reentrant
  __code_model             = banked
  __core                   = plain
  __data_model             = large
  __dptr_size              = 16
  __extended_stack         = disabled
  __location_for_constants = code
  __number_of_dptrs        = 1
  __register_banks         = *
  __rt_version             = 1

                ****************************************
                *                                      *
                *    AUTOMATIC SYMBOL REDIRECTIONS     *
                *                                      *
                ****************************************

                  There are no automatic symbol redirections.



                ****************************************
                *                                      *
                *              MODULE MAP              *
                *                                      *
                ****************************************


  DEFINED ABSOLUTE ENTRIES
    *************************************************************************

  DEFINED ABSOLUTE ENTRIES
  PROGRAM MODULE, NAME : ?ABS_ENTRY_MOD

Absolute parts
           ENTRY                   ADDRESS         REF BY
           =====                   =======         ======
           _FAR22_HEAP_SIZE        00000FFF 
           _HUGE_HEAP_SIZE         00000FFF 
           _FAR_HEAP_SIZE          00000FFF 
           _XDATA_HEAP_SIZE        00000000 
           _XDATA_STACK_SIZE       00000300 
           _PDATA_STACK_SIZE       00000080 
           _EXTENDED_STACK_SIZE    00000000 
           _EXTENDED_STACK_START   00000000 
           ?ESP_MASK               00000000 
           ?ESP                    00000000 
           _IDATA_STACK_SIZE       00000080 
           _NR_OF_BANKS            00000007 
           _CODEBANK_END           0000FFFF 
           _CODEBANK_START         00008000 
           ?CBANK_MASK             000000FF 
           ?CBANK                  0000009F        ?LONGJMP_XDATA (?LONGJMP_XDATA)
                                                   ?RESET_CODE_BANK (CSTARTUP)
                                                   ?SETJMP_XDATA (?SETJMP_XDATA)
                                                   Segment part 0 (?BANKED_CODE_SUPPORT)
           ?PBANK                  00000093        ?RESET_PDATA_BANK (CSTARTUP)
           _NR_OF_VIRTUAL_REGISTERS
                                   00000008 
           _FLASH_LOCK_BITS_END    0003FFFF 
           _FLASH_LOCK_BITS_START
                                   0003FFF0 
           _BANK7_END              0003FFFF 
           _BANK7_START            00038000 
           _BANK6_END              00037FFF 
           _BANK6_START            00030000 
           _BANK5_END              0002FFFF 
           _BANK5_START            00028000 
           _BANK4_END              00027FFF 
           _BANK4_START            00020000 
           _BANK3_END              0001FFFF 
           _BANK3_START            00018000 
           _BANK2_END              00017FFF 
           _BANK2_START            00010000 
           _BANK1_END              0000FFFF 
           _BANK1_START            00008000 
           _BANK0_END              00007FFF 
           _BANK0_START            00000000 
           ?VB                     00000020        ?BANKED_ENTER_XDATA (?BANKED_ENTER_XDATA)
                                                   ?BANKED_LEAVE_XDATA (?BANKED_LEAVE_XDATA)
                                                   ?INTERRUPT_ENTER_XSP (?INTERRUPT_ENTER_XSP)
                                                   ?INTERRUPT_LEAVE_XSP (?INTERRUPT_LEAVE_XSP)
                                                   ?LONGJMP_XDATA (?LONGJMP_XDATA)
                                                   ?SETJMP_XDATA (?SETJMP_XDATA)
                                                   AES_StreamCoder (action_manager)
                                                   AT_enable (action_manager)
                                                   MAC_Send (action_manager)
                                                   RI_Receive (action_manager)
                                                   RI_Send (action_manager)
                                                   RecvData (action_manager)
                                                   SL_free (action_manager)
                                                   SendData (action_manager)
                                                   _formatted_write_P (?largewr_p)
                                                   cmd_0x0B (action_manager)
                                                   cmd_0x0D (action_manager)
                                                   send_sync (action_manager)
           _BREG_START             00000000 
           _REGISTER_BANK_START    00000000 
           ?REGISTER_BANK          00000000        Segment part 6 (CSTARTUP)
           _FIRST_BANK_ADDR        00010000 
           _NEAR_CODE_START        00000000 
           _XDATA0_END             00001EFF 
           _XDATA0_START           00000001 
           _IXDATA0_END            00001EFF 
           _IXDATA0_START          00000001 
           _PDATA0_END             00001EFF 
           _PDATA0_START           00001E00 
           _IDATA0_END             000000FF 
           _IDATA0_START           00000000 
    *************************************************************************

  FILE NAME : E:\Neocore\Hardware\PRG Transmiter\Debug\Obj\action_manager.r51
  PROGRAM MODULE, NAME : action_manager

  SEGMENTS IN THE MODULE
  ======================
SFR_AN
  Relative segment, address: DATA 00000086 - 00000086 (0x1 bytes), align: 0
  Segment part 1. ROOT        Intra module refs:   putchar
                                                   uart_init
           ENTRY                   ADDRESS         REF BY
           =====                   =======         ======
           U0CSR                   00000086 
    -------------------------------------------------------------------------
SFR_AN
  Relative segment, address: DATA 00000087 - 00000087 (0x1 bytes), align: 0
  Segment part 2. ROOT        Intra module refs:   mcu_sleep
           ENTRY                   ADDRESS         REF BY
           =====                   =======         ======
           PCON                    00000087 
    -------------------------------------------------------------------------
SFR_AN
  Relative segment, address: DATA 00000090 - 00000090 (0x1 bytes), align: 0
  Segment part 3. ROOT        Intra module refs:   HW_Init
                                                   mode_1_receive_process
                                                   mode_2_process
           ENTRY                   ADDRESS         REF BY
           =====                   =======         ======
           _A_P1                   00000090 
           LOCAL                   ADDRESS         
           =====                   =======         
           P1                      00000090 
    -------------------------------------------------------------------------
SFR_AN
  Relative segment, address: DATA 00000091 - 00000091 (0x1 bytes), align: 0
  Segment part 4. ROOT        Intra module refs:   SendData
           ENTRY                   ADDRESS         REF BY
           =====                   =======         ======
           RFIRQF1                 00000091 
    -------------------------------------------------------------------------
SFR_AN
  Relative segment, address: DATA 00000094 - 00000094 (0x1 bytes), align: 0
  Segment part 5. ROOT        Intra module refs:   HW_Init
           ENTRY                   ADDRESS         REF BY
           =====                   =======         ======
           T2CTRL                  00000094 
    -------------------------------------------------------------------------
SFR_AN
  Relative segment, address: DATA 00000095 - 00000095 (0x1 bytes), align: 0
  Segment part 6. ROOT        Intra module refs:   AT_wait
                                                   ReadTimer
                                                   loadTimerCompare
           ENTRY                   ADDRESS         REF BY
           =====                   =======         ======
           ST0                     00000095 
    -------------------------------------------------------------------------
SFR_AN
  Relative segment, address: DATA 00000096 - 00000096 (0x1 bytes), align: 0
  Segment part 7. ROOT        Intra module refs:   AT_wait
                                                   ReadTimer
                                                   loadTimerCompare
           ENTRY                   ADDRESS         REF BY
           =====                   =======         ======
           ST1                     00000096 
    -------------------------------------------------------------------------
SFR_AN
  Relative segment, address: DATA 00000097 - 00000097 (0x1 bytes), align: 0
  Segment part 8. ROOT        Intra module refs:   AT_wait
                                                   ReadTimer
                                                   loadTimerCompare
           ENTRY                   ADDRESS         REF BY
           =====                   =======         ======
           ST2                     00000097 
    -------------------------------------------------------------------------
SFR_AN
  Relative segment, address: DATA 0000009D - 0000009D (0x1 bytes), align: 0
  Segment part 9. ROOT        Intra module refs:   AT_wait
                                                   ReadTimer
           ENTRY                   ADDRESS         REF BY
           =====                   =======         ======
           SLEEPSTA                0000009D 
    -------------------------------------------------------------------------
SFR_AN
  Relative segment, address: DATA 0000009E - 0000009E (0x1 bytes), align: 0
  Segment part 10. ROOT       Intra module refs:   HW_Init
           ENTRY                   ADDRESS         REF BY
           =====                   =======         ======
           CLKCONSTA               0000009E 
    -------------------------------------------------------------------------
SFR_AN
  Relative segment, address: DATA 000000A2 - 000000A2 (0x1 bytes), align: 0
  Segment part 11. ROOT       Intra module refs:   UST_now
           ENTRY                   ADDRESS         REF BY
           =====                   =======         ======
           T2M0                    000000A2 
    -------------------------------------------------------------------------
SFR_AN
  Relative segment, address: DATA 000000A3 - 000000A3 (0x1 bytes), align: 0
  Segment part 12. ROOT       Intra module refs:   UST_now
           ENTRY                   ADDRESS         REF BY
           =====                   =======         ======
           T2M1                    000000A3 
    -------------------------------------------------------------------------
SFR_AN
  Relative segment, address: DATA 000000A4 - 000000A4 (0x1 bytes), align: 0
  Segment part 13. ROOT       Intra module refs:   UST_now
           ENTRY                   ADDRESS         REF BY
           =====                   =======         ======
           T2MOVF0                 000000A4 
    -------------------------------------------------------------------------
SFR_AN
  Relative segment, address: DATA 000000A5 - 000000A5 (0x1 bytes), align: 0
  Segment part 14. ROOT       Intra module refs:   UST_now
           ENTRY                   ADDRESS         REF BY
           =====                   =======         ======
           T2MOVF1                 000000A5 
    -------------------------------------------------------------------------
SFR_AN
  Relative segment, address: DATA 000000A8 - 000000A8 (0x1 bytes), align: 0
  Segment part 15. ROOT       Intra module refs:   AT_enable
                                                   HW_Init
                                                   IRQEnable
                                                   SL_alloc
                                                   SL_free
                                                   SL_set_rx
                                                   SL_set_tx
                                                   TM_IRQ
                                                   __cli
                                                   isIRQEnable
           ENTRY                   ADDRESS         REF BY
           =====                   =======         ======
           _A_IEN0                 000000A8 
           LOCAL                   ADDRESS         
           =====                   =======         
           IEN0                    000000A8 
    -------------------------------------------------------------------------
SFR_AN
  Relative segment, address: DATA 000000AD - 000000AD (0x1 bytes), align: 0
  Segment part 16. ROOT       Intra module refs:   loadTimerCompare
           ENTRY                   ADDRESS         REF BY
           =====                   =======         ======
           STLOAD                  000000AD 
    -------------------------------------------------------------------------
SFR_AN
  Relative segment, address: DATA 000000B3 - 000000B3 (0x1 bytes), align: 0
  Segment part 17. ROOT       Intra module refs:   AES_StreamCoder
           ENTRY                   ADDRESS         REF BY
           =====                   =======         ======
           ENCCS                   000000B3 
    -------------------------------------------------------------------------
SFR_AN
  Relative segment, address: DATA 000000BE - 000000BE (0x1 bytes), align: 0
  Segment part 18. ROOT       Intra module refs:   mcu_sleep
           ENTRY                   ADDRESS         REF BY
           =====                   =======         ======
           SLEEPCMD                000000BE 
    -------------------------------------------------------------------------
SFR_AN
  Relative segment, address: DATA 000000C0 - 000000C0 (0x1 bytes), align: 0
  Segment part 19. ROOT       Intra module refs:   TimerCompareInterrupt
           ENTRY                   ADDRESS         REF BY
           =====                   =======         ======
           _A_IRCON                000000C0 
           LOCAL                   ADDRESS         
           =====                   =======         
           IRCON                   000000C0 
    -------------------------------------------------------------------------
SFR_AN
  Relative segment, address: DATA 000000C1 - 000000C1 (0x1 bytes), align: 0
  Segment part 20. ROOT       Intra module refs:   putchar
           ENTRY                   ADDRESS         REF BY
           =====                   =======         ======
           U0DBUF                  000000C1 
    -------------------------------------------------------------------------
SFR_AN
  Relative segment, address: DATA 000000C2 - 000000C2 (0x1 bytes), align: 0
  Segment part 21. ROOT       Intra module refs:   uart_init
           ENTRY                   ADDRESS         REF BY
           =====                   =======         ======
           U0BAUD                  000000C2 
    -------------------------------------------------------------------------
SFR_AN
  Relative segment, address: DATA 000000C5 - 000000C5 (0x1 bytes), align: 0
  Segment part 22. ROOT       Intra module refs:   uart_init
           ENTRY                   ADDRESS         REF BY
           =====                   =======         ======
           U0GCR                   000000C5 
    -------------------------------------------------------------------------
SFR_AN
  Relative segment, address: DATA 000000C6 - 000000C6 (0x1 bytes), align: 0
  Segment part 23. ROOT       Intra module refs:   HW_Init
           ENTRY                   ADDRESS         REF BY
           =====                   =======         ======
           CLKCONCMD               000000C6 
    -------------------------------------------------------------------------
SFR_AN
  Relative segment, address: DATA 000000D2 - 000000D2 (0x1 bytes), align: 0
  Segment part 24. ROOT       Intra module refs:   HW_Init
           ENTRY                   ADDRESS         REF BY
           =====                   =======         ======
           DMA1CFGL                000000D2 
    -------------------------------------------------------------------------
SFR_AN
  Relative segment, address: DATA 000000D3 - 000000D3 (0x1 bytes), align: 0
  Segment part 25. ROOT       Intra module refs:   HW_Init
           ENTRY                   ADDRESS         REF BY
           =====                   =======         ======
           DMA1CFGH                000000D3 
    -------------------------------------------------------------------------
SFR_AN
  Relative segment, address: DATA 000000D4 - 000000D4 (0x1 bytes), align: 0
  Segment part 26. ROOT       Intra module refs:   HW_Init
           ENTRY                   ADDRESS         REF BY
           =====                   =======         ======
           DMA0CFGL                000000D4 
    -------------------------------------------------------------------------
SFR_AN
  Relative segment, address: DATA 000000D5 - 000000D5 (0x1 bytes), align: 0
  Segment part 27. ROOT       Intra module refs:   HW_Init
           ENTRY                   ADDRESS         REF BY
           =====                   =======         ======
           DMA0CFGH                000000D5 
    -------------------------------------------------------------------------
SFR_AN
  Relative segment, address: DATA 000000D6 - 000000D6 (0x1 bytes), align: 0
  Segment part 28. ROOT       Intra module refs:   AES_StreamCoder
                                                   uart_recv_cmd
           ENTRY                   ADDRESS         REF BY
           =====                   =======         ======
           DMAARM                  000000D6 
    -------------------------------------------------------------------------
SFR_AN
  Relative segment, address: DATA 000000D7 - 000000D7 (0x1 bytes), align: 0
  Segment part 29. ROOT       Intra module refs:   AES_StreamCoder
           ENTRY                   ADDRESS         REF BY
           =====                   =======         ======
           DMAREQ                  000000D7 
    -------------------------------------------------------------------------
SFR_AN
  Relative segment, address: DATA 000000D9 - 000000D9 (0x1 bytes), align: 0
  Segment part 30. ROOT       Intra module refs:   LoadTXData
                                                   UnLoadRXData
           ENTRY                   ADDRESS         REF BY
           =====                   =======         ======
           RFD                     000000D9 
    -------------------------------------------------------------------------
SFR_AN
  Relative segment, address: DATA 000000E1 - 000000E1 (0x1 bytes), align: 0
  Segment part 31. ROOT       Intra module refs:   LoadTXData
                                                   RI_Measure_POW
                                                   RecvData
                                                   SendData
                                                   random_core_init
           ENTRY                   ADDRESS         REF BY
           =====                   =======         ======
           RFST                    000000E1 
    -------------------------------------------------------------------------
SFR_AN
  Relative segment, address: DATA 000000E9 - 000000E9 (0x1 bytes), align: 0
  Segment part 32. ROOT       Intra module refs:   RecvData
                                                   SendData
           ENTRY                   ADDRESS         REF BY
           =====                   =======         ======
           RFIRQF0                 000000E9 
    -------------------------------------------------------------------------
SFR_AN
  Relative segment, address: DATA 000000F1 - 000000F1 (0x1 bytes), align: 0
  Segment part 33. ROOT       Intra module refs:   com_uart_init
                                                   uart_init
           ENTRY                   ADDRESS         REF BY
           =====                   =======         ======
           PERCFG                  000000F1 
    -------------------------------------------------------------------------
SFR_AN
  Relative segment, address: DATA 000000F3 - 000000F3 (0x1 bytes), align: 0
  Segment part 34. ROOT       Intra module refs:   uart_init
           ENTRY                   ADDRESS         REF BY
           =====                   =======         ======
           P0SEL                   000000F3 
    -------------------------------------------------------------------------
SFR_AN
  Relative segment, address: DATA 000000F4 - 000000F4 (0x1 bytes), align: 0
  Segment part 35. ROOT       Intra module refs:   com_uart_init
           ENTRY                   ADDRESS         REF BY
           =====                   =======         ======
           P1SEL                   000000F4 
    -------------------------------------------------------------------------
SFR_AN
  Relative segment, address: DATA 000000F8 - 000000F8 (0x1 bytes), align: 0
  Segment part 36. ROOT       Intra module refs:   com_uart_init
                                                   uart_putchar
           ENTRY                   ADDRESS         REF BY
           =====                   =======         ======
           _A_U1CSR                000000F8 
           LOCAL                   ADDRESS         
           =====                   =======         
           U1CSR                   000000F8 
    -------------------------------------------------------------------------
SFR_AN
  Relative segment, address: DATA 000000F9 - 000000F9 (0x1 bytes), align: 0
  Segment part 37. ROOT       Intra module refs:   uart_putchar
           ENTRY                   ADDRESS         REF BY
           =====                   =======         ======
           U1DBUF                  000000F9 
    -------------------------------------------------------------------------
SFR_AN
  Relative segment, address: DATA 000000FA - 000000FA (0x1 bytes), align: 0
  Segment part 38. ROOT       Intra module refs:   com_uart_init
           ENTRY                   ADDRESS         REF BY
           =====                   =======         ======
           U1BAUD                  000000FA 
    -------------------------------------------------------------------------
SFR_AN
  Relative segment, address: DATA 000000FC - 000000FC (0x1 bytes), align: 0
  Segment part 39. ROOT       Intra module refs:   com_uart_init
           ENTRY                   ADDRESS         REF BY
           =====                   =======         ======
           U1GCR                   000000FC 
    -------------------------------------------------------------------------
SFR_AN
  Relative segment, address: DATA 000000FE - 000000FE (0x1 bytes), align: 0
  Segment part 40. ROOT       Intra module refs:   HW_Init
           ENTRY                   ADDRESS         REF BY
           =====                   =======         ======
           P1DIR                   000000FE 
    -------------------------------------------------------------------------
XDATA_I
  Relative segment, address: XDATA 000012A8 - 000012AD (0x6 bytes), align: 0
  Segment part 234.           Intra module refs:   AM_Cold_start
           LOCAL                   ADDRESS         
           =====                   =======         
           COLD_MOD                000012A8 
    -------------------------------------------------------------------------
XDATA_I
  Relative segment, address: XDATA 000012AE - 000012B5 (0x8 bytes), align: 0
  Segment part 236.           Intra module refs:   AM_Hot_start
           LOCAL                   ADDRESS         
           =====                   =======         
           HOT_MOD                 000012AE 
    -------------------------------------------------------------------------
XDATA_I
  Relative segment, address: XDATA 000012B6 - 000012C5 (0x10 bytes), align: 0
  Segment part 238.           Intra module refs:   AM_HW_Init
           LOCAL                   ADDRESS         
           =====                   =======         
           HW_MOD                  000012B6 
    -------------------------------------------------------------------------
XDATA_I
  Relative segment, address: XDATA 000012C6 - 000012D3 (0xe bytes), align: 0
  Segment part 240.           Intra module refs:   AM_SW_Init
           LOCAL                   ADDRESS         
           =====                   =======         
           SW_MOD                  000012C6 
    -------------------------------------------------------------------------
XDATA_I
  Relative segment, address: XDATA 000012D4 - 000012D7 (0x4 bytes), align: 0
  Segment part 242.           Intra module refs:   AM_IRQ_Init
           LOCAL                   ADDRESS         
           =====                   =======         
           IRQ_MOD                 000012D4 
    -------------------------------------------------------------------------
XDATA_Z
  Relative segment, address: XDATA 00000301 - 00000302 (0x2 bytes), align: 0
  Segment part 244.           Intra module refs:   AM_Callback
           LOCAL                   ADDRESS         
           =====                   =======         
           CALLBACK                00000301 
    -------------------------------------------------------------------------
<BANKED_CODE> 1 (was BANKED_CODE)
  Relative segment, address: CODE 00001D45 - 00001D97 (0x53 bytes), align: 0
  Segment part 317.           Intra module refs:   AM_Callback::?relay
           ENTRY                   ADDRESS         REF BY
           =====                   =======         ======
           AM_Callback             00001D45 
               calls direct
               XSTACK = 00000000 ( 0000000C )
    -------------------------------------------------------------------------
<BANKED_CODE> 1 (was BANKED_CODE)
  Relative segment, address: CODE 00001D98 - 00001E55 (0xbe bytes), align: 0
  Segment part 319.           Intra module refs:   AM_Cold_start::?relay
           ENTRY                   ADDRESS         REF BY
           =====                   =======         ======
           AM_Cold_start           00001D98 
               calls direct
               XSTACK = 00000009 ( 0000000C )
    -------------------------------------------------------------------------
<BANKED_CODE> 1 (was BANKED_CODE)
  Relative segment, address: CODE 00001E56 - 00001F13 (0xbe bytes), align: 0
  Segment part 321.           Intra module refs:   AM_Hot_start::?relay
           ENTRY                   ADDRESS         REF BY
           =====                   =======         ======
           AM_Hot_start            00001E56 
               calls direct
               XSTACK = 00000009 ( 0000000C )
    -------------------------------------------------------------------------
<BANKED_CODE> 1 (was BANKED_CODE)
  Relative segment, address: CODE 00001F14 - 00001FC5 (0xb2 bytes), align: 0
  Segment part 323.           Intra module refs:   AM_HW_Init::?relay
           ENTRY                   ADDRESS         REF BY
           =====                   =======         ======
           AM_HW_Init              00001F14 
               calls direct
               XSTACK = 0000000A ( 0000000C )
    -------------------------------------------------------------------------
<BANKED_CODE> 1 (was BANKED_CODE)
  Relative segment, address: CODE 00001FC6 - 0000207B (0xb6 bytes), align: 0
  Segment part 325.           Intra module refs:   AM_SW_Init::?relay
           ENTRY                   ADDRESS         REF BY
           =====                   =======         ======
           AM_SW_Init              00001FC6 
               calls direct
               XSTACK = 0000000A ( 0000000C )
    -------------------------------------------------------------------------
<BANKED_CODE> 1 (was BANKED_CODE)
  Relative segment, address: CODE 0000207C - 00002135 (0xba bytes), align: 0
  Segment part 327.           Intra module refs:   AM_IRQ_Init::?relay
           ENTRY                   ADDRESS         REF BY
           =====                   =======         ======
           AM_IRQ_Init             0000207C 
               calls direct
               XSTACK = 00000000 ( 0000000C )
    -------------------------------------------------------------------------
<BANKED_CODE> 1 (was BANKED_CODE)
  Relative segment, address: CODE 00002136 - 0000213C (0x7 bytes), align: 0
  Segment part 329.           Intra module refs:   __cli::?relay
           LOCAL                   ADDRESS         
           =====                   =======         
           __cli                   00002136 
               XSTACK = 00000009 ( 00000000 )
    -------------------------------------------------------------------------
XDATA_I
  Relative segment, address: XDATA 000012D8 - 000012E1 (0xa bytes), align: 0
  Segment part 245.           Intra module refs:   Segment part 239
           ENTRY                   ADDRESS         REF BY
           =====                   =======         ======
           AT_MODULE               000012D8 
    -------------------------------------------------------------------------
XDATA_Z
  Relative segment, address: XDATA 00000303 - 00000304 (0x2 bytes), align: 0
  Segment part 247.           Intra module refs:   AT_set_time
                                                   AT_time
                                                   AT_wait
                                                   HW_Init
                                                   calcCompareTime
           LOCAL                   ADDRESS         
           =====                   =======         
           TOFFSET                 00000303 
    -------------------------------------------------------------------------
XDATA_Z
  Relative segment, address: XDATA 00000305 - 00000308 (0x4 bytes), align: 0
  Segment part 248.           Intra module refs:   AT_set_alarm
                                                   AT_set_time
                                                   HW_Init
           LOCAL                   ADDRESS         
           =====                   =======         
           COMPARE_TIME            00000305 
    -------------------------------------------------------------------------
<BANKED_CODE> 1 (was BANKED_CODE)
  Relative segment, address: CODE 0000213D - 00002168 (0x2c bytes), align: 0
  Segment part 331.           Intra module refs:   HW_Init::?relay
           LOCAL                   ADDRESS         
           =====                   =======         
           HW_Init                 0000213D 
               calls direct, is indirectly called
               ISTACK = 00000000 ( 00000002 )
    -------------------------------------------------------------------------
<BANKED_CODE> 1 (was BANKED_CODE)
  Relative segment, address: CODE 00002169 - 00002193 (0x2b bytes), align: 0
  Segment part 333.           Intra module refs:   AT_enable::?relay
           ENTRY                   ADDRESS         REF BY
           =====                   =======         ======
           AT_enable               00002169 
               calls direct
               XSTACK = 00000009 ( 00000009 )
    -------------------------------------------------------------------------
<BANKED_CODE> 1 (was BANKED_CODE)
  Relative segment, address: CODE 00002194 - 000021B5 (0x22 bytes), align: 0
  Segment part 335.           Intra module refs:   AT_interval::?relay
           ENTRY                   ADDRESS         REF BY
           =====                   =======         ======
           AT_interval             00002194 
               XSTACK = 0000000E ( 00000000 )
    -------------------------------------------------------------------------
<BANKED_CODE> 1 (was BANKED_CODE)
  Relative segment, address: CODE 000021B6 - 0000223D (0x88 bytes), align: 0
  Segment part 337.           Intra module refs:   AT_set_time::?relay
           ENTRY                   ADDRESS         REF BY
           =====                   =======         ======
           AT_set_time             000021B6 
               calls direct
               XSTACK = 0000000E ( 00000010 )
    -------------------------------------------------------------------------
<BANKED_CODE> 1 (was BANKED_CODE)
  Relative segment, address: CODE 0000223E - 00002274 (0x37 bytes), align: 0
  Segment part 339.           Intra module refs:   AT_time::?relay
           ENTRY                   ADDRESS         REF BY
           =====                   =======         ======
           AT_time                 0000223E 
               calls direct
               XSTACK = 00000043 ( 00000010 )
    -------------------------------------------------------------------------
<BANKED_CODE> 1 (was BANKED_CODE)
  Relative segment, address: CODE 00002275 - 0000231E (0xaa bytes), align: 0
  Segment part 341.           Intra module refs:   AT_wait::?relay
           ENTRY                   ADDRESS         REF BY
           =====                   =======         ======
           AT_wait                 00002275 
               calls direct
               XSTACK = 0000003F ( 0000000E )
    -------------------------------------------------------------------------
XDATA_Z
  Relative segment, address: XDATA 00000309 - 0000030C (0x4 bytes), align: 0
  Segment part 249.           Intra module refs:   AT_wait
           LOCAL                   ADDRESS         
           =====                   =======         
           AT_wait::val            00000309 
    -------------------------------------------------------------------------
<BANKED_CODE> 1 (was BANKED_CODE)
  Relative segment, address: CODE 0000231F - 0000232F (0x11 bytes), align: 0
  Segment part 343.           Intra module refs:   IRQEnable::?relay
           LOCAL                   ADDRESS         
           =====                   =======         
           IRQEnable               0000231F 
               XSTACK = 0000000F ( 00000000 )
    -------------------------------------------------------------------------
<BANKED_CODE> 1 (was BANKED_CODE)
  Relative segment, address: CODE 00002330 - 000023A9 (0x7a bytes), align: 0
  Segment part 345.           Intra module refs:   AT_set_alarm::?relay
           ENTRY                   ADDRESS         REF BY
           =====                   =======         ======
           AT_set_alarm            00002330 
               calls direct
               XSTACK = 0000000E ( 0000000E )
    -------------------------------------------------------------------------
<BANKED_CODE> 1 (was BANKED_CODE)
  Relative segment, address: CODE 000023AA - 00002466 (0xbd bytes), align: 0
  Segment part 347.           Intra module refs:   calcCompareTime::?relay
           LOCAL                   ADDRESS         
           =====                   =======         
           calcCompareTime         000023AA 
               calls direct
               XSTACK = 0000000C ( 00000016 )
               ISTACK = 00000000 ( 00000002 )
    -------------------------------------------------------------------------
<BANKED_CODE> 1 (was BANKED_CODE)
  Relative segment, address: CODE 00002467 - 000024A1 (0x3b bytes), align: 0
  Segment part 349.           Intra module refs:   ReadTimer::?relay
           LOCAL                   ADDRESS         
           =====                   =======         
           ReadTimer               00002467 
               XSTACK = 00000016 ( 00000000 )
               ISTACK = 00000000 ( 00000002 )
    -------------------------------------------------------------------------
XDATA_Z
  Relative segment, address: XDATA 0000030D - 00000310 (0x4 bytes), align: 0
  Segment part 250.           Intra module refs:   ReadTimer
           LOCAL                   ADDRESS         
           =====                   =======         
           ReadTimer::ret_val      0000030D 
    -------------------------------------------------------------------------
<BANKED_CODE> 1 (was BANKED_CODE)
  Relative segment, address: CODE 000024A2 - 000024E7 (0x46 bytes), align: 0
  Segment part 351.           Intra module refs:   loadTimerCompare::?relay
           LOCAL                   ADDRESS         
           =====                   =======         
           loadTimerCompare        000024A2 
               XSTACK = 0000000C ( 00000010 )
    -------------------------------------------------------------------------
<BANKED_CODE> 1 (was BANKED_CODE)
  Relative segment, address: CODE 000024E8 - 000024EC (0x5 bytes), align: 0
  Segment part 353.           Intra module refs:   isIRQEnable::?relay
           LOCAL                   ADDRESS         
           =====                   =======         
           isIRQEnable             000024E8 
               XSTACK = 0000000E ( 00000000 )
    -------------------------------------------------------------------------
NEAR_CODE
  Relative segment, address: CODE 00001D16 - 00001D3A (0x25 bytes), align: 0
  Segment part 671.           Intra module refs:   TimerCompareInterrupt::??INTVEC 43
           ENTRY                   ADDRESS         REF BY
           =====                   =======         ======
           TimerCompareInterrupt   00001D16 
               interrupt function
               calls direct
               XSTACK = 00000000 ( 0000000F )
    -------------------------------------------------------------------------
<BANKED_CODE> 1 (was BANKED_CODE)
  Relative segment, address: CODE 000024ED - 00002592 (0xa6 bytes), align: 0
  Segment part 355.           Intra module refs:   cmd_0x00::?relay
           ENTRY                   ADDRESS         REF BY
           =====                   =======         ======
           cmd_0x00                000024ED 
               calls direct, is indirectly called
               XSTACK = 00000000 ( 0000000F )
    -------------------------------------------------------------------------
<BANKED_CODE> 1 (was BANKED_CODE)
  Relative segment, address: CODE 00002593 - 0000260E (0x7c bytes), align: 0
  Segment part 357.           Intra module refs:   cmd_0x01::?relay
           ENTRY                   ADDRESS         REF BY
           =====                   =======         ======
           cmd_0x01                00002593 
               calls direct, is indirectly called
               XSTACK = 00000000 ( 00000010 )
    -------------------------------------------------------------------------
<BANKED_CODE> 1 (was BANKED_CODE)
  Relative segment, address: CODE 0000260F - 0000265E (0x50 bytes), align: 0
  Segment part 359.           Intra module refs:   cmd_0x02::?relay
           ENTRY                   ADDRESS         REF BY
           =====                   =======         ======
           cmd_0x02                0000260F 
               calls direct, is indirectly called
               XSTACK = 00000000 ( 0000000C )
    -------------------------------------------------------------------------
<BANKED_CODE> 1 (was BANKED_CODE)
  Relative segment, address: CODE 0000265F - 00002719 (0xbb bytes), align: 0
  Segment part 361.           Intra module refs:   cmd_0x03::?relay
           ENTRY                   ADDRESS         REF BY
           =====                   =======         ======
           cmd_0x03                0000265F 
               calls direct, is indirectly called
               XSTACK = 00000000 ( 00000010 )
    -------------------------------------------------------------------------
<BANKED_CODE> 1 (was BANKED_CODE)
  Relative segment, address: CODE 0000271A - 000027A8 (0x8f bytes), align: 0
  Segment part 363.           Intra module refs:   cmd_0x04::?relay
           ENTRY                   ADDRESS         REF BY
           =====                   =======         ======
           cmd_0x04                0000271A 
               calls direct, is indirectly called
               XSTACK = 00000000 ( 00000010 )
    -------------------------------------------------------------------------
<BANKED_CODE> 1 (was BANKED_CODE)
  Relative segment, address: CODE 000027A9 - 00002837 (0x8f bytes), align: 0
  Segment part 365.           Intra module refs:   cmd_0x05::?relay
           ENTRY                   ADDRESS         REF BY
           =====                   =======         ======
           cmd_0x05                000027A9 
               calls direct, is indirectly called
               XSTACK = 00000000 ( 00000010 )
    -------------------------------------------------------------------------
<BANKED_CODE> 1 (was BANKED_CODE)
  Relative segment, address: CODE 00002838 - 00002896 (0x5f bytes), align: 0
  Segment part 367.           Intra module refs:   cmd_0x06::?relay
           ENTRY                   ADDRESS         REF BY
           =====                   =======         ======
           cmd_0x06                00002838 
               calls direct, is indirectly called
               XSTACK = 00000000 ( 0000000E )
    -------------------------------------------------------------------------
<BANKED_CODE> 1 (was BANKED_CODE)
  Relative segment, address: CODE 00002897 - 00002919 (0x83 bytes), align: 0
  Segment part 369.           Intra module refs:   cmd_0x07::?relay
           ENTRY                   ADDRESS         REF BY
           =====                   =======         ======
           cmd_0x07                00002897 
               calls direct, is indirectly called
               XSTACK = 00000000 ( 00000010 )
    -------------------------------------------------------------------------
<BANKED_CODE> 1 (was BANKED_CODE)
  Relative segment, address: CODE 0000291A - 00002995 (0x7c bytes), align: 0
  Segment part 371.           Intra module refs:   cmd_0x08::?relay
           ENTRY                   ADDRESS         REF BY
           =====                   =======         ======
           cmd_0x08                0000291A 
               calls direct, is indirectly called
               XSTACK = 00000000 ( 00000010 )
    -------------------------------------------------------------------------
<BANKED_CODE> 1 (was BANKED_CODE)
  Relative segment, address: CODE 00002996 - 00002A1D (0x88 bytes), align: 0
  Segment part 373.           Intra module refs:   cmd_0x09::?relay
           ENTRY                   ADDRESS         REF BY
           =====                   =======         ======
           cmd_0x09                00002996 
               calls direct, is indirectly called
               XSTACK = 00000000 ( 0000000F )
               ISTACK = 00000000 ( 00000001 )
    -------------------------------------------------------------------------
<BANKED_CODE> 1 (was BANKED_CODE)
  Relative segment, address: CODE 00002A1E - 00002AA5 (0x88 bytes), align: 0
  Segment part 375.           Intra module refs:   cmd_0x0A::?relay
           ENTRY                   ADDRESS         REF BY
           =====                   =======         ======
           cmd_0x0A                00002A1E 
               calls direct, is indirectly called
               XSTACK = 00000000 ( 0000000F )
               ISTACK = 00000000 ( 00000001 )
    -------------------------------------------------------------------------
<BANKED_CODE> 1 (was BANKED_CODE)
  Relative segment, address: CODE 00002AA6 - 00002C5D (0x1b8 bytes), align: 0
  Segment part 377.           Intra module refs:   cmd_0x0B::?relay
           ENTRY                   ADDRESS         REF BY
           =====                   =======         ======
           cmd_0x0B                00002AA6 
               calls direct, is indirectly called
               XSTACK = 00000000 ( 00000019 )
    -------------------------------------------------------------------------
CODE_C
  Relative segment, address: CODE 00001418 - 0000141C (0x5 bytes), align: 0
  Segment part 251.           Intra module refs:   cmd_0x0B
    -------------------------------------------------------------------------
XDATA_Z
  Relative segment, address: XDATA 00000311 - 000003A5 (0x95 bytes), align: 0
  Segment part 252.           Intra module refs:   upload_frame
           LOCAL                   ADDRESS         
           =====                   =======         
           upload                  00000311 
    -------------------------------------------------------------------------
<BANKED_CODE> 1 (was BANKED_CODE)
  Relative segment, address: CODE 00002C5E - 00002CF0 (0x93 bytes), align: 0
  Segment part 379.           Intra module refs:   cmd_0x0C::?relay
           ENTRY                   ADDRESS         REF BY
           =====                   =======         ======
           cmd_0x0C                00002C5E 
               calls direct, is indirectly called
               XSTACK = 00000000 ( 00000010 )
    -------------------------------------------------------------------------
<BANKED_CODE> 1 (was BANKED_CODE)
  Relative segment, address: CODE 00002CF1 - 00002D41 (0x51 bytes), align: 0
  Segment part 381.           Intra module refs:   upload_frame::?relay
           LOCAL                   ADDRESS         
           =====                   =======         
           upload_frame            00002CF1 
               calls direct
               XSTACK = 0000000E ( 00000009 )
    -------------------------------------------------------------------------
<BANKED_CODE> 1 (was BANKED_CODE)
  Relative segment, address: CODE 00002D42 - 00002D73 (0x32 bytes), align: 0
  Segment part 383.           Intra module refs:   mem_move::?relay
           LOCAL                   ADDRESS         
           =====                   =======         
           mem_move                00002D42 
               XSTACK = 00000009 ( 00000009 )
               ISTACK = 00000000 ( 00000001 )
    -------------------------------------------------------------------------
<BANKED_CODE> 1 (was BANKED_CODE)
  Relative segment, address: CODE 00002D74 - 00002E26 (0xb3 bytes), align: 0
  Segment part 385.           Intra module refs:   cmd_0x0D::?relay
           ENTRY                   ADDRESS         REF BY
           =====                   =======         ======
           cmd_0x0D                00002D74 
               calls direct, is indirectly called
               XSTACK = 00000000 ( 00000011 )
    -------------------------------------------------------------------------
<BANKED_CODE> 1 (was BANKED_CODE)
  Relative segment, address: CODE 00002E27 - 00002EA2 (0x7c bytes), align: 0
  Segment part 387.           Intra module refs:   cmd_0x0E::?relay
           ENTRY                   ADDRESS         REF BY
           =====                   =======         ======
           cmd_0x0E                00002E27 
               calls direct, is indirectly called
               XSTACK = 00000000 ( 00000010 )
    -------------------------------------------------------------------------
<BANKED_CODE> 1 (was BANKED_CODE)
  Relative segment, address: CODE 00002EA3 - 00002F1E (0x7c bytes), align: 0
  Segment part 389.           Intra module refs:   cmd_0x0F::?relay
           ENTRY                   ADDRESS         REF BY
           =====                   =======         ======
           cmd_0x0F                00002EA3 
               calls direct, is indirectly called
               XSTACK = 00000000 ( 00000010 )
    -------------------------------------------------------------------------
<BANKED_CODE> 1 (was BANKED_CODE)
  Relative segment, address: CODE 00002F1F - 00002F9A (0x7c bytes), align: 0
  Segment part 391.           Intra module refs:   cmd_0x10::?relay
           ENTRY                   ADDRESS         REF BY
           =====                   =======         ======
           cmd_0x10                00002F1F 
               calls direct, is indirectly called
               XSTACK = 00000000 ( 00000010 )
    -------------------------------------------------------------------------
XDATA_I
  Relative segment, address: XDATA 000012E2 - 00001303 (0x22 bytes), align: 0
  Segment part 253.           Intra module refs:   parse_uart_stream
           LOCAL                   ADDRESS         
           =====                   =======         
           CMD_LIST                000012E2 
    -------------------------------------------------------------------------
<BANKED_CODE> 1 (was BANKED_CODE)
  Relative segment, address: CODE 00002F9B - 0000302E (0x94 bytes), align: 0
  Segment part 393.           Intra module refs:   parse_uart_stream::?relay
           ENTRY                   ADDRESS         REF BY
           =====                   =======         ======
           parse_uart_stream       00002F9B 
               calls direct
               XSTACK = 00000000 ( 0000000D )
    -------------------------------------------------------------------------
<BANKED_CODE> 1 (was BANKED_CODE)
  Relative segment, address: CODE 0000302F - 00003096 (0x68 bytes), align: 0
  Segment part 395.           Intra module refs:   cmd_answer::?relay
           ENTRY                   ADDRESS         REF BY
           =====                   =======         ======
           cmd_answer              0000302F 
               calls direct
               XSTACK = 00000017 ( 00000012 )
               ISTACK = 00000000 ( 00000001 )
    -------------------------------------------------------------------------
<BANKED_CODE> 1 (was BANKED_CODE)
  Relative segment, address: CODE 00003097 - 000030CE (0x38 bytes), align: 0
  Segment part 397.           Intra module refs:   cmd_answer_err::?relay
           ENTRY                   ADDRESS         REF BY
           =====                   =======         ======
           cmd_answer_err          00003097 
               calls direct
               XSTACK = 00000017 ( 0000000B )
               ISTACK = 00000000 ( 00000001 )
    -------------------------------------------------------------------------
<BANKED_CODE> 1 (was BANKED_CODE)
  Relative segment, address: CODE 000030CF - 00003163 (0x95 bytes), align: 0
  Segment part 399.           Intra module refs:   stream_write::?relay
           ENTRY                   ADDRESS         REF BY
           =====                   =======         ======
           stream_write            000030CF 
               calls direct
               XSTACK = 0000000B ( 00000011 )
               ISTACK = 00000000 ( 00000001 )
    -------------------------------------------------------------------------
<BANKED_CODE> 1 (was BANKED_CODE)
  Relative segment, address: CODE 00003164 - 00003170 (0xd bytes), align: 0
  Segment part 401.           Intra module refs:   check_cmd_frame::?relay
           LOCAL                   ADDRESS         
           =====                   =======         
           check_cmd_frame         00003164 
               XSTACK = 0000000D ( 00000000 )
    -------------------------------------------------------------------------
<BANKED_CODE> 1 (was BANKED_CODE)
  Relative segment, address: CODE 00003171 - 000031CD (0x5d bytes), align: 0
  Segment part 403.           Intra module refs:   crc16::?relay
           LOCAL                   ADDRESS         
           =====                   =======         
           crc16                   00003171 
               XSTACK = 00000012 ( 00000009 )
    -------------------------------------------------------------------------
XDATA_I
  Relative segment, address: XDATA 00001304 - 0000130D (0xa bytes), align: 0
  Segment part 255.           Intra module refs:   Segment part 239
           ENTRY                   ADDRESS         REF BY
           =====                   =======         ======
           CODER_MODULE            00001304 
    -------------------------------------------------------------------------
<BANKED_CODE> 1 (was BANKED_CODE)
  Relative segment, address: CODE 000031CE - 00003366 (0x199 bytes), align: 0
  Segment part 405.           Intra module refs:   HW_Init::?relay
           LOCAL                   ADDRESS         
           =====                   =======         
           HW_Init                 000031CE 
               calls direct, is indirectly called
               XSTACK = 00000000 ( 00000054 )
               ISTACK = 00000000 ( 00000002 )
    -------------------------------------------------------------------------
CODE_C
  Relative segment, address: CODE 0000141D - 00001421 (0x5 bytes), align: 0
  Segment part 258.           Intra module refs:   HW_Init
    -------------------------------------------------------------------------
CODE_C
  Relative segment, address: CODE 00001422 - 00001426 (0x5 bytes), align: 0
  Segment part 259.           Intra module refs:   HW_Init
    -------------------------------------------------------------------------
CODE_C
  Relative segment, address: CODE 00001427 - 0000142B (0x5 bytes), align: 0
  Segment part 260.           Intra module refs:   HW_Init
    -------------------------------------------------------------------------
CODE_C
  Relative segment, address: CODE 0000142C - 00001430 (0x5 bytes), align: 0
  Segment part 261.           Intra module refs:   HW_Init
    -------------------------------------------------------------------------
<BANKED_CODE> 1 (was BANKED_CODE)
  Relative segment, address: CODE 00003367 - 000035DE (0x278 bytes), align: 0
  Segment part 407.           Intra module refs:   AES_StreamCoder::?relay
           ENTRY                   ADDRESS         REF BY
           =====                   =======         ======
           AES_StreamCoder         00003367 
               calls direct
               XSTACK = 0000003F ( 0000002B )
    -------------------------------------------------------------------------
XDATA_I
  Relative segment, address: XDATA 0000130E - 00001317 (0xa bytes), align: 0
  Segment part 262.           Intra module refs:   Segment part 239
           ENTRY                   ADDRESS         REF BY
           =====                   =======         ======
           CPU_MODULE              0000130E 
    -------------------------------------------------------------------------
<BANKED_CODE> 1 (was BANKED_CODE)
  Relative segment, address: CODE 000035DF - 000035F5 (0x17 bytes), align: 0
  Segment part 419.           Intra module refs:   HW_Init::?relay
           LOCAL                   ADDRESS         
           =====                   =======         
           HW_Init                 000035DF 
               is indirectly called
    -------------------------------------------------------------------------
XDATA_I
  Relative segment, address: XDATA 00001318 - 00001321 (0xa bytes), align: 0
  Segment part 264.           Intra module refs:   Segment part 239
           ENTRY                   ADDRESS         REF BY
           =====                   =======         ======
           DBG_MODULE              00001318 
    -------------------------------------------------------------------------
<BANKED_CODE> 1 (was BANKED_CODE)
  Relative segment, address: CODE 000035F6 - 00003608 (0x13 bytes), align: 0
  Segment part 421.           Intra module refs:   HW_Init::?relay
           LOCAL                   ADDRESS         
           =====                   =======         
           HW_Init                 000035F6 
               calls direct, is indirectly called
               ISTACK = 00000000 ( 00000002 )
    -------------------------------------------------------------------------
<BANKED_CODE> 1 (was BANKED_CODE)
  Relative segment, address: CODE 00003609 - 0000360A (0x2 bytes), align: 0
  Segment part 423.           Intra module refs:   DBG_CORE_HALT::?relay
           ENTRY                   ADDRESS         REF BY
           =====                   =======         ======
           DBG_CORE_HALT           00003609 
               XSTACK = 0000003F ( 00000000 )
    -------------------------------------------------------------------------
<BANKED_CODE> 1 (was BANKED_CODE)
  Relative segment, address: CODE 0000360B - 00003621 (0x17 bytes), align: 0
  Segment part 427.           Intra module refs:   uart_init::?relay
           LOCAL                   ADDRESS         
           =====                   =======         
           uart_init               0000360B 
    -------------------------------------------------------------------------
NEAR_CODE
  Relative segment, address: CODE 00001D3B - 00001D44 (0xa bytes), align: 0
  Segment part 672.
           ENTRY                   ADDRESS         REF BY
           =====                   =======         ======
           putchar                 00001D3B        put_one_char (?printf_p)
    -------------------------------------------------------------------------
XDATA_I
  Relative segment, address: XDATA 00001322 - 0000132B (0xa bytes), align: 0
  Segment part 266.           Intra module refs:   Segment part 239
           ENTRY                   ADDRESS         REF BY
           =====                   =======         ======
           DMA_MODULE              00001322 
    -------------------------------------------------------------------------
XDATA_Z
  Relative segment, address: XDATA 000003A6 - 000003CD (0x28 bytes), align: 0
  Segment part 268.           Intra module refs:   AES_StreamCoder
                                                   HW_Init
                                                   uart_dma_init
           ENTRY                   ADDRESS         REF BY
           =====                   =======         ======
           DMA_CH                  000003A6 
    -------------------------------------------------------------------------
<BANKED_CODE> 1 (was BANKED_CODE)
  Relative segment, address: CODE 00003622 - 00003646 (0x25 bytes), align: 0
  Segment part 429.           Intra module refs:   HW_Init::?relay
           LOCAL                   ADDRESS         
           =====                   =======         
           HW_Init                 00003622 
               is indirectly called
    -------------------------------------------------------------------------
XDATA_I
  Relative segment, address: XDATA 0000132C - 00001335 (0xa bytes), align: 0
  Segment part 269.           Intra module refs:   Segment part 241
           ENTRY                   ADDRESS         REF BY
           =====                   =======         ======
           FR_MODULE               0000132C 
    -------------------------------------------------------------------------
<BANKED_CODE> 1 (was BANKED_CODE)
  Relative segment, address: CODE 00003647 - 00003649 (0x3 bytes), align: 0
  Segment part 431.           Intra module refs:   SW_Init::?relay
           LOCAL                   ADDRESS         
           =====                   =======         
           SW_Init                 00003647 
               is indirectly called
    -------------------------------------------------------------------------
<BANKED_CODE> 1 (was BANKED_CODE)
  Relative segment, address: CODE 0000364A - 00003657 (0xe bytes), align: 0
  Segment part 433.           Intra module refs:   FR_create::?relay
           ENTRY                   ADDRESS         REF BY
           =====                   =======         ======
           FR_create               0000364A 
               calls direct
               XSTACK = 00000024 ( 00000000 )
               ISTACK = 00000000 ( 00000002 )
    -------------------------------------------------------------------------
<BANKED_CODE> 1 (was BANKED_CODE)
  Relative segment, address: CODE 00003658 - 0000366C (0x15 bytes), align: 0
  Segment part 435.           Intra module refs:   FR_delete::?relay
           ENTRY                   ADDRESS         REF BY
           =====                   =======         ======
           FR_delete               00003658 
               calls direct
               XSTACK = 00000049 ( 00000009 )
    -------------------------------------------------------------------------
<BANKED_CODE> 1 (was BANKED_CODE)
  Relative segment, address: CODE 0000366D - 0000373F (0xd3 bytes), align: 0
  Segment part 437.           Intra module refs:   FR_add_header::?relay
           ENTRY                   ADDRESS         REF BY
           =====                   =======         ======
           FR_add_header           0000366D 
               calls direct
               XSTACK = 00000024 ( 00000017 )
               ISTACK = 00000000 ( 00000001 )
    -------------------------------------------------------------------------
<BANKED_CODE> 1 (was BANKED_CODE)
  Relative segment, address: CODE 00003740 - 00003754 (0x15 bytes), align: 0
  Segment part 441.           Intra module refs:   FR_set_rx::?relay
           ENTRY                   ADDRESS         REF BY
           =====                   =======         ======
           FR_set_rx               00003740 
               calls direct
               XSTACK = 0000000C ( 00000009 )
    -------------------------------------------------------------------------
<BANKED_CODE> 1 (was BANKED_CODE)
  Relative segment, address: CODE 00003755 - 00003769 (0x15 bytes), align: 0
  Segment part 443.           Intra module refs:   FR_set_tx::?relay
           ENTRY                   ADDRESS         REF BY
           =====                   =======         ======
           FR_set_tx               00003755 
               calls direct
               XSTACK = 0000000A ( 00000009 )
    -------------------------------------------------------------------------
<BANKED_CODE> 1 (was BANKED_CODE)
  Relative segment, address: CODE 0000376A - 00003777 (0xe bytes), align: 0
  Segment part 449.           Intra module refs:   FR_rx_frames::?relay
[...]
    -------------------------------------------------------------------------
CODE_C
  Relative segment, address: CODE 00001CB9 - 00001CC7 (0xf bytes), align: 0
  Segment part 6.             Intra module refs:   _formatted_write_P
    -------------------------------------------------------------------------
CODE_C
  Relative segment, address: CODE 00001CC8 - 00001CCB (0x4 bytes), align: 0
  Segment part 7.             Intra module refs:   _formatted_write_P
    -------------------------------------------------------------------------
CODE_C
  Relative segment, address: CODE 00001CCC - 00001CDC (0x11 bytes), align: 0
  Segment part 8.             Intra module refs:   _formatted_write_P
    -------------------------------------------------------------------------
CODE_C
  Relative segment, address: CODE 00001CDD - 00001CED (0x11 bytes), align: 0
  Segment part 9.             Intra module refs:   _formatted_write_P
    -------------------------------------------------------------------------
CODE_C
  Relative segment, address: CODE 00001CEE - 00001CF1 (0x4 bytes), align: 0
  Segment part 10.            Intra module refs:   float_conversion
           ENTRY                   ADDRESS         REF BY
           =====                   =======         ======
           __Constant_7f800000     00001CEE 
    -------------------------------------------------------------------------
CODE_C
  Relative segment, address: CODE 00001CF2 - 00001CF5 (0x4 bytes), align: 0
  Segment part 11.            Intra module refs:   float_conversion
           ENTRY                   ADDRESS         REF BY
           =====                   =======         ======
           __Constant_3f800000     00001CF2 
    -------------------------------------------------------------------------
CODE_C
  Relative segment, address: CODE 00001CF6 - 00001CF9 (0x4 bytes), align: 0
  Segment part 12.            Intra module refs:   _formatted_write_P
                                                   float_conversion
           ENTRY                   ADDRESS         REF BY
           =====                   =======         ======
           __Constant_0            00001CF6 
    -------------------------------------------------------------------------
CODE_C
  Relative segment, address: CODE 00001CFA - 00001CFD (0x4 bytes), align: 0
  Segment part 13.            Intra module refs:   float_conversion
           ENTRY                   ADDRESS         REF BY
           =====                   =======         ======
           __Constant_501502f9     00001CFA 
    -------------------------------------------------------------------------
CODE_C
  Relative segment, address: CODE 00001CFE - 00001D01 (0x4 bytes), align: 0
  Segment part 14.            Intra module refs:   float_conversion
           ENTRY                   ADDRESS         REF BY
           =====                   =======         ======
           __Constant_51ba43b7     00001CFE 
    -------------------------------------------------------------------------
CODE_C
  Relative segment, address: CODE 00001D02 - 00001D05 (0x4 bytes), align: 0
  Segment part 15.            Intra module refs:   float_conversion
           ENTRY                   ADDRESS         REF BY
           =====                   =======         ======
           __Constant_41200000     00001D02 
    -------------------------------------------------------------------------
CODE_C
  Relative segment, address: CODE 00001D06 - 00001D09 (0x4 bytes), align: 0
  Segment part 16.            Intra module refs:   float_conversion
           ENTRY                   ADDRESS         REF BY
           =====                   =======         ======
           __Constant_2edbe700     00001D06 
    -------------------------------------------------------------------------
CODE_C
  Relative segment, address: CODE 00001D0A - 00001D0D (0x4 bytes), align: 0
  Segment part 17.            Intra module refs:   float_conversion
           ENTRY                   ADDRESS         REF BY
           =====                   =======         ======
           __Constant_40a00000     00001D0A 

    -------------------------------------------------------------------------
  LIBRARY MODULE, NAME : ?memcpy

  SEGMENTS IN THE MODULE
  ======================
<BANKED_CODE> 1 (was BANKED_CODE)
  Relative segment, address: CODE 00006A0F - 00006A54 (0x46 bytes), align: 0
  Segment part 6.             Intra module refs:   memcpy::?relay
           ENTRY                   ADDRESS         REF BY
           =====                   =======         ======
           memcpy                  00006A0F 
               XSTACK = 00000002 ( 0000000A )
               ISTACK = 00000000 ( 00000001 )
    -------------------------------------------------------------------------
BANK_RELAYS
  Relative segment, address: CODE 0000055B - 00000560 (0x6 bytes), align: 0
  Segment part 7.
           ENTRY                   ADDRESS         REF BY
           =====                   =======         ======
           memcpy::?relay          0000055B        AES_StreamCoder (action_manager)
                                                   cmd_0x04 (action_manager)
                                                   cmd_0x05 (action_manager)

    -------------------------------------------------------------------------
  LIBRARY MODULE, NAME : ?memset

  SEGMENTS IN THE MODULE
  ======================
<BANKED_CODE> 1 (was BANKED_CODE)
  Relative segment, address: CODE 00006A55 - 00006A80 (0x2c bytes), align: 0
  Segment part 6.             Intra module refs:   memset::?relay
           ENTRY                   ADDRESS         REF BY
           =====                   =======         ======
           memset                  00006A55 
               XSTACK = 00000002 ( 00000000 )
               ISTACK = 00000000 ( 00000002 )
    -------------------------------------------------------------------------
BANK_RELAYS
  Relative segment, address: CODE 00000561 - 00000566 (0x6 bytes), align: 0
  Segment part 7.
           ENTRY                   ADDRESS         REF BY
           =====                   =======         ======
           memset::?relay          00000561        AES_StreamCoder (action_manager)

    -------------------------------------------------------------------------
  LIBRARY MODULE, NAME : ?printf_p

  SEGMENTS IN THE MODULE
  ======================
<BANKED_CODE> 1 (was BANKED_CODE)
  Relative segment, address: CODE 00006971 - 00006980 (0x10 bytes), align: 0
  Segment part 6.             Intra module refs:   put_one_char::?relay
           LOCAL                   ADDRESS         
           =====                   =======         
           put_one_char            00006971 
               calls direct, is indirectly called
               ISTACK = 00000000 ( 00000001 )
    -------------------------------------------------------------------------
<BANKED_CODE> 1 (was BANKED_CODE)
  Relative segment, address: CODE 00006981 - 000069C7 (0x47 bytes), align: 0
  Segment part 8.             Intra module refs:   printf_P::?relay
           ENTRY                   ADDRESS         REF BY
           =====                   =======         ======
           printf_P                00006981 
               calls direct
               XSTACK = 00000000 ( 00000010 )
    -------------------------------------------------------------------------
BANK_RELAYS
  Relative segment, address: CODE 00000567 - 0000056C (0x6 bytes), align: 0
  Segment part 7.             Intra module refs:   printf_P
           LOCAL                   ADDRESS         
           =====                   =======         
           put_one_char::?relay    00000567 
    -------------------------------------------------------------------------
BANK_RELAYS
  Relative segment, address: CODE 0000056D - 00000572 (0x6 bytes), align: 0
  Segment part 9.
           ENTRY                   ADDRESS         REF BY
           =====                   =======         ======
           printf_P::?relay        0000056D        AM_Callback (action_manager)
                                                   AM_Cold_start (action_manager)
                                                   AM_HW_Init (action_manager)
                                                   AM_Hot_start (action_manager)
                                                   AM_IRQ_Init (action_manager)
                                                   AM_SW_Init (action_manager)
                                                   AT_set_alarm (action_manager)
                                                   AT_set_time (action_manager)
                                                   AT_wait (action_manager)
                                                   Hot_Start (action_manager)
                                                   LLC_add_tx_frame (action_manager)
                                                   LLC_close_slot (action_manager)
                                                   LLC_open_slot (action_manager)
                                                   MAC_Receive (action_manager)
                                                   Neocore_start (action_manager)
                                                   RI_Receive (action_manager)
                                                   RI_Send (action_manager)
                                                   TM_ClrAlarm (action_manager)
                                                   TM_SetAlarm (action_manager)
                                                   _recv_frame (action_manager)
                                                   _send_frame (action_manager)
                                                   cmd_0x00 (action_manager)
                                                   cmd_0x01 (action_manager)
                                                   cmd_0x03 (action_manager)
                                                   cmd_0x04 (action_manager)
                                                   cmd_0x05 (action_manager)
                                                   cmd_0x06 (action_manager)
                                                   cmd_0x07 (action_manager)
                                                   cmd_0x08 (action_manager)
                                                   cmd_0x09 (action_manager)
                                                   cmd_0x0A (action_manager)
                                                   cmd_0x0B (action_manager)
                                                   cmd_0x0C (action_manager)
                                                   cmd_0x0D (action_manager)
                                                   cmd_0x0E (action_manager)
                                                   cmd_0x0F (action_manager)
                                                   cmd_0x10 (action_manager)
                                                   main (action_manager)
                                                   mode_1_process (action_manager)
                                                   mode_1_receive_process (action_manager)
                                                   pre_init (action_manager)
                                                   recv_sync (action_manager)
                                                   scheduler_rx (action_manager)
                                                   scheduler_tx (action_manager)
                                                   send_sync (action_manager)
                                                   setFreq (action_manager)
                                                   stream_write (action_manager)
                                                   syncronize_timer (action_manager)
                                                   transmite (action_manager)

    -------------------------------------------------------------------------
  LIBRARY MODULE, NAME : ?rand

  SEGMENTS IN THE MODULE
  ======================
XDATA_I
  Relative segment, address: XDATA 00001390 - 00001393 (0x4 bytes), align: 0
  Segment part 6.             Intra module refs:   rand
           ENTRY                   ADDRESS         REF BY
           =====                   =======         ======
           __next_rand             00001390        srand (?srand)
    -------------------------------------------------------------------------
<BANKED_CODE> 1 (was BANKED_CODE)
  Relative segment, address: CODE 000069C8 - 00006A0E (0x47 bytes), align: 0
  Segment part 10.            Intra module refs:   rand::?relay
           ENTRY                   ADDRESS         REF BY
           =====                   =======         ======
           rand                    000069C8 
               XSTACK = 00000000 ( 00000010 )
    -------------------------------------------------------------------------
XDATA_ID
  Relative segment, address: CODE 0000019D - 000001A0 (0x4 bytes), align: 0
  Segment part 7.             Intra module refs:   __next_rand
    -------------------------------------------------------------------------
CODE_C
  Relative segment, address: CODE 00001D0E - 00001D11 (0x4 bytes), align: 0
  Segment part 8.             Intra module refs:   rand
           ENTRY                   ADDRESS         REF BY
           =====                   =======         ======
           __Constant_41c64e6d     00001D0E 
    -------------------------------------------------------------------------
CODE_C
  Relative segment, address: CODE 00001D12 - 00001D15 (0x4 bytes), align: 0
  Segment part 9.             Intra module refs:   rand
           ENTRY                   ADDRESS         REF BY
           =====                   =======         ======
           __Constant_3039         00001D12 
    -------------------------------------------------------------------------
BANK_RELAYS
  Relative segment, address: CODE 00000573 - 00000578 (0x6 bytes), align: 0
  Segment part 11.
           ENTRY                   ADDRESS         REF BY
           =====                   =======         ======
           rand::?relay            00000573        _throw_dice (action_manager)
                                                   random_core_init (action_manager)

    -------------------------------------------------------------------------
  LIBRARY MODULE, NAME : ?srand

  SEGMENTS IN THE MODULE
  ======================
<BANKED_CODE> 1 (was BANKED_CODE)
  Relative segment, address: CODE 00006A81 - 00006A98 (0x18 bytes), align: 0
  Segment part 6.             Intra module refs:   srand::?relay
           ENTRY                   ADDRESS         REF BY
           =====                   =======         ======
           srand                   00006A81 
               ISTACK = 00000000 ( 00000002 )
    -------------------------------------------------------------------------
BANK_RELAYS
  Relative segment, address: CODE 00000579 - 0000057E (0x6 bytes), align: 0
  Segment part 7.
           ENTRY                   ADDRESS         REF BY
           =====                   =======         ======
           srand::?relay           00000579        random_core_init (action_manager)




                ****************************************
                *                                      *
                *      SEGMENTS IN ADDRESS ORDER       *
                *                                      *
                ****************************************


SEGMENT              SPACE    START ADDRESS   END ADDRESS     SIZE  TYPE  ALIGN
=======              =====    =============   ===========     ====  ====  =====
INTVEC               CODE          00000000 - 0000002D          2E   com    0
CSTART               CODE          0000002E - 000000B4          87   rel    0
IDATA_ID             CODE               000000B5                     dse    0
BIT_ID               CODE               000000B5                     dse    0
BDATA_ID             CODE               000000B5                     dse    0
IXDATA_ID            CODE               000000B5                     dse    0
PDATA_ID             CODE               000000B5                     dse    0
DATA_ID              CODE               000000B5                     dse    0
XDATA_ID             CODE          000000B5 - 000001A0          EC   rel    0
BANK_RELAYS          CODE          000001A1 - 0000057E         3DE   rel    0
RCODE                CODE          0000057F - 00001417         E99   rel    0
DIFUNCT              CODE               00001418                     dse    0
CODE_C               CODE          00001418 - 00001D15         8FE   rel    0
CODE_N               CODE               00001D16                     dse    0
NEAR_CODE            CODE          00001D16 - 00001D44          2F   rel    0
<BANKED_CODE> 1      CODE          00001D45 - 00006A98        4D54   rel    0
REGISTERS            DATA          00000000 - 00000007           8   rel    0
VREG                 DATA          00000008 - 0000000F           8   rel    0
PSP                  DATA          00000010 - 00000010           1   rel    0
XSP                  DATA          00000011 - 00000012           2   rel    0
BREG                 BIT        00000020.0  -  00000020.7        8   rel    0
SFR_AN               DATA          00000086 - 00000087           2   rel    0
                     DATA          00000090 - 00000091           2 
                     DATA          00000094 - 00000097           4 
                     DATA          0000009D - 0000009E           2 
                     DATA          000000A2 - 000000A5           4 
                     DATA          000000A8 - 000000A8           1 
                     DATA          000000AD - 000000AD           1 
                     DATA          000000B3 - 000000B3           1 
                     DATA          000000BE - 000000BE           1 
                     DATA          000000C0 - 000000C2           3 
                     DATA          000000C5 - 000000C6           2 
                     DATA          000000D2 - 000000D7           6 
                     DATA          000000D9 - 000000D9           1 
                     DATA          000000E1 - 000000E1           1 
                     DATA          000000E9 - 000000E9           1 
                     DATA          000000F1 - 000000F1           1 
                     DATA          000000F3 - 000000F4           2 
                     DATA          000000F8 - 000000FA           3 
                     DATA          000000FC - 000000FC           1 
                     DATA          000000FE - 000000FE           1 
XSTACK               XDATA         00000001 - 00000300         300   rel    0
XDATA_Z              XDATA         00000301 - 000012A7         FA7   rel    0
XDATA_I              XDATA         000012A8 - 00001393          EC   rel    0
PDATA_Z              XDATA              00001E00                     dse    0
PSTACK               XDATA         00001E00 - 00001E7F          80   rel    0
ISTACK               IDATA         00000080 - 000000FF          80   rel    0

                ****************************************
                *                                      *
                *        END OF CROSS REFERENCE        *
                *                                      *
                ****************************************

 27 289 bytes of CODE  memory
     19 bytes of DATA  memory (+ 40 absolute )
  5 139 bytes of XDATA memory
    128 bytes of IDATA memory
      8 bits  of BIT   memory

Errors: none
Warnings: none

