################################################################################
#                                                                              #
#      IAR Universal Linker V6.4.6.89                                          #
#                                                                              #
#           Link time     =  07/Mar/2020  11:28:50                             #
#           Target CPU    =  x51                                               #
#           List file     =  "E:\Neocore\Hardware\PRG Transmiter\Debug\List\tr #
#                            ansmiter.map"                                     #
#           Output file 1 =  "E:\Neocore\Hardware\PRG Transmiter\Debug\Exe\tra #
#                            nsmiter.d51"                                      #
#                            Format: ubrof10                                   #
#                            UBROF version 10.0.6                              #
#                            Using library modules for C-SPY (-rt)             #
#           Command line  =  -f                                                #
#                            C:\Users\08A4~1\AppData\Local\Temp\EWA5D2.tmp     #
#                            ("E:\Neocore\Hardware\PRG Transmiter\Debug\Obj\ac #
#                            tion_manager.r51"                                 #
#                            "E:\Neocore\Hardware\PRG Transmiter\Debug\Obj\ala #
#                            rm_timer.r51"                                     #
#                            "E:\Neocore\Hardware\PRG Transmiter\Debug\Obj\buf #
#                            fer.r51"                                          #
#                            "E:\Neocore\Hardware\PRG Transmiter\Debug\Obj\cmd #
#                            _0x00.r51"                                        #
#                            "E:\Neocore\Hardware\PRG Transmiter\Debug\Obj\cmd #
#                            _0x01.r51"                                        #
#                            "E:\Neocore\Hardware\PRG Transmiter\Debug\Obj\cmd #
#                            _0x02.r51"                                        #
#                            "E:\Neocore\Hardware\PRG Transmiter\Debug\Obj\cmd #
#                            _0x03.r51"                                        #
#                            "E:\Neocore\Hardware\PRG Transmiter\Debug\Obj\cmd #
#                            _0x04.r51"                                        #
#                            "E:\Neocore\Hardware\PRG Transmiter\Debug\Obj\cmd #
#                            _0x05.r51"                                        #
#                            "E:\Neocore\Hardware\PRG Transmiter\Debug\Obj\cmd #
#                            _0x06.r51"                                        #
#                            "E:\Neocore\Hardware\PRG Transmiter\Debug\Obj\cmd #
#                            _0x07.r51"                                        #
#                            "E:\Neocore\Hardware\PRG Transmiter\Debug\Obj\cmd #
#                            _0x08.r51"                                        #
#                            "E:\Neocore\Hardware\PRG Transmiter\Debug\Obj\cmd #
#                            _0x09.r51"                                        #
#                            "E:\Neocore\Hardware\PRG Transmiter\Debug\Obj\cmd #
#                            _0x0A.r51"                                        #
#                            "E:\Neocore\Hardware\PRG Transmiter\Debug\Obj\cmd #
#                            _0x0B.r51"                                        #
#                            "E:\Neocore\Hardware\PRG Transmiter\Debug\Obj\cmd #
#                            _0x0C.r51"                                        #
#                            "E:\Neocore\Hardware\PRG Transmiter\Debug\Obj\cmd #
#                            _0x0D.r51"                                        #
#                            "E:\Neocore\Hardware\PRG Transmiter\Debug\Obj\cmd #
#                            _0x0E.r51"                                        #
#                            "E:\Neocore\Hardware\PRG Transmiter\Debug\Obj\cmd #
#                            _0x0F.r51"                                        #
#                            "E:\Neocore\Hardware\PRG Transmiter\Debug\Obj\cmd #
#                            _0x10.r51"                                        #
#                            "E:\Neocore\Hardware\PRG Transmiter\Debug\Obj\cmd #
#                            _parser.r51"                                      #
#                            "E:\Neocore\Hardware\PRG Transmiter\Debug\Obj\cod #
#                            er.r51"                                           #
#                            "E:\Neocore\Hardware\PRG Transmiter\Debug\Obj\cpu #
#                            .r51"                                             #
#                            "E:\Neocore\Hardware\PRG Transmiter\Debug\Obj\deb #
#                            ug.r51"                                           #
#                            "E:\Neocore\Hardware\PRG Transmiter\Debug\Obj\dma #
#                            .r51"                                             #
#                            "E:\Neocore\Hardware\PRG Transmiter\Debug\Obj\fra #
#                            me.r51"                                           #
#                            "E:\Neocore\Hardware\PRG Transmiter\Debug\Obj\led #
#                            .r51"                                             #
#                            "E:\Neocore\Hardware\PRG Transmiter\Debug\Obj\llc #
#                            .r51"                                             #
#                            "E:\Neocore\Hardware\PRG Transmiter\Debug\Obj\mac #
#                            .r51"                                             #
#                            "E:\Neocore\Hardware\PRG Transmiter\Debug\Obj\mai #
#                            n.r51"                                            #
#                            "E:\Neocore\Hardware\PRG Transmiter\Debug\Obj\mem #
#                            _slots.r51"                                       #
#                            "E:\Neocore\Hardware\PRG Transmiter\Debug\Obj\mem #
#                            _utils.r51"                                       #
#                            "E:\Neocore\Hardware\PRG Transmiter\Debug\Obj\mod #
#                            el.r51"                                           #
#                            "E:\Neocore\Hardware\PRG Transmiter\Debug\Obj\rad #
#                            io.r51"                                           #
#                            "E:\Neocore\Hardware\PRG Transmiter\Debug\Obj\rtc #
#                            .r51"                                             #
#                            "E:\Neocore\Hardware\PRG Transmiter\Debug\Obj\syn #
#                            c.r51"                                            #
#                            "E:\Neocore\Hardware\PRG Transmiter\Debug\Obj\tim #
#                            e_manager.r51"                                    #
#                            "E:\Neocore\Hardware\PRG Transmiter\Debug\Obj\uar #
#                            t_comm.r51"                                       #
#                            "E:\Neocore\Hardware\PRG Transmiter\Debug\Obj\ust #
#                            imer.r51"                                         #
#                            -o                                                #
#                            "E:\Neocore\Hardware\PRG Transmiter\Debug\Exe\tra #
#                            nsmiter.d51"                                      #
#                            -l                                                #
#                            "E:\Neocore\Hardware\PRG Transmiter\Debug\List\tr #
#                            ansmiter.map"                                     #
#                            -xms                                              #
#                            "-IC:\Program Files (x86)\IAR Systems\Embedded Wo #
#                            rkbench 8.0\8051\LIB\"                            #
#                            -f                                                #
#                            "C:\Program Files (x86)\IAR Systems\Embedded Work #
#                            bench 8.0\8051\config\devices\Texas Instruments\l #
#                            nk51ew_CC2530F256_banked.xcl"                     #
#                            (-D_IDATA0_START=0x00 -D_IDATA0_END=0xFF          #
#                            -D_PDATA0_START=0x1E00 -D_PDATA0_END=0x1EFF       #
#                            -D_IXDATA0_START=0x0001 -D_IXDATA0_END=0x1EFF     #
#                            -D_XDATA0_START=_IXDATA0_START                    #
#                            -D_XDATA0_END=_IXDATA0_END                        #
#                            -D_NEAR_CODE_START=0x0000                         #
#                            -D_FIRST_BANK_ADDR=0x10000 -D?REGISTER_BANK=0x0   #
#                            -D_REGISTER_BANK_START=0x0 -D_BREG_START=0x00     #
#                            -D?VB=0x20 -Z(BIT)BREG=_BREG_START                #
#                            -Z(BIT)BIT_N=0-7F                                 #
#                            -Z(DATA)REGISTERS+8=_REGISTER_BANK_START          #
#                            -Z(DATA)BDATA_Z,BDATA_N,BDATA_I=20-2F             #
#                            -Z(DATA)VREG=08-7F -Z(DATA)PSP,XSP=08-7F          #
#                            -Z(DATA)DOVERLAY=08-7F                            #
#                            -Z(DATA)DATA_I,DATA_Z,DATA_N=08-7F                #
#                            -U(IDATA)0-7F=(DATA)0-7F                          #
#                            -Z(IDATA)IDATA_I,IDATA_Z,IDATA_N=08-_IDATA0_END   #
#                            -Z(IDATA)ISTACK+_IDATA_STACK_SIZE#08-_IDATA0_END  #
#                            -Z(IDATA)IOVERLAY=08-FF -Z(CODE)INTVEC=0          #
#                            -Z(CODE)CSTART=_NEAR_CODE_START-(_CODEBANK_START- #
#                            1)                                                #
#                            -Z(CODE)BIT_ID,BDATA_ID,DATA_ID,IDATA_ID,IXDATA_I #
#                            D,PDATA_ID,XDATA_ID=_NEAR_CODE_START-(_CODEBANK_S #
#                            TART-1)                                           #
#                            -Z(CODE)BANK_RELAYS,RCODE,DIFUNCT,CODE_C,CODE_N,N #
#                            EAR_CODE=_NEAR_CODE_START-(_CODEBANK_START-1)     #
#                            -P(CODE)BANKED_CODE=_NEAR_CODE_START-(_CODEBANK_S #
#                            TART-1),[(_CODEBANK_START+_FIRST_BANK_ADDR)-(_COD #
#                            EBANK_END+_FIRST_BANK_ADDR)]*_NR_OF_BANKS+10000   #
#                            -Z(CODE)CHECKSUM#(_CODEBANK_START-1)              #
#                            -Z(XDATA)PDATA_Z,PDATA_I=_PDATA0_START-_PDATA0_EN #
#                            D                                                 #
#                            -P(XDATA)PDATA_N=_PDATA0_START-_PDATA0_END        #
#                            -Z(XDATA)PSTACK+_PDATA_STACK_SIZE=_PDATA0_START-_ #
#                            PDATA0_END                                        #
#                            -Z(XDATA)EXT_STACK+_EXTENDED_STACK_SIZE=_EXTENDED #
#                            _STACK_START                                      #
#                            -Z(XDATA)XSTACK+_XDATA_STACK_SIZE=_XDATA0_START-_ #
#                            XDATA0_END                                        #
#                            -Z(XDATA)IXDATA_Z,IXDATA_I=_IXDATA0_START-_IXDATA #
#                            0_END                                             #
#                            -P(XDATA)IXDATA_N=_IXDATA0_START-_IXDATA0_END     #
#                            -Z(XDATA)XDATA_Z,XDATA_I=_XDATA0_START-_XDATA0_EN #
#                            D                                                 #
#                            -P(XDATA)XDATA_N=_XDATA0_START-_XDATA0_END        #
#                            -Z(XDATA)XDATA_HEAP+_XDATA_HEAP_SIZE=_XDATA0_STAR #
#                            T-_XDATA0_END                                     #
#                            -Z(CONST)XDATA_ROM_C=_XDATA0_START-_XDATA0_END    #
#                            -cx51                                             #
#                            -M(CODE)[(_CODEBANK_START+_FIRST_BANK_ADDR)-(_COD #
#                            EBANK_END+_FIRST_BANK_ADDR)]*_NR_OF_BANKS+0x10000 #
#                            =0x8000                                           #
#                            -ww69=i -D_BANK0_START=0x00000                    #
#                            -D_BANK0_END=0x07FFF -D_BANK1_START=0x18000       #
#                            -D_BANK1_END=0x1FFFF -D_BANK2_START=0x28000       #
#                            -D_BANK2_END=0x2FFFF -D_BANK3_START=0x38000       #
#                            -D_BANK3_END=0x3FFFF -D_BANK4_START=0x48000       #
#                            -D_BANK4_END=0x4FFFF -D_BANK5_START=0x58000       #
#                            -D_BANK5_END=0x5FFFF -D_BANK6_START=0x68000       #
#                            -D_BANK6_END=0x6FFFF -D_BANK7_START=0x78000       #
#                            -D_BANK7_END=0x7FFFF                              #
#                            -P(CODE)BANK0=_BANK0_START-_BANK0_END             #
#                            -P(CODE)BANK1=_BANK1_START-_BANK1_END             #
#                            -P(CODE)BANK2=_BANK2_START-_BANK2_END             #
#                            -P(CODE)BANK3=_BANK3_START-_BANK3_END             #
#                            -P(CODE)BANK4=_BANK4_START-_BANK4_END             #
#                            -P(CODE)BANK5=_BANK5_START-_BANK5_END             #
#                            -P(CODE)BANK6=_BANK6_START-_BANK6_END             #
#                            -P(CODE)BANK7=_BANK7_START-_BANK7_END             #
#                            -D_FLASH_LOCK_BITS_START=0x7FFF0                  #
#                            -D_FLASH_LOCK_BITS_END=0x7FFFF                    #
#                            -Z(CODE)FLASH_LOCK_BITS=_FLASH_LOCK_BITS_START-_F #
#                            LASH_LOCK_BITS_END                                #
#                            -U(CODE)0x0000=(CODE)_FLASH_LOCK_BITS_START-_FLAS #
#                            H_LOCK_BITS_END)                                  #
#                            -D_NR_OF_VIRTUAL_REGISTERS=8 -D?PBANK=0x93        #
#                            -D?CBANK=0x9F -D?CBANK_MASK=0xFF                  #
#                            -e?BCALL_FF=?BCALL -e?BRET_FF=?BRET               #
#                            -e?BDISPATCH_FF=?BDISPATCH                        #
#                            -D_CODEBANK_START=0x8000 -D_CODEBANK_END=0xFFFF   #
#                            -D_NR_OF_BANKS=0x07                               #
#                            "-IC:\Program Files (x86)\IAR Systems\Embedded Wo #
#                            rkbench 8.0\8051\CONFIG\"                         #
#                            -rt -s __program_start                            #
#                            "C:\Program Files (x86)\IAR Systems\Embedded Work #
#                            bench 8.0\8051\LIB\DLIB\dl-pli-blxd-1e16x01n.r51" #
#                            -D_IDATA_STACK_SIZE=0x80 -D?ESP=0 -D?ESP_MASK=0   #
#                            -D_EXTENDED_STACK_START=0                         #
#                            -D_EXTENDED_STACK_SIZE=0                          #
#                            -D_PDATA_STACK_SIZE=0x80                          #
#                            -D_XDATA_STACK_SIZE=0x300                         #
#                            -D_XDATA_HEAP_SIZE=0x00 -D_FAR_HEAP_SIZE=0xFFF    #
#                            -D_HUGE_HEAP_SIZE=0xFFF                           #
#                            -D_FAR22_HEAP_SIZE=0xFFF)                         #
#                                                                              #
#                           Copyright (C) 1987-2016 IAR Systems AB.            #
################################################################################





                ****************************************
                *                                      *
                *           CROSS REFERENCE            *
                *                                      *
                ****************************************

       Program entry at : CODE      00000085  Relocatable, from module : CSTARTUP




                ****************************************
                *                                      *
                *            RUNTIME MODEL             *
                *                                      *
                ****************************************

  __Heap_Handler             = Basic
  __SystemLibrary            = DLib
  __calling_convention       = xdata_reentrant
  __code_model               = banked
  __core                     = plain
  __data_model               = large
  __dlib_file_descriptor     = 0
  __dlib_full_locale_support = 0
  __dptr_size                = 16
  __extended_stack           = disabled
  __location_for_constants   = data
  __number_of_dptrs          = 1
  __register_banks           = *
  __rt_version               = 1

                ****************************************
                *                                      *
                *    AUTOMATIC SYMBOL REDIRECTIONS     *
                *                                      *
                ****************************************

       All references to: _Printf
         were redirected to: _PrintfTiny
       All references to: _Printf::?relay
         were redirected to: _PrintfTiny::?relay



                ****************************************
                *                                      *
                *              MODULE MAP              *
                *                                      *
                ****************************************


  DEFINED ABSOLUTE ENTRIES
    *************************************************************************

  DEFINED ABSOLUTE ENTRIES
  PROGRAM MODULE, NAME : ?ABS_ENTRY_MOD

Absolute parts
           ENTRY                   ADDRESS         REF BY
           =====                   =======         ======
           _FAR22_HEAP_SIZE        00000FFF 
           _HUGE_HEAP_SIZE         00000FFF 
           _FAR_HEAP_SIZE          00000FFF 
           _XDATA_HEAP_SIZE        00000000 
           _XDATA_STACK_SIZE       00000300 
           _PDATA_STACK_SIZE       00000080 
           _EXTENDED_STACK_SIZE    00000000 
           _EXTENDED_STACK_START   00000000 
           ?ESP_MASK               00000000 
           ?ESP                    00000000 
           _IDATA_STACK_SIZE       00000080 
           _NR_OF_BANKS            00000007 
           _CODEBANK_END           0000FFFF 
           _CODEBANK_START         00008000 
           ?CBANK_MASK             000000FF 
           ?CBANK                  0000009F        ?LONGJMP_XDATA (?LONGJMP_XDATA)
                                                   ?RESET_CODE_BANK (CSTARTUP)
                                                   ?SETJMP_XDATA (?SETJMP_XDATA)
                                                   Segment part 0 (?BANKED_CODE_SUPPORT)
           ?PBANK                  00000093        ?RESET_PDATA_BANK (CSTARTUP)
           _NR_OF_VIRTUAL_REGISTERS
                                   00000008 
           _FLASH_LOCK_BITS_END    0003FFFF 
           _FLASH_LOCK_BITS_START
                                   0003FFF0 
           _BANK7_END              0003FFFF 
           _BANK7_START            00038000 
           _BANK6_END              00037FFF 
           _BANK6_START            00030000 
           _BANK5_END              0002FFFF 
           _BANK5_START            00028000 
           _BANK4_END              00027FFF 
           _BANK4_START            00020000 
           _BANK3_END              0001FFFF 
           _BANK3_START            00018000 
           _BANK2_END              00017FFF 
           _BANK2_START            00010000 
           _BANK1_END              0000FFFF 
           _BANK1_START            00008000 
           _BANK0_END              00007FFF 
           _BANK0_START            00000000 
           ?VB                     00000020        ?BANKED_ENTER_XDATA (?BANKED_ENTER_XDATA)
                                                   ?BANKED_LEAVE_XDATA (?BANKED_LEAVE_XDATA)
                                                   ?INTERRUPT_ENTER_XSP (?INTERRUPT_ENTER_XSP)
                                                   ?INTERRUPT_LEAVE_XSP (?INTERRUPT_LEAVE_XSP)
                                                   ?LONGJMP_XDATA (?LONGJMP_XDATA)
                                                   ?SETJMP_XDATA (?SETJMP_XDATA)
                                                   AES_StreamCoder (?__write)
                                                   AT_enable (?__write)
                                                   BF_push_rx (?__write)
                                                   BF_push_tx (?__write)
                                                   MAC_Receive (?__write)
                                                   MAC_Send (?__write)
                                                   RI_Receive (?__write)
                                                   RI_Send (?__write)
                                                   RecvData (?__write)
                                                   SL_free (?__write)
                                                   SendData (?__write)
                                                   cmd_0x0B (?__write)
                                                   cmd_0x0D (?__write)
                                                   send_sync (?__write)
           _BREG_START             00000000 
           _REGISTER_BANK_START    00000000 
           ?REGISTER_BANK          00000000        Segment part 6 (CSTARTUP)
           _FIRST_BANK_ADDR        00010000 
           _NEAR_CODE_START        00000000 
           _XDATA0_END             00001EFF 
           _XDATA0_START           00000001 
           _IXDATA0_END            00001EFF 
           _IXDATA0_START          00000001 
           _PDATA0_END             00001EFF 
           _PDATA0_START           00001E00 
           _IDATA0_END             000000FF 
           _IDATA0_START           00000000 
    *************************************************************************

  FILE NAME : E:\Neocore\Hardware\PRG Transmiter\Debug\Obj\action_manager.r51
  PROGRAM MODULE, NAME : ?__write

  SEGMENTS IN THE MODULE
  ======================
SFR_AN
  Relative segment, address: DATA 00000086 - 00000086 (0x1 bytes), align: 0
  Segment part 1. ROOT        Intra module refs:   MyLowLevelPutchar
                                                   uart_init
           ENTRY                   ADDRESS         REF BY
           =====                   =======         ======
           U0CSR                   00000086 
    -------------------------------------------------------------------------
SFR_AN
  Relative segment, address: DATA 00000087 - 00000087 (0x1 bytes), align: 0
  Segment part 2. ROOT        Intra module refs:   mcu_sleep
           ENTRY                   ADDRESS         REF BY
           =====                   =======         ======
           PCON                    00000087 
    -------------------------------------------------------------------------
SFR_AN
  Relative segment, address: DATA 00000090 - 00000090 (0x1 bytes), align: 0
  Segment part 3. ROOT        Intra module refs:   HW_Init
                                                   mode_1_receive_process
                                                   mode_2_process
           ENTRY                   ADDRESS         REF BY
           =====                   =======         ======
           _A_P1                   00000090 
           LOCAL                   ADDRESS         
           =====                   =======         
           P1                      00000090 
    -------------------------------------------------------------------------
SFR_AN
  Relative segment, address: DATA 00000091 - 00000091 (0x1 bytes), align: 0
  Segment part 4. ROOT        Intra module refs:   SendData
           ENTRY                   ADDRESS         REF BY
           =====                   =======         ======
           RFIRQF1                 00000091 
    -------------------------------------------------------------------------
SFR_AN
  Relative segment, address: DATA 00000094 - 00000094 (0x1 bytes), align: 0
  Segment part 5. ROOT        Intra module refs:   HW_Init
           ENTRY                   ADDRESS         REF BY
           =====                   =======         ======
           T2CTRL                  00000094 
    -------------------------------------------------------------------------
SFR_AN
  Relative segment, address: DATA 00000095 - 00000095 (0x1 bytes), align: 0
  Segment part 6. ROOT        Intra module refs:   AT_wait
                                                   ReadTimer
                                                   loadTimerCompare
           ENTRY                   ADDRESS         REF BY
           =====                   =======         ======
           ST0                     00000095 
    -------------------------------------------------------------------------
SFR_AN
  Relative segment, address: DATA 00000096 - 00000096 (0x1 bytes), align: 0
  Segment part 7. ROOT        Intra module refs:   AT_wait
                                                   ReadTimer
                                                   loadTimerCompare
           ENTRY                   ADDRESS         REF BY
           =====                   =======         ======
           ST1                     00000096 
    -------------------------------------------------------------------------
SFR_AN
  Relative segment, address: DATA 00000097 - 00000097 (0x1 bytes), align: 0
  Segment part 8. ROOT        Intra module refs:   AT_wait
                                                   ReadTimer
                                                   loadTimerCompare
           ENTRY                   ADDRESS         REF BY
           =====                   =======         ======
           ST2                     00000097 
    -------------------------------------------------------------------------
SFR_AN
  Relative segment, address: DATA 0000009D - 0000009D (0x1 bytes), align: 0
  Segment part 9. ROOT        Intra module refs:   AT_wait
                                                   ReadTimer
           ENTRY                   ADDRESS         REF BY
           =====                   =======         ======
           SLEEPSTA                0000009D 
    -------------------------------------------------------------------------
SFR_AN
  Relative segment, address: DATA 0000009E - 0000009E (0x1 bytes), align: 0
  Segment part 10. ROOT       Intra module refs:   HW_Init
           ENTRY                   ADDRESS         REF BY
           =====                   =======         ======
           CLKCONSTA               0000009E 
    -------------------------------------------------------------------------
SFR_AN
  Relative segment, address: DATA 000000A2 - 000000A2 (0x1 bytes), align: 0
  Segment part 11. ROOT       Intra module refs:   UST_now
           ENTRY                   ADDRESS         REF BY
           =====                   =======         ======
           T2M0                    000000A2 
    -------------------------------------------------------------------------
SFR_AN
  Relative segment, address: DATA 000000A3 - 000000A3 (0x1 bytes), align: 0
  Segment part 12. ROOT       Intra module refs:   UST_now
           ENTRY                   ADDRESS         REF BY
           =====                   =======         ======
           T2M1                    000000A3 
    -------------------------------------------------------------------------
SFR_AN
  Relative segment, address: DATA 000000A4 - 000000A4 (0x1 bytes), align: 0
  Segment part 13. ROOT       Intra module refs:   UST_now
           ENTRY                   ADDRESS         REF BY
           =====                   =======         ======
           T2MOVF0                 000000A4 
    -------------------------------------------------------------------------
SFR_AN
  Relative segment, address: DATA 000000A5 - 000000A5 (0x1 bytes), align: 0
  Segment part 14. ROOT       Intra module refs:   UST_now
           ENTRY                   ADDRESS         REF BY
           =====                   =======         ======
           T2MOVF1                 000000A5 
    -------------------------------------------------------------------------
SFR_AN
  Relative segment, address: DATA 000000A8 - 000000A8 (0x1 bytes), align: 0
  Segment part 15. ROOT       Intra module refs:   AT_enable
                                                   BF_cursor_next
                                                   BF_cursor_rx
                                                   BF_cursor_tx
                                                   BF_push_rx
                                                   BF_push_tx
                                                   BF_remove_rx
                                                   BF_remove_tx
                                                   HW_Init
                                                   IRQEnable
                                                   SL_alloc
                                                   SL_free
                                                   TM_IRQ
                                                   __cli
                                                   isIRQEnable
           ENTRY                   ADDRESS         REF BY
           =====                   =======         ======
           _A_IEN0                 000000A8 
           LOCAL                   ADDRESS         
           =====                   =======         
           IEN0                    000000A8 
    -------------------------------------------------------------------------
SFR_AN
  Relative segment, address: DATA 000000AD - 000000AD (0x1 bytes), align: 0
  Segment part 16. ROOT       Intra module refs:   loadTimerCompare
           ENTRY                   ADDRESS         REF BY
           =====                   =======         ======
           STLOAD                  000000AD 
    -------------------------------------------------------------------------
SFR_AN
  Relative segment, address: DATA 000000B3 - 000000B3 (0x1 bytes), align: 0
  Segment part 17. ROOT       Intra module refs:   AES_StreamCoder
           ENTRY                   ADDRESS         REF BY
           =====                   =======         ======
           ENCCS                   000000B3 
    -------------------------------------------------------------------------
SFR_AN
  Relative segment, address: DATA 000000BE - 000000BE (0x1 bytes), align: 0
  Segment part 18. ROOT       Intra module refs:   mcu_sleep
           ENTRY                   ADDRESS         REF BY
           =====                   =======         ======
           SLEEPCMD                000000BE 
    -------------------------------------------------------------------------
SFR_AN
  Relative segment, address: DATA 000000C0 - 000000C0 (0x1 bytes), align: 0
  Segment part 19. ROOT       Intra module refs:   TimerCompareInterrupt
           ENTRY                   ADDRESS         REF BY
           =====                   =======         ======
           _A_IRCON                000000C0 
           LOCAL                   ADDRESS         
           =====                   =======         
           IRCON                   000000C0 
    -------------------------------------------------------------------------
SFR_AN
  Relative segment, address: DATA 000000C1 - 000000C1 (0x1 bytes), align: 0
  Segment part 20. ROOT       Intra module refs:   MyLowLevelPutchar
           ENTRY                   ADDRESS         REF BY
           =====                   =======         ======
           U0DBUF                  000000C1 
    -------------------------------------------------------------------------
SFR_AN
  Relative segment, address: DATA 000000C2 - 000000C2 (0x1 bytes), align: 0
  Segment part 21. ROOT       Intra module refs:   uart_init
           ENTRY                   ADDRESS         REF BY
           =====                   =======         ======
           U0BAUD                  000000C2 
    -------------------------------------------------------------------------
SFR_AN
  Relative segment, address: DATA 000000C5 - 000000C5 (0x1 bytes), align: 0
  Segment part 22. ROOT       Intra module refs:   uart_init
           ENTRY                   ADDRESS         REF BY
           =====                   =======         ======
           U0GCR                   000000C5 
    -------------------------------------------------------------------------
SFR_AN
  Relative segment, address: DATA 000000C6 - 000000C6 (0x1 bytes), align: 0
  Segment part 23. ROOT       Intra module refs:   HW_Init
           ENTRY                   ADDRESS         REF BY
           =====                   =======         ======
           CLKCONCMD               000000C6 
    -------------------------------------------------------------------------
SFR_AN
  Relative segment, address: DATA 000000D2 - 000000D2 (0x1 bytes), align: 0
  Segment part 24. ROOT       Intra module refs:   HW_Init
           ENTRY                   ADDRESS         REF BY
           =====                   =======         ======
           DMA1CFGL                000000D2 
    -------------------------------------------------------------------------
SFR_AN
  Relative segment, address: DATA 000000D3 - 000000D3 (0x1 bytes), align: 0
  Segment part 25. ROOT       Intra module refs:   HW_Init
           ENTRY                   ADDRESS         REF BY
           =====                   =======         ======
           DMA1CFGH                000000D3 
    -------------------------------------------------------------------------
SFR_AN
  Relative segment, address: DATA 000000D4 - 000000D4 (0x1 bytes), align: 0
  Segment part 26. ROOT       Intra module refs:   HW_Init
           ENTRY                   ADDRESS         REF BY
           =====                   =======         ======
           DMA0CFGL                000000D4 
    -------------------------------------------------------------------------
SFR_AN
  Relative segment, address: DATA 000000D5 - 000000D5 (0x1 bytes), align: 0
  Segment part 27. ROOT       Intra module refs:   HW_Init
           ENTRY                   ADDRESS         REF BY
           =====                   =======         ======
           DMA0CFGH                000000D5 
    -------------------------------------------------------------------------
SFR_AN
  Relative segment, address: DATA 000000D6 - 000000D6 (0x1 bytes), align: 0
  Segment part 28. ROOT       Intra module refs:   AES_StreamCoder
                                                   uart_recv_cmd
           ENTRY                   ADDRESS         REF BY
           =====                   =======         ======
           DMAARM                  000000D6 
    -------------------------------------------------------------------------
SFR_AN
  Relative segment, address: DATA 000000D7 - 000000D7 (0x1 bytes), align: 0
  Segment part 29. ROOT       Intra module refs:   AES_StreamCoder
           ENTRY                   ADDRESS         REF BY
           =====                   =======         ======
           DMAREQ                  000000D7 
    -------------------------------------------------------------------------
SFR_AN
  Relative segment, address: DATA 000000D9 - 000000D9 (0x1 bytes), align: 0
  Segment part 30. ROOT       Intra module refs:   LoadTXData
                                                   UnLoadRXData
           ENTRY                   ADDRESS         REF BY
           =====                   =======         ======
           RFD                     000000D9 
    -------------------------------------------------------------------------
SFR_AN
  Relative segment, address: DATA 000000E1 - 000000E1 (0x1 bytes), align: 0
  Segment part 31. ROOT       Intra module refs:   LoadTXData
                                                   RI_Measure_POW
                                                   RecvData
                                                   SendData
                                                   random_core_init
           ENTRY                   ADDRESS         REF BY
           =====                   =======         ======
           RFST                    000000E1 
    -------------------------------------------------------------------------
SFR_AN
  Relative segment, address: DATA 000000E9 - 000000E9 (0x1 bytes), align: 0
  Segment part 32. ROOT       Intra module refs:   RecvData
                                                   SendData
           ENTRY                   ADDRESS         REF BY
           =====                   =======         ======
           RFIRQF0                 000000E9 
    -------------------------------------------------------------------------
SFR_AN
  Relative segment, address: DATA 000000F1 - 000000F1 (0x1 bytes), align: 0
  Segment part 33. ROOT       Intra module refs:   com_uart_init
                                                   uart_init
           ENTRY                   ADDRESS         REF BY
           =====                   =======         ======
           PERCFG                  000000F1 
    -------------------------------------------------------------------------
SFR_AN
  Relative segment, address: DATA 000000F3 - 000000F3 (0x1 bytes), align: 0
  Segment part 34. ROOT       Intra module refs:   uart_init
           ENTRY                   ADDRESS         REF BY
           =====                   =======         ======
           P0SEL                   000000F3 
    -------------------------------------------------------------------------
SFR_AN
  Relative segment, address: DATA 000000F4 - 000000F4 (0x1 bytes), align: 0
  Segment part 35. ROOT       Intra module refs:   com_uart_init
           ENTRY                   ADDRESS         REF BY
           =====                   =======         ======
           P1SEL                   000000F4 
    -------------------------------------------------------------------------
SFR_AN
  Relative segment, address: DATA 000000F8 - 000000F8 (0x1 bytes), align: 0
  Segment part 36. ROOT       Intra module refs:   com_uart_init
                                                   uart_putchar
           ENTRY                   ADDRESS         REF BY
           =====                   =======         ======
           _A_U1CSR                000000F8 
           LOCAL                   ADDRESS         
           =====                   =======         
           U1CSR                   000000F8 
    -------------------------------------------------------------------------
SFR_AN
  Relative segment, address: DATA 000000F9 - 000000F9 (0x1 bytes), align: 0
  Segment part 37. ROOT       Intra module refs:   uart_putchar
           ENTRY                   ADDRESS         REF BY
           =====                   =======         ======
           U1DBUF                  000000F9 
    -------------------------------------------------------------------------
SFR_AN
  Relative segment, address: DATA 000000FA - 000000FA (0x1 bytes), align: 0
  Segment part 38. ROOT       Intra module refs:   com_uart_init
           ENTRY                   ADDRESS         REF BY
           =====                   =======         ======
           U1BAUD                  000000FA 
    -------------------------------------------------------------------------
SFR_AN
  Relative segment, address: DATA 000000FC - 000000FC (0x1 bytes), align: 0
  Segment part 39. ROOT       Intra module refs:   com_uart_init
           ENTRY                   ADDRESS         REF BY
           =====                   =======         ======
           U1GCR                   000000FC 
    -------------------------------------------------------------------------
SFR_AN
  Relative segment, address: DATA 000000FE - 000000FE (0x1 bytes), align: 0
  Segment part 40. ROOT       Intra module refs:   HW_Init
           ENTRY                   ADDRESS         REF BY
           =====                   =======         ======
           P1DIR                   000000FE 
    -------------------------------------------------------------------------
XDATA_I
  Relative segment, address: XDATA 000013B1 - 000013B9 (0x9 bytes), align: 0
  Segment part 47.            Intra module refs:   AM_Callback
                                                   AM_Cold_start
                                                   AM_HW_Init
                                                   AM_Hot_start
                                                   AM_IRQ_Init
                                                   AM_SW_Init
    -------------------------------------------------------------------------
XDATA_I
  Relative segment, address: XDATA 000013BA - 000013CA (0x11 bytes), align: 0
  Segment part 49.            Intra module refs:   AM_Callback
                                                   AM_Cold_start
                                                   AM_HW_Init
                                                   AM_Hot_start
                                                   AM_IRQ_Init
                                                   AM_SW_Init
    -------------------------------------------------------------------------
XDATA_I
  Relative segment, address: XDATA 000013CB - 000013D3 (0x9 bytes), align: 0
  Segment part 51.            Intra module refs:   AT_set_alarm
                                                   AT_set_time
                                                   AT_wait
    -------------------------------------------------------------------------
XDATA_I
  Relative segment, address: XDATA 000013D4 - 000013E1 (0xe bytes), align: 0
  Segment part 53.            Intra module refs:   AT_set_alarm
                                                   AT_set_time
                                                   AT_wait
    -------------------------------------------------------------------------
XDATA_I
  Relative segment, address: XDATA 000013E2 - 000013EA (0x9 bytes), align: 0
  Segment part 55.            Intra module refs:   _push
    -------------------------------------------------------------------------
XDATA_I
  Relative segment, address: XDATA 000013EB - 000013F3 (0x9 bytes), align: 0
  Segment part 57.            Intra module refs:   _push
    -------------------------------------------------------------------------
XDATA_I
  Relative segment, address: XDATA 000013F4 - 000013FC (0x9 bytes), align: 0
  Segment part 59.            Intra module refs:   cmd_0x00
           LOCAL                   ADDRESS         
           =====                   =======         
           cmd_0x00::__FUNCTION__
                                   000013F4 
    -------------------------------------------------------------------------
XDATA_I
  Relative segment, address: XDATA 000013FD - 00001409 (0xd bytes), align: 0
  Segment part 61.            Intra module refs:   cmd_0x00
    -------------------------------------------------------------------------
XDATA_I
  Relative segment, address: XDATA 0000140A - 00001414 (0xb bytes), align: 0
  Segment part 63.            Intra module refs:   cmd_0x00
    -------------------------------------------------------------------------
XDATA_I
  Relative segment, address: XDATA 00001415 - 00001426 (0x12 bytes), align: 0
  Segment part 65.            Intra module refs:   cmd_0x00
    -------------------------------------------------------------------------
XDATA_I
  Relative segment, address: XDATA 00001427 - 00001429 (0x3 bytes), align: 0
  Segment part 67.            Intra module refs:   cmd_0x00
    -------------------------------------------------------------------------
XDATA_I
  Relative segment, address: XDATA 0000142A - 0000143E (0x15 bytes), align: 0
  Segment part 69.            Intra module refs:   cmd_0x00
    -------------------------------------------------------------------------
XDATA_I
  Relative segment, address: XDATA 0000143F - 00001447 (0x9 bytes), align: 0
  Segment part 71.            Intra module refs:   cmd_0x01
           LOCAL                   ADDRESS         
           =====                   =======         
           cmd_0x01::__FUNCTION__
                                   0000143F 
    -------------------------------------------------------------------------
XDATA_I
  Relative segment, address: XDATA 00001448 - 00001454 (0xd bytes), align: 0
  Segment part 73.            Intra module refs:   cmd_0x01
    -------------------------------------------------------------------------
XDATA_I
  Relative segment, address: XDATA 00001455 - 0000145F (0xb bytes), align: 0
  Segment part 75.            Intra module refs:   cmd_0x01
    -------------------------------------------------------------------------
XDATA_I
  Relative segment, address: XDATA 00001460 - 00001473 (0x14 bytes), align: 0
  Segment part 77.            Intra module refs:   cmd_0x01
    -------------------------------------------------------------------------
XDATA_I
  Relative segment, address: XDATA 00001474 - 00001476 (0x3 bytes), align: 0
  Segment part 79.            Intra module refs:   cmd_0x01
    -------------------------------------------------------------------------
XDATA_I
  Relative segment, address: XDATA 00001477 - 0000147F (0x9 bytes), align: 0
  Segment part 81.            Intra module refs:   cmd_0x03
           LOCAL                   ADDRESS         
           =====                   =======         
           cmd_0x03::__FUNCTION__
                                   00001477 
    -------------------------------------------------------------------------
XDATA_I
  Relative segment, address: XDATA 00001480 - 0000148C (0xd bytes), align: 0
  Segment part 83.            Intra module refs:   cmd_0x03
    -------------------------------------------------------------------------
XDATA_I
  Relative segment, address: XDATA 0000148D - 00001497 (0xb bytes), align: 0
  Segment part 85.            Intra module refs:   cmd_0x03
    -------------------------------------------------------------------------
XDATA_I
  Relative segment, address: XDATA 00001498 - 000014AF (0x18 bytes), align: 0
  Segment part 87.            Intra module refs:   cmd_0x03
    -------------------------------------------------------------------------
XDATA_I
  Relative segment, address: XDATA 000014B0 - 000014B2 (0x3 bytes), align: 0
  Segment part 89.            Intra module refs:   cmd_0x03
    -------------------------------------------------------------------------
XDATA_I
  Relative segment, address: XDATA 000014B3 - 000014C9 (0x17 bytes), align: 0
  Segment part 91.            Intra module refs:   cmd_0x03
    -------------------------------------------------------------------------
XDATA_I
  Relative segment, address: XDATA 000014CA - 000014D2 (0x9 bytes), align: 0
  Segment part 93.            Intra module refs:   cmd_0x04
           LOCAL                   ADDRESS         
           =====                   =======         
           cmd_0x04::__FUNCTION__
                                   000014CA 
    -------------------------------------------------------------------------
XDATA_I
  Relative segment, address: XDATA 000014D3 - 000014DF (0xd bytes), align: 0
  Segment part 95.            Intra module refs:   cmd_0x04
    -------------------------------------------------------------------------
XDATA_I
  Relative segment, address: XDATA 000014E0 - 000014EA (0xb bytes), align: 0
  Segment part 97.            Intra module refs:   cmd_0x04
    -------------------------------------------------------------------------
XDATA_I
  Relative segment, address: XDATA 000014EB - 000014FE (0x14 bytes), align: 0
  Segment part 99.            Intra module refs:   cmd_0x04
    -------------------------------------------------------------------------
XDATA_I
  Relative segment, address: XDATA 000014FF - 00001501 (0x3 bytes), align: 0
  Segment part 101.           Intra module refs:   cmd_0x04
    -------------------------------------------------------------------------
XDATA_I
  Relative segment, address: XDATA 00001502 - 0000150A (0x9 bytes), align: 0
  Segment part 103.           Intra module refs:   cmd_0x05
           LOCAL                   ADDRESS         
           =====                   =======         
           cmd_0x05::__FUNCTION__
                                   00001502 
    -------------------------------------------------------------------------
XDATA_I
  Relative segment, address: XDATA 0000150B - 00001517 (0xd bytes), align: 0
  Segment part 105.           Intra module refs:   cmd_0x05
    -------------------------------------------------------------------------
XDATA_I
  Relative segment, address: XDATA 00001518 - 00001522 (0xb bytes), align: 0
  Segment part 107.           Intra module refs:   cmd_0x05
    -------------------------------------------------------------------------
XDATA_I
  Relative segment, address: XDATA 00001523 - 00001537 (0x15 bytes), align: 0
  Segment part 109.           Intra module refs:   cmd_0x05
    -------------------------------------------------------------------------
XDATA_I
  Relative segment, address: XDATA 00001538 - 0000153A (0x3 bytes), align: 0
  Segment part 111.           Intra module refs:   cmd_0x05
    -------------------------------------------------------------------------
XDATA_I
  Relative segment, address: XDATA 0000153B - 00001543 (0x9 bytes), align: 0
  Segment part 113.           Intra module refs:   cmd_0x06
           LOCAL                   ADDRESS         
           =====                   =======         
           cmd_0x06::__FUNCTION__
                                   0000153B 
    -------------------------------------------------------------------------
XDATA_I
  Relative segment, address: XDATA 00001544 - 00001550 (0xd bytes), align: 0
  Segment part 115.           Intra module refs:   cmd_0x06
    -------------------------------------------------------------------------
XDATA_I
  Relative segment, address: XDATA 00001551 - 0000155B (0xb bytes), align: 0
  Segment part 117.           Intra module refs:   cmd_0x06
    -------------------------------------------------------------------------
XDATA_I
  Relative segment, address: XDATA 0000155C - 0000156F (0x14 bytes), align: 0
  Segment part 119.           Intra module refs:   cmd_0x06
    -------------------------------------------------------------------------
XDATA_I
  Relative segment, address: XDATA 00001570 - 00001572 (0x3 bytes), align: 0
  Segment part 121.           Intra module refs:   cmd_0x06
    -------------------------------------------------------------------------
XDATA_I
  Relative segment, address: XDATA 00001573 - 0000157B (0x9 bytes), align: 0
  Segment part 123.           Intra module refs:   cmd_0x07
           LOCAL                   ADDRESS         
           =====                   =======         
           cmd_0x07::__FUNCTION__
                                   00001573 
    -------------------------------------------------------------------------
XDATA_I
  Relative segment, address: XDATA 0000157C - 00001588 (0xd bytes), align: 0
  Segment part 125.           Intra module refs:   cmd_0x07
    -------------------------------------------------------------------------
XDATA_I
  Relative segment, address: XDATA 00001589 - 00001593 (0xb bytes), align: 0
  Segment part 127.           Intra module refs:   cmd_0x07
    -------------------------------------------------------------------------
XDATA_I
  Relative segment, address: XDATA 00001594 - 000015A7 (0x14 bytes), align: 0
  Segment part 129.           Intra module refs:   cmd_0x07
    -------------------------------------------------------------------------
XDATA_I
  Relative segment, address: XDATA 000015A8 - 000015AA (0x3 bytes), align: 0
  Segment part 131.           Intra module refs:   cmd_0x07
    -------------------------------------------------------------------------
XDATA_I
  Relative segment, address: XDATA 000015AB - 000015B3 (0x9 bytes), align: 0
  Segment part 133.           Intra module refs:   cmd_0x08
           LOCAL                   ADDRESS         
           =====                   =======         
           cmd_0x08::__FUNCTION__
                                   000015AB 
    -------------------------------------------------------------------------
XDATA_I
  Relative segment, address: XDATA 000015B4 - 000015C0 (0xd bytes), align: 0
  Segment part 135.           Intra module refs:   cmd_0x08
    -------------------------------------------------------------------------
XDATA_I
  Relative segment, address: XDATA 000015C1 - 000015CB (0xb bytes), align: 0
  Segment part 137.           Intra module refs:   cmd_0x08
    -------------------------------------------------------------------------
XDATA_I
  Relative segment, address: XDATA 000015CC - 000015E3 (0x18 bytes), align: 0
  Segment part 139.           Intra module refs:   cmd_0x08
    -------------------------------------------------------------------------
XDATA_I
  Relative segment, address: XDATA 000015E4 - 000015E6 (0x3 bytes), align: 0
  Segment part 141.           Intra module refs:   cmd_0x08
    -------------------------------------------------------------------------
XDATA_I
  Relative segment, address: XDATA 000015E7 - 000015EF (0x9 bytes), align: 0
  Segment part 143.           Intra module refs:   cmd_0x09
           LOCAL                   ADDRESS         
           =====                   =======         
           cmd_0x09::__FUNCTION__
                                   000015E7 
    -------------------------------------------------------------------------
XDATA_I
  Relative segment, address: XDATA 000015F0 - 000015FC (0xd bytes), align: 0
  Segment part 145.           Intra module refs:   cmd_0x09
    -------------------------------------------------------------------------
XDATA_I
  Relative segment, address: XDATA 000015FD - 00001607 (0xb bytes), align: 0
  Segment part 147.           Intra module refs:   cmd_0x09
    -------------------------------------------------------------------------
XDATA_I
  Relative segment, address: XDATA 00001608 - 00001620 (0x19 bytes), align: 0
  Segment part 149.           Intra module refs:   cmd_0x09
    -------------------------------------------------------------------------
XDATA_I
  Relative segment, address: XDATA 00001621 - 00001623 (0x3 bytes), align: 0
  Segment part 151.           Intra module refs:   cmd_0x09
    -------------------------------------------------------------------------
XDATA_I
  Relative segment, address: XDATA 00001624 - 0000162C (0x9 bytes), align: 0
  Segment part 153.           Intra module refs:   cmd_0x0A
           LOCAL                   ADDRESS         
           =====                   =======         
           cmd_0x0A::__FUNCTION__
                                   00001624 
    -------------------------------------------------------------------------
XDATA_I
  Relative segment, address: XDATA 0000162D - 00001639 (0xd bytes), align: 0
  Segment part 155.           Intra module refs:   cmd_0x0A
    -------------------------------------------------------------------------
XDATA_I
  Relative segment, address: XDATA 0000163A - 00001644 (0xb bytes), align: 0
  Segment part 157.           Intra module refs:   cmd_0x0A
    -------------------------------------------------------------------------
XDATA_I
  Relative segment, address: XDATA 00001645 - 0000165D (0x19 bytes), align: 0
  Segment part 159.           Intra module refs:   cmd_0x0A
    -------------------------------------------------------------------------
XDATA_I
  Relative segment, address: XDATA 0000165E - 00001660 (0x3 bytes), align: 0
  Segment part 161.           Intra module refs:   cmd_0x0A
    -------------------------------------------------------------------------
XDATA_I
  Relative segment, address: XDATA 00001661 - 00001669 (0x9 bytes), align: 0
  Segment part 163.           Intra module refs:   cmd_0x0B
           LOCAL                   ADDRESS         
           =====                   =======         
           cmd_0x0B::__FUNCTION__
                                   00001661 
    -------------------------------------------------------------------------
XDATA_I
  Relative segment, address: XDATA 0000166A - 00001672 (0x9 bytes), align: 0
  Segment part 165.           Intra module refs:   cmd_0x0B
    -------------------------------------------------------------------------
XDATA_I
  Relative segment, address: XDATA 00001673 - 0000167D (0xb bytes), align: 0
  Segment part 167.           Intra module refs:   cmd_0x0B
    -------------------------------------------------------------------------
XDATA_I
  Relative segment, address: XDATA 0000167E - 0000168A (0xd bytes), align: 0
  Segment part 169.           Intra module refs:   cmd_0x0B
    -------------------------------------------------------------------------
XDATA_I
  Relative segment, address: XDATA 0000168B - 000016A1 (0x17 bytes), align: 0
  Segment part 171.           Intra module refs:   cmd_0x0B
    -------------------------------------------------------------------------
XDATA_I
  Relative segment, address: XDATA 000016A2 - 000016A4 (0x3 bytes), align: 0
  Segment part 173.           Intra module refs:   cmd_0x0B
    -------------------------------------------------------------------------
XDATA_I
  Relative segment, address: XDATA 000016A5 - 000016BF (0x1b bytes), align: 0
  Segment part 175.           Intra module refs:   cmd_0x0B
    -------------------------------------------------------------------------
XDATA_I
  Relative segment, address: XDATA 000016C0 - 000016C8 (0x9 bytes), align: 0
  Segment part 177.           Intra module refs:   cmd_0x0C
           LOCAL                   ADDRESS         
           =====                   =======         
           cmd_0x0C::__FUNCTION__
                                   000016C0 
    -------------------------------------------------------------------------
XDATA_I
  Relative segment, address: XDATA 000016C9 - 000016D5 (0xd bytes), align: 0
  Segment part 179.           Intra module refs:   cmd_0x0C
    -------------------------------------------------------------------------
XDATA_I
  Relative segment, address: XDATA 000016D6 - 000016E0 (0xb bytes), align: 0
  Segment part 181.           Intra module refs:   cmd_0x0C
    -------------------------------------------------------------------------
XDATA_I
  Relative segment, address: XDATA 000016E1 - 000016ED (0xd bytes), align: 0
  Segment part 183.           Intra module refs:   cmd_0x0C
    -------------------------------------------------------------------------
XDATA_I
  Relative segment, address: XDATA 000016EE - 00001707 (0x1a bytes), align: 0
  Segment part 185.           Intra module refs:   cmd_0x0C
    -------------------------------------------------------------------------
XDATA_I
  Relative segment, address: XDATA 00001708 - 0000170A (0x3 bytes), align: 0
  Segment part 187.           Intra module refs:   cmd_0x0C
    -------------------------------------------------------------------------
XDATA_I
  Relative segment, address: XDATA 0000170B - 00001713 (0x9 bytes), align: 0
  Segment part 189.           Intra module refs:   cmd_0x0D
           LOCAL                   ADDRESS         
           =====                   =======         
           cmd_0x0D::__FUNCTION__
                                   0000170B 
    -------------------------------------------------------------------------
XDATA_I
  Relative segment, address: XDATA 00001714 - 00001720 (0xd bytes), align: 0
  Segment part 191.           Intra module refs:   cmd_0x0D
    -------------------------------------------------------------------------
XDATA_I
  Relative segment, address: XDATA 00001721 - 0000172B (0xb bytes), align: 0
  Segment part 193.           Intra module refs:   cmd_0x0D
    -------------------------------------------------------------------------
XDATA_I
  Relative segment, address: XDATA 0000172C - 0000173F (0x14 bytes), align: 0
  Segment part 195.           Intra module refs:   cmd_0x0D
    -------------------------------------------------------------------------
XDATA_I
  Relative segment, address: XDATA 00001740 - 00001742 (0x3 bytes), align: 0
  Segment part 197.           Intra module refs:   cmd_0x0D
    -------------------------------------------------------------------------
XDATA_I
  Relative segment, address: XDATA 00001743 - 0000174B (0x9 bytes), align: 0
  Segment part 199.           Intra module refs:   cmd_0x0E
           LOCAL                   ADDRESS         
           =====                   =======         
           cmd_0x0E::__FUNCTION__
                                   00001743 
    -------------------------------------------------------------------------
XDATA_I
  Relative segment, address: XDATA 0000174C - 00001758 (0xd bytes), align: 0
  Segment part 201.           Intra module refs:   cmd_0x0E
    -------------------------------------------------------------------------
XDATA_I
  Relative segment, address: XDATA 00001759 - 00001763 (0xb bytes), align: 0
  Segment part 203.           Intra module refs:   cmd_0x0E
    -------------------------------------------------------------------------
XDATA_I
  Relative segment, address: XDATA 00001764 - 00001779 (0x16 bytes), align: 0
  Segment part 205.           Intra module refs:   cmd_0x0E
    -------------------------------------------------------------------------
XDATA_I
  Relative segment, address: XDATA 0000177A - 0000177C (0x3 bytes), align: 0
  Segment part 207.           Intra module refs:   cmd_0x0E
    -------------------------------------------------------------------------
XDATA_I
  Relative segment, address: XDATA 0000177D - 00001785 (0x9 bytes), align: 0
  Segment part 209.           Intra module refs:   cmd_0x0F
           LOCAL                   ADDRESS         
           =====                   =======         
           cmd_0x0F::__FUNCTION__
                                   0000177D 
    -------------------------------------------------------------------------
XDATA_I
  Relative segment, address: XDATA 00001786 - 00001792 (0xd bytes), align: 0
  Segment part 211.           Intra module refs:   cmd_0x0F
    -------------------------------------------------------------------------
XDATA_I
  Relative segment, address: XDATA 00001793 - 0000179D (0xb bytes), align: 0
  Segment part 213.           Intra module refs:   cmd_0x0F
    -------------------------------------------------------------------------
XDATA_I
  Relative segment, address: XDATA 0000179E - 000017B3 (0x16 bytes), align: 0
  Segment part 215.           Intra module refs:   cmd_0x0F
    -------------------------------------------------------------------------
XDATA_I
  Relative segment, address: XDATA 000017B4 - 000017B6 (0x3 bytes), align: 0
  Segment part 217.           Intra module refs:   cmd_0x0F
    -------------------------------------------------------------------------
XDATA_I
  Relative segment, address: XDATA 000017B7 - 000017BF (0x9 bytes), align: 0
  Segment part 219.           Intra module refs:   cmd_0x10
           LOCAL                   ADDRESS         
           =====                   =======         
           cmd_0x10::__FUNCTION__
                                   000017B7 
    -------------------------------------------------------------------------
XDATA_I
  Relative segment, address: XDATA 000017C0 - 000017CC (0xd bytes), align: 0
  Segment part 221.           Intra module refs:   cmd_0x10
    -------------------------------------------------------------------------
XDATA_I
  Relative segment, address: XDATA 000017CD - 000017D7 (0xb bytes), align: 0
  Segment part 223.           Intra module refs:   cmd_0x10
    -------------------------------------------------------------------------
XDATA_I
  Relative segment, address: XDATA 000017D8 - 000017EE (0x17 bytes), align: 0
  Segment part 225.           Intra module refs:   cmd_0x10
    -------------------------------------------------------------------------
XDATA_I
  Relative segment, address: XDATA 000017EF - 000017F1 (0x3 bytes), align: 0
  Segment part 227.           Intra module refs:   cmd_0x10
    -------------------------------------------------------------------------
XDATA_I
  Relative segment, address: XDATA 000017F2 - 000017FA (0x9 bytes), align: 0
  Segment part 229.           Intra module refs:   stream_write
    -------------------------------------------------------------------------
XDATA_I
  Relative segment, address: XDATA 000017FB - 00001807 (0xd bytes), align: 0
  Segment part 231.           Intra module refs:   stream_write
    -------------------------------------------------------------------------
XDATA_I
  Relative segment, address: XDATA 00001808 - 00001817 (0x10 bytes), align: 0
  Segment part 233.           Intra module refs:   HW_Init
    -------------------------------------------------------------------------
XDATA_I
  Relative segment, address: XDATA 00001818 - 00001827 (0x10 bytes), align: 0
  Segment part 235.           Intra module refs:   HW_Init
    -------------------------------------------------------------------------
XDATA_I
  Relative segment, address: XDATA 00001828 - 00001837 (0x10 bytes), align: 0
  Segment part 237.           Intra module refs:   HW_Init
    -------------------------------------------------------------------------
XDATA_I
  Relative segment, address: XDATA 00001838 - 00001847 (0x10 bytes), align: 0
  Segment part 239.           Intra module refs:   HW_Init
    -------------------------------------------------------------------------
XDATA_I
  Relative segment, address: XDATA 00001848 - 00001850 (0x9 bytes), align: 0
  Segment part 241.           Intra module refs:   LLC_add_tx_frame
                                                   LLC_close_slot
                                                   LLC_open_slot
                                                   scheduler_rx
                                                   scheduler_tx
    -------------------------------------------------------------------------
XDATA_I
  Relative segment, address: XDATA 00001851 - 00001856 (0x6 bytes), align: 0
  Segment part 243.           Intra module refs:   LLC_add_tx_frame
                                                   LLC_close_slot
                                                   LLC_open_slot
                                                   scheduler_rx
                                                   scheduler_tx
                                                   transmite
    -------------------------------------------------------------------------
XDATA_I
  Relative segment, address: XDATA 00001857 - 00001863 (0xd bytes), align: 0
  Segment part 245.           Intra module refs:   scheduler_tx
           LOCAL                   ADDRESS         
           =====                   =======         
           scheduler_tx::__FUNCTION__
                                   00001857 
    -------------------------------------------------------------------------
XDATA_I
  Relative segment, address: XDATA 00001864 - 00001870 (0xd bytes), align: 0
  Segment part 247.           Intra module refs:   scheduler_tx
                                                   transmite
    -------------------------------------------------------------------------
XDATA_I
  Relative segment, address: XDATA 00001871 - 00001876 (0x6 bytes), align: 0
  Segment part 249.           Intra module refs:   scheduler_tx
                                                   transmite
    -------------------------------------------------------------------------
XDATA_I
  Relative segment, address: XDATA 00001877 - 00001880 (0xa bytes), align: 0
  Segment part 251.           Intra module refs:   transmite
           LOCAL                   ADDRESS         
           =====                   =======         
           transmite::__FUNCTION__
                                   00001877 
    -------------------------------------------------------------------------
XDATA_I
  Relative segment, address: XDATA 00001881 - 0000188D (0xd bytes), align: 0
  Segment part 253.           Intra module refs:   transmite
    -------------------------------------------------------------------------
XDATA_I
  Relative segment, address: XDATA 0000188E - 00001890 (0x3 bytes), align: 0
  Segment part 255.           Intra module refs:   transmite
    -------------------------------------------------------------------------
XDATA_I
  Relative segment, address: XDATA 00001891 - 0000189C (0xc bytes), align: 0
  Segment part 257.           Intra module refs:   transmite
    -------------------------------------------------------------------------
XDATA_I
  Relative segment, address: XDATA 0000189D - 000018AC (0x10 bytes), align: 0
  Segment part 259.           Intra module refs:   transmite
    -------------------------------------------------------------------------
XDATA_I
  Relative segment, address: XDATA 000018AD - 000018B8 (0xc bytes), align: 0
  Segment part 261.           Intra module refs:   _recv_frame
           LOCAL                   ADDRESS         
           =====                   =======         
           _recv_frame::__FUNCTION__
                                   000018AD 
    -------------------------------------------------------------------------
XDATA_I
  Relative segment, address: XDATA 000018B9 - 000018C5 (0xd bytes), align: 0
  Segment part 263.           Intra module refs:   MAC_Receive
                                                   _recv_frame
                                                   _send_frame
    -------------------------------------------------------------------------
XDATA_I
  Relative segment, address: XDATA 000018C6 - 000018CB (0x6 bytes), align: 0
  Segment part 265.           Intra module refs:   MAC_Receive
                                                   _recv_frame
                                                   _send_frame
    -------------------------------------------------------------------------
XDATA_I
  Relative segment, address: XDATA 000018CC - 000018D9 (0xe bytes), align: 0
  Segment part 267.           Intra module refs:   _recv_frame
                                                   _send_frame
    -------------------------------------------------------------------------
XDATA_I
  Relative segment, address: XDATA 000018DA - 000018E5 (0xc bytes), align: 0
  Segment part 269.           Intra module refs:   MAC_Receive
           LOCAL                   ADDRESS         
           =====                   =======         
           MAC_Receive::__FUNCTION__
                                   000018DA 
    -------------------------------------------------------------------------
XDATA_I
  Relative segment, address: XDATA 000018E6 - 000018EA (0x5 bytes), align: 0
  Segment part 271.           Intra module refs:   MAC_Receive
    -------------------------------------------------------------------------
XDATA_I
  Relative segment, address: XDATA 000018EB - 000018ED (0x3 bytes), align: 0
  Segment part 273.           Intra module refs:   MAC_Receive
    -------------------------------------------------------------------------
XDATA_I
  Relative segment, address: XDATA 000018EE - 000018F6 (0x9 bytes), align: 0
  Segment part 275.           Intra module refs:   MAC_Receive
    -------------------------------------------------------------------------
XDATA_I
  Relative segment, address: XDATA 000018F7 - 00001902 (0xc bytes), align: 0
  Segment part 277.           Intra module refs:   _send_frame
           LOCAL                   ADDRESS         
           =====                   =======         
           _send_frame::__FUNCTION__
                                   000018F7 
    -------------------------------------------------------------------------
XDATA_I
  Relative segment, address: XDATA 00001903 - 0000190B (0x9 bytes), align: 0
  Segment part 279.           Intra module refs:   pre_init
           LOCAL                   ADDRESS         
           =====                   =======         
           pre_init::__FUNCTION__
                                   00001903 
    -------------------------------------------------------------------------
XDATA_I
  Relative segment, address: XDATA 0000190C - 00001918 (0xd bytes), align: 0
  Segment part 281.           Intra module refs:   main
                                                   pre_init
    -------------------------------------------------------------------------
XDATA_I
  Relative segment, address: XDATA 00001919 - 0000191F (0x7 bytes), align: 0
  Segment part 283.           Intra module refs:   main
                                                   pre_init
    -------------------------------------------------------------------------
XDATA_I
  Relative segment, address: XDATA 00001920 - 0000192F (0x10 bytes), align: 0
  Segment part 285.           Intra module refs:   pre_init
    -------------------------------------------------------------------------
XDATA_I
  Relative segment, address: XDATA 00001930 - 00001932 (0x3 bytes), align: 0
  Segment part 287.           Intra module refs:   main
                                                   pre_init
    -------------------------------------------------------------------------
XDATA_I
  Relative segment, address: XDATA 00001933 - 00001937 (0x5 bytes), align: 0
  Segment part 289.           Intra module refs:   main
           LOCAL                   ADDRESS         
           =====                   =======         
           main::__FUNCTION__      00001933 
    -------------------------------------------------------------------------
XDATA_I
  Relative segment, address: XDATA 00001938 - 00001940 (0x9 bytes), align: 0
  Segment part 291.           Intra module refs:   main
    -------------------------------------------------------------------------
XDATA_I
  Relative segment, address: XDATA 00001941 - 00001949 (0x9 bytes), align: 0
  Segment part 297.           Intra module refs:   RI_Receive
                                                   RI_Send
                                                   setFreq
    -------------------------------------------------------------------------
XDATA_I
  Relative segment, address: XDATA 0000194A - 00001951 (0x8 bytes), align: 0
  Segment part 299.           Intra module refs:   RI_Receive
                                                   RI_Send
                                                   setFreq
    -------------------------------------------------------------------------
XDATA_I
  Relative segment, address: XDATA 00001952 - 00001962 (0x11 bytes), align: 0
  Segment part 301.           Intra module refs:   syncronize_timer
           LOCAL                   ADDRESS         
           =====                   =======         
           syncronize_timer::__FUNCTION__
                                   00001952 
    -------------------------------------------------------------------------
XDATA_I
  Relative segment, address: XDATA 00001963 - 0000196F (0xd bytes), align: 0
  Segment part 303.           Intra module refs:   Hot_Start
                                                   mode_1_process
                                                   mode_1_receive_process
                                                   recv_sync
                                                   send_sync
                                                   syncronize_timer
    -------------------------------------------------------------------------
XDATA_I
  Relative segment, address: XDATA 00001970 - 00001976 (0x7 bytes), align: 0
  Segment part 305.           Intra module refs:   Hot_Start
                                                   mode_1_process
                                                   mode_1_receive_process
                                                   recv_sync
                                                   send_sync
                                                   syncronize_timer
    -------------------------------------------------------------------------
XDATA_I
  Relative segment, address: XDATA 00001977 - 00001982 (0xc bytes), align: 0
  Segment part 307.           Intra module refs:   syncronize_timer
    -------------------------------------------------------------------------
XDATA_I
  Relative segment, address: XDATA 00001983 - 00001985 (0x3 bytes), align: 0
  Segment part 309.           Intra module refs:   mode_1_process
                                                   mode_1_receive_process
                                                   send_sync
                                                   syncronize_timer
    -------------------------------------------------------------------------
XDATA_I
  Relative segment, address: XDATA 00001986 - 0000199C (0x17 bytes), align: 0
  Segment part 311.           Intra module refs:   mode_1_receive_process
           LOCAL                   ADDRESS         
           =====                   =======         
           mode_1_receive_process::__FUNCTION__
                                   00001986 
    -------------------------------------------------------------------------
XDATA_I
  Relative segment, address: XDATA 0000199D - 000019B6 (0x1a bytes), align: 0
  Segment part 313.           Intra module refs:   mode_1_receive_process
    -------------------------------------------------------------------------
XDATA_I
  Relative segment, address: XDATA 000019B7 - 000019C5 (0xf bytes), align: 0
  Segment part 315.           Intra module refs:   mode_1_process
           LOCAL                   ADDRESS         
[...]
  Segment part 6.             Intra module refs:   rand
           ENTRY                   ADDRESS         REF BY
           =====                   =======         ======
           _Randinit               00001324        srand (?srand)
    -------------------------------------------------------------------------
XDATA_Z
  Relative segment, address: XDATA 00001325 - 00001326 (0x2 bytes), align: 0
  Segment part 7.             Intra module refs:   rand
           ENTRY                   ADDRESS         REF BY
           =====                   =======         ======
           __iar_Tls_setup__Randinit
                                   00001325        srand (?srand)
    -------------------------------------------------------------------------
XDATA_I
  Relative segment, address: XDATA 00001BC7 - 00001BCA (0x4 bytes), align: 0
  Segment part 8.             Intra module refs:   rand
           ENTRY                   ADDRESS         REF BY
           =====                   =======         ======
           _Randseed               00001BC7        srand (?srand)
    -------------------------------------------------------------------------
XDATA_I
  Relative segment, address: XDATA 00001BCB - 00001BCE (0x4 bytes), align: 0
  Segment part 15.            Intra module refs:   rand
           ENTRY                   ADDRESS         REF BY
           =====                   =======         ======
           __Constant_19660d       00001BCB 
    -------------------------------------------------------------------------
XDATA_I
  Relative segment, address: XDATA 00001BCF - 00001BD2 (0x4 bytes), align: 0
  Segment part 17.            Intra module refs:   rand
           ENTRY                   ADDRESS         REF BY
           =====                   =======         ======
           __Constant_3c6ef35f     00001BCF 
    -------------------------------------------------------------------------
XDATA_Z
  Relative segment, address: XDATA 00001327 - 00001328 (0x2 bytes), align: 0
  Segment part 10.            Intra module refs:   rand
           ENTRY                   ADDRESS         REF BY
           =====                   =======         ======
           __iar_Tls_setup__Randseed
                                   00001327        srand (?srand)
    -------------------------------------------------------------------------
XDATA_Z
  Relative segment, address: XDATA 00001329 - 0000132C (0x4 bytes), align: 0
  Segment part 11.            Intra module refs:   rand
    -------------------------------------------------------------------------
XDATA_Z
  Relative segment, address: XDATA 0000132D - 0000132E (0x2 bytes), align: 0
  Segment part 12.            Intra module refs:   rand
    -------------------------------------------------------------------------
XDATA_Z
  Relative segment, address: XDATA 0000132F - 000013AE (0x80 bytes), align: 0
  Segment part 13.            Intra module refs:   rand
    -------------------------------------------------------------------------
XDATA_Z
  Relative segment, address: XDATA 000013AF - 000013B0 (0x2 bytes), align: 0
  Segment part 14.            Intra module refs:   rand
    -------------------------------------------------------------------------
<BANKED_CODE> 1 (was BANKED_CODE)
  Relative segment, address: CODE 00005CA8 - 00005E09 (0x162 bytes), align: 0
  Segment part 19.            Intra module refs:   rand::?relay
           ENTRY                   ADDRESS         REF BY
           =====                   =======         ======
           rand                    00005CA8 
               XSTACK = 00000000 ( 00000010 )
    -------------------------------------------------------------------------
<BANKED_CODE> 1 (was BANKED_CODE)
  Relative segment, address: CODE 00005E0A - 00005E0F (0x6 bytes), align: 0
  Segment part 21.            Intra module refs:   rand
    -------------------------------------------------------------------------
<BANKED_CODE> 1 (was BANKED_CODE)
  Relative segment, address: CODE 00005E10 - 00005E17 (0x8 bytes), align: 0
  Segment part 22.            Intra module refs:   rand
    -------------------------------------------------------------------------
XDATA_ID
  Relative segment, address: CODE 000008D1 - 000008D4 (0x4 bytes), align: 0
  Segment part 9.             Intra module refs:   _Randseed
    -------------------------------------------------------------------------
XDATA_ID
  Relative segment, address: CODE 000008D5 - 000008D8 (0x4 bytes), align: 0
  Segment part 16.            Intra module refs:   __Constant_19660d
    -------------------------------------------------------------------------
XDATA_ID
  Relative segment, address: CODE 000008D9 - 000008DC (0x4 bytes), align: 0
  Segment part 18.            Intra module refs:   __Constant_3c6ef35f
    -------------------------------------------------------------------------
BANK_RELAYS
  Relative segment, address: CODE 00000D21 - 00000D26 (0x6 bytes), align: 0
  Segment part 20.
           ENTRY                   ADDRESS         REF BY
           =====                   =======         ======
           rand::?relay            00000D21        _throw_dice (?__write)
                                                   random_core_init (?__write)

    -------------------------------------------------------------------------
  LIBRARY MODULE, NAME : ?srand

  SEGMENTS IN THE MODULE
  ======================
<BANKED_CODE> 1 (was BANKED_CODE)
  Relative segment, address: CODE 00005EBB - 00005F02 (0x48 bytes), align: 0
  Segment part 6.             Intra module refs:   srand::?relay
           ENTRY                   ADDRESS         REF BY
           =====                   =======         ======
           srand                   00005EBB 
               XSTACK = 00000000 ( 0000000C )
    -------------------------------------------------------------------------
BANK_RELAYS
  Relative segment, address: CODE 00000D27 - 00000D2C (0x6 bytes), align: 0
  Segment part 7.
           ENTRY                   ADDRESS         REF BY
           =====                   =======         ======
           srand::?relay           00000D27        random_core_init (?__write)

    -------------------------------------------------------------------------
  LIBRARY MODULE, NAME : ?strlen

  SEGMENTS IN THE MODULE
  ======================
<BANKED_CODE> 1 (was BANKED_CODE)
  Relative segment, address: CODE 00005FBB - 00005FD8 (0x1e bytes), align: 0
  Segment part 6.             Intra module refs:   strlen::?relay
           ENTRY                   ADDRESS         REF BY
           =====                   =======         ======
           strlen                  00005FBB 
               is indirectly called
               ISTACK = 00000000 ( 00000002 )
    -------------------------------------------------------------------------
BANK_RELAYS
  Relative segment, address: CODE 00000D2D - 00000D32 (0x6 bytes), align: 0
  Segment part 7.
           ENTRY                   ADDRESS         REF BY
           =====                   =======         ======
           strlen::?relay          00000D2D        _PrintfTiny (?xprintftiny)

    -------------------------------------------------------------------------
  LIBRARY MODULE, NAME : ?xprintftiny

  SEGMENTS IN THE MODULE
  ======================
<BANKED_CODE> 1 (was BANKED_CODE)
  Relative segment, address: CODE 00005877 - 000058C8 (0x52 bytes), align: 0
  Segment part 14.            Intra module refs:   out::?relay
           LOCAL                   ADDRESS         
           =====                   =======         
           out                     00005877 
               XSTACK = 0000002F ( 0000000E )
    -------------------------------------------------------------------------
<BANKED_CODE> 1 (was BANKED_CODE)
  Relative segment, address: CODE 000058C9 - 00005C49 (0x381 bytes), align: 0
  Segment part 16.            Intra module refs:   _PrintfTiny::?relay
           ENTRY                   ADDRESS         REF BY
           =====                   =======         ======
           _PrintfTiny             000058C9 
               calls direct
               XSTACK = 00000004 ( 0000002F )
               ISTACK = 00000000 ( 00000001 )
    -------------------------------------------------------------------------
<BANKED_CODE> 1 (was BANKED_CODE)
  Relative segment, address: CODE 00005C4A - 00005C52 (0x9 bytes), align: 0
  Segment part 18.            Intra module refs:   _PrintfTiny
    -------------------------------------------------------------------------
<BANKED_CODE> 1 (was BANKED_CODE)
  Relative segment, address: CODE 00005C53 - 00005C58 (0x6 bytes), align: 0
  Segment part 19.            Intra module refs:   _PrintfTiny
    -------------------------------------------------------------------------
<BANKED_CODE> 1 (was BANKED_CODE)
  Relative segment, address: CODE 00005C59 - 00005C5C (0x4 bytes), align: 0
  Segment part 20.            Intra module refs:   Segment part 19
                                                   Segment part 27
                                                   _PrintfTiny
    -------------------------------------------------------------------------
<BANKED_CODE> 1 (was BANKED_CODE)
  Relative segment, address: CODE 00005C5D - 00005C65 (0x9 bytes), align: 0
  Segment part 21.            Intra module refs:   Segment part 20
                                                   Segment part 23
    -------------------------------------------------------------------------
<BANKED_CODE> 1 (was BANKED_CODE)
  Relative segment, address: CODE 00005C66 - 00005C69 (0x4 bytes), align: 0
  Segment part 22.            Intra module refs:   _PrintfTiny
    -------------------------------------------------------------------------
<BANKED_CODE> 1 (was BANKED_CODE)
  Relative segment, address: CODE 00005C6A - 00005C71 (0x8 bytes), align: 0
  Segment part 23.            Intra module refs:   Segment part 22
                                                   Segment part 24
    -------------------------------------------------------------------------
<BANKED_CODE> 1 (was BANKED_CODE)
  Relative segment, address: CODE 00005C72 - 00005C82 (0x11 bytes), align: 0
  Segment part 24.            Intra module refs:   _PrintfTiny
    -------------------------------------------------------------------------
<BANKED_CODE> 1 (was BANKED_CODE)
  Relative segment, address: CODE 00005C83 - 00005C87 (0x5 bytes), align: 0
  Segment part 25.            Intra module refs:   _PrintfTiny
    -------------------------------------------------------------------------
<BANKED_CODE> 1 (was BANKED_CODE)
  Relative segment, address: CODE 00005C88 - 00005C94 (0xd bytes), align: 0
  Segment part 26.            Intra module refs:   Segment part 25
                                                   _PrintfTiny
    -------------------------------------------------------------------------
<BANKED_CODE> 1 (was BANKED_CODE)
  Relative segment, address: CODE 00005C95 - 00005C9D (0x9 bytes), align: 0
  Segment part 27.            Intra module refs:   _PrintfTiny
    -------------------------------------------------------------------------
<BANKED_CODE> 1 (was BANKED_CODE)
  Relative segment, address: CODE 00005C9E - 00005CA7 (0xa bytes), align: 0
  Segment part 28.            Intra module refs:   Segment part 27
                                                   _PrintfTiny
    -------------------------------------------------------------------------
XDATA_ID
  Relative segment, address: CODE 000008DD - 000008DE (0x2 bytes), align: 0
  Segment part 7.             Intra module refs:   Segment part 6
    -------------------------------------------------------------------------
XDATA_ID
  Relative segment, address: CODE 000008DF - 000008E0 (0x2 bytes), align: 0
  Segment part 9.             Intra module refs:   Segment part 8
    -------------------------------------------------------------------------
XDATA_ID
  Relative segment, address: CODE 000008E1 - 000008E4 (0x4 bytes), align: 0
  Segment part 11.            Intra module refs:   __Constant_0
    -------------------------------------------------------------------------
XDATA_ID
  Relative segment, address: CODE 000008E5 - 000008E8 (0x4 bytes), align: 0
  Segment part 13.            Intra module refs:   __Constant_ffff
    -------------------------------------------------------------------------
BANK_RELAYS
  Relative segment, address: CODE 00000D33 - 00000D38 (0x6 bytes), align: 0
  Segment part 15.            Intra module refs:   _PrintfTiny
           LOCAL                   ADDRESS         
           =====                   =======         
           out::?relay             00000D33 
    -------------------------------------------------------------------------
BANK_RELAYS
  Relative segment, address: CODE 00000D39 - 00000D3E (0x6 bytes), align: 0
  Segment part 17.
           ENTRY                   ADDRESS         REF BY
           =====                   =======         ======
           _PrintfTiny::?relay     00000D39        printf (?printf)
    -------------------------------------------------------------------------
XDATA_I
  Relative segment, address: XDATA 00001BD3 - 00001BD4 (0x2 bytes), align: 0
  Segment part 6.             Intra module refs:   _PrintfTiny
    -------------------------------------------------------------------------
XDATA_I
  Relative segment, address: XDATA 00001BD5 - 00001BD6 (0x2 bytes), align: 0
  Segment part 8.             Intra module refs:   _PrintfTiny
    -------------------------------------------------------------------------
XDATA_I
  Relative segment, address: XDATA 00001BD7 - 00001BDA (0x4 bytes), align: 0
  Segment part 10.            Intra module refs:   _PrintfTiny
           ENTRY                   ADDRESS         REF BY
           =====                   =======         ======
           __Constant_0            00001BD7 
    -------------------------------------------------------------------------
XDATA_I
  Relative segment, address: XDATA 00001BDB - 00001BDE (0x4 bytes), align: 0
  Segment part 12.            Intra module refs:   _PrintfTiny
           ENTRY                   ADDRESS         REF BY
           =====                   =======         ======
           __Constant_ffff         00001BDB 

    -------------------------------------------------------------------------
  LIBRARY MODULE, NAME : ?xprout

  SEGMENTS IN THE MODULE
  ======================
<BANKED_CODE> 1 (was BANKED_CODE)
  Relative segment, address: CODE 00005F6C - 00005F96 (0x2b bytes), align: 0
  Segment part 6.             Intra module refs:   _Prout::?relay
           ENTRY                   ADDRESS         REF BY
           =====                   =======         ======
           _Prout                  00005F6C 
               calls direct
               XSTACK = 00000000 ( 0000000E )
    -------------------------------------------------------------------------
BANK_RELAYS
  Relative segment, address: CODE 00000D3F - 00000D44 (0x6 bytes), align: 0
  Segment part 7.
           ENTRY                   ADDRESS         REF BY
           =====                   =======         ======
           _Prout::?relay          00000D3F        printf (?printf)




                ****************************************
                *                                      *
                *      SEGMENTS IN ADDRESS ORDER       *
                *                                      *
                ****************************************


SEGMENT              SPACE    START ADDRESS   END ADDRESS     SIZE  TYPE  ALIGN
=======              =====    =============   ===========     ====  ====  =====
INTVEC               CODE          00000000 - 0000002D          2E   com    0
CSTART               CODE          0000002E - 000000BA          8D   rel    0
IDATA_ID             CODE               000000BB                     dse    0
BIT_ID               CODE               000000BB                     dse    0
BDATA_ID             CODE               000000BB                     dse    0
IXDATA_ID            CODE               000000BB                     dse    0
PDATA_ID             CODE               000000BB                     dse    0
DATA_ID              CODE               000000BB                     dse    0
XDATA_ID             CODE          000000BB - 000008E8         82E   rel    0
BANK_RELAYS          CODE          000008E9 - 00000D44         45C   rel    0
RCODE                CODE          00000D45 - 00001678         934   rel    0
DIFUNCT              CODE               00001679                     rel    0
CODE_C               CODE               00001679                     dse    0
CODE_N               CODE               00001679                     dse    0
NEAR_CODE            CODE          00001679 - 0000169D          25   rel    0
<BANKED_CODE> 1      CODE          0000169E - 00005FE9        494C   rel    0
REGISTERS            DATA          00000000 - 00000007           8   rel    0
VREG                 DATA          00000008 - 0000000F           8   rel    0
PSP                  DATA          00000010 - 00000010           1   rel    0
XSP                  DATA          00000011 - 00000012           2   rel    0
BREG                 BIT        00000020.0  -  00000020.7        8   rel    0
SFR_AN               DATA          00000086 - 00000087           2   rel    0
                     DATA          00000090 - 00000091           2 
                     DATA          00000094 - 00000097           4 
                     DATA          0000009D - 0000009E           2 
                     DATA          000000A2 - 000000A5           4 
                     DATA          000000A8 - 000000A8           1 
                     DATA          000000AD - 000000AD           1 
                     DATA          000000B3 - 000000B3           1 
                     DATA          000000BE - 000000BE           1 
                     DATA          000000C0 - 000000C2           3 
                     DATA          000000C5 - 000000C6           2 
                     DATA          000000D2 - 000000D7           6 
                     DATA          000000D9 - 000000D9           1 
                     DATA          000000E1 - 000000E1           1 
                     DATA          000000E9 - 000000E9           1 
                     DATA          000000F1 - 000000F1           1 
                     DATA          000000F3 - 000000F4           2 
                     DATA          000000F8 - 000000FA           3 
                     DATA          000000FC - 000000FC           1 
                     DATA          000000FE - 000000FE           1 
XSTACK               XDATA         00000001 - 00000300         300   rel    0
XDATA_Z              XDATA         00000301 - 000013B0        10B0   rel    0
XDATA_I              XDATA         000013B1 - 00001BDE         82E   rel    0
PDATA_Z              XDATA              00001E00                     dse    0
PSTACK               XDATA         00001E00 - 00001E7F          80   rel    0
ISTACK               IDATA         00000080 - 000000FF          80   rel    0

                ****************************************
                *                                      *
                *        END OF CROSS REFERENCE        *
                *                                      *
                ****************************************

 24 554 bytes of CODE  memory
     19 bytes of DATA  memory (+ 40 absolute )
  7 262 bytes of XDATA memory
    128 bytes of IDATA memory
      8 bits  of BIT   memory

Errors: none
Warnings: none

