################################################################################
#                                                                              #
#      IAR Universal Linker V6.4.6.89                                          #
#                                                                              #
#           Link time     =  18/Apr/2020  16:20:03                             #
#           Target CPU    =  x51                                               #
#           List file     =  "E:\Neocore\Hardware\PRG Transmiter\Debug\List\tr #
#                            ansmiter.map"                                     #
#           Output file 1 =  "E:\Neocore\Hardware\PRG Transmiter\Debug\Exe\tra #
#                            nsmiter.d51"                                      #
#                            Format: ubrof10                                   #
#                            UBROF version 10.0.6                              #
#                            Using library modules for C-SPY (-rt)             #
#           Command line  =  -f                                                #
#                            C:\Users\08A4~1\AppData\Local\Temp\EWC7C9.tmp     #
#                            ("E:\Neocore\Hardware\PRG Transmiter\Debug\Obj\ac #
#                            tion_manager.r51"                                 #
#                            "E:\Neocore\Hardware\PRG Transmiter\Debug\Obj\ala #
#                            rm_timer.r51"                                     #
#                            "E:\Neocore\Hardware\PRG Transmiter\Debug\Obj\cmd #
#                            _0x00.r51"                                        #
#                            "E:\Neocore\Hardware\PRG Transmiter\Debug\Obj\cmd #
#                            _0x01.r51"                                        #
#                            "E:\Neocore\Hardware\PRG Transmiter\Debug\Obj\cmd #
#                            _0x02.r51"                                        #
#                            "E:\Neocore\Hardware\PRG Transmiter\Debug\Obj\cmd #
#                            _0x03.r51"                                        #
#                            "E:\Neocore\Hardware\PRG Transmiter\Debug\Obj\cmd #
#                            _0x04.r51"                                        #
#                            "E:\Neocore\Hardware\PRG Transmiter\Debug\Obj\cmd #
#                            _0x05.r51"                                        #
#                            "E:\Neocore\Hardware\PRG Transmiter\Debug\Obj\cmd #
#                            _0x06.r51"                                        #
#                            "E:\Neocore\Hardware\PRG Transmiter\Debug\Obj\cmd #
#                            _0x07.r51"                                        #
#                            "E:\Neocore\Hardware\PRG Transmiter\Debug\Obj\cmd #
#                            _0x08.r51"                                        #
#                            "E:\Neocore\Hardware\PRG Transmiter\Debug\Obj\cmd #
#                            _0x09.r51"                                        #
#                            "E:\Neocore\Hardware\PRG Transmiter\Debug\Obj\cmd #
#                            _0x0A.r51"                                        #
#                            "E:\Neocore\Hardware\PRG Transmiter\Debug\Obj\cmd #
#                            _0x0B.r51"                                        #
#                            "E:\Neocore\Hardware\PRG Transmiter\Debug\Obj\cmd #
#                            _0x0C.r51"                                        #
#                            "E:\Neocore\Hardware\PRG Transmiter\Debug\Obj\cmd #
#                            _0x0D.r51"                                        #
#                            "E:\Neocore\Hardware\PRG Transmiter\Debug\Obj\cmd #
#                            _0x0E.r51"                                        #
#                            "E:\Neocore\Hardware\PRG Transmiter\Debug\Obj\cmd #
#                            _0x0F.r51"                                        #
#                            "E:\Neocore\Hardware\PRG Transmiter\Debug\Obj\cmd #
#                            _0x10.r51"                                        #
#                            "E:\Neocore\Hardware\PRG Transmiter\Debug\Obj\cmd #
#                            _0x11.r51"                                        #
#                            "E:\Neocore\Hardware\PRG Transmiter\Debug\Obj\cmd #
#                            _parser.r51"                                      #
#                            "E:\Neocore\Hardware\PRG Transmiter\Debug\Obj\cod #
#                            er.r51"                                           #
#                            "E:\Neocore\Hardware\PRG Transmiter\Debug\Obj\cpu #
#                            .r51"                                             #
#                            "E:\Neocore\Hardware\PRG Transmiter\Debug\Obj\deb #
#                            ug.r51"                                           #
#                            "E:\Neocore\Hardware\PRG Transmiter\Debug\Obj\dma #
#                            .r51"                                             #
#                            "E:\Neocore\Hardware\PRG Transmiter\Debug\Obj\fra #
#                            me.r51"                                           #
#                            "E:\Neocore\Hardware\PRG Transmiter\Debug\Obj\led #
#                            .r51"                                             #
#                            "E:\Neocore\Hardware\PRG Transmiter\Debug\Obj\llc #
#                            .r51"                                             #
#                            "E:\Neocore\Hardware\PRG Transmiter\Debug\Obj\mac #
#                            .r51"                                             #
#                            "E:\Neocore\Hardware\PRG Transmiter\Debug\Obj\mai #
#                            n.r51"                                            #
#                            "E:\Neocore\Hardware\PRG Transmiter\Debug\Obj\mem #
#                            _slots.r51"                                       #
#                            "E:\Neocore\Hardware\PRG Transmiter\Debug\Obj\mem #
#                            _utils.r51"                                       #
#                            "E:\Neocore\Hardware\PRG Transmiter\Debug\Obj\mod #
#                            el.r51"                                           #
#                            "E:\Neocore\Hardware\PRG Transmiter\Debug\Obj\rad #
#                            io.r51"                                           #
#                            "E:\Neocore\Hardware\PRG Transmiter\Debug\Obj\rtc #
#                            .r51"                                             #
#                            "E:\Neocore\Hardware\PRG Transmiter\Debug\Obj\syn #
#                            c.r51"                                            #
#                            "E:\Neocore\Hardware\PRG Transmiter\Debug\Obj\tim #
#                            e_manager.r51"                                    #
#                            "E:\Neocore\Hardware\PRG Transmiter\Debug\Obj\uar #
#                            t_comm.r51"                                       #
#                            "E:\Neocore\Hardware\PRG Transmiter\Debug\Obj\ust #
#                            imer.r51"                                         #
#                            -o                                                #
#                            "E:\Neocore\Hardware\PRG Transmiter\Debug\Exe\tra #
#                            nsmiter.d51"                                      #
#                            -l                                                #
#                            "E:\Neocore\Hardware\PRG Transmiter\Debug\List\tr #
#                            ansmiter.map"                                     #
#                            -xms                                              #
#                            "-IC:\Program Files (x86)\IAR Systems\Embedded Wo #
#                            rkbench 8.0\8051\LIB\"                            #
#                            -f                                                #
#                            "C:\Program Files (x86)\IAR Systems\Embedded Work #
#                            bench 8.0\8051\config\devices\Texas Instruments\l #
#                            nk51ew_CC2530F256_banked.xcl"                     #
#                            (-D_IDATA0_START=0x00 -D_IDATA0_END=0xFF          #
#                            -D_PDATA0_START=0x1E00 -D_PDATA0_END=0x1EFF       #
#                            -D_IXDATA0_START=0x0001 -D_IXDATA0_END=0x1EFF     #
#                            -D_XDATA0_START=_IXDATA0_START                    #
#                            -D_XDATA0_END=_IXDATA0_END                        #
#                            -D_NEAR_CODE_START=0x0000                         #
#                            -D_FIRST_BANK_ADDR=0x10000 -D?REGISTER_BANK=0x0   #
#                            -D_REGISTER_BANK_START=0x0 -D_BREG_START=0x00     #
#                            -D?VB=0x20 -Z(BIT)BREG=_BREG_START                #
#                            -Z(BIT)BIT_N=0-7F                                 #
#                            -Z(DATA)REGISTERS+8=_REGISTER_BANK_START          #
#                            -Z(DATA)BDATA_Z,BDATA_N,BDATA_I=20-2F             #
#                            -Z(DATA)VREG=08-7F -Z(DATA)PSP,XSP=08-7F          #
#                            -Z(DATA)DOVERLAY=08-7F                            #
#                            -Z(DATA)DATA_I,DATA_Z,DATA_N=08-7F                #
#                            -U(IDATA)0-7F=(DATA)0-7F                          #
#                            -Z(IDATA)IDATA_I,IDATA_Z,IDATA_N=08-_IDATA0_END   #
#                            -Z(IDATA)ISTACK+_IDATA_STACK_SIZE#08-_IDATA0_END  #
#                            -Z(IDATA)IOVERLAY=08-FF -Z(CODE)INTVEC=0          #
#                            -Z(CODE)CSTART=_NEAR_CODE_START-(_CODEBANK_START- #
#                            1)                                                #
#                            -Z(CODE)BIT_ID,BDATA_ID,DATA_ID,IDATA_ID,IXDATA_I #
#                            D,PDATA_ID,XDATA_ID=_NEAR_CODE_START-(_CODEBANK_S #
#                            TART-1)                                           #
#                            -Z(CODE)BANK_RELAYS,RCODE,DIFUNCT,CODE_C,CODE_N,N #
#                            EAR_CODE=_NEAR_CODE_START-(_CODEBANK_START-1)     #
#                            -P(CODE)BANKED_CODE=_NEAR_CODE_START-(_CODEBANK_S #
#                            TART-1),[(_CODEBANK_START+_FIRST_BANK_ADDR)-(_COD #
#                            EBANK_END+_FIRST_BANK_ADDR)]*_NR_OF_BANKS+10000   #
#                            -Z(CODE)CHECKSUM#(_CODEBANK_START-1)              #
#                            -Z(XDATA)PDATA_Z,PDATA_I=_PDATA0_START-_PDATA0_EN #
#                            D                                                 #
#                            -P(XDATA)PDATA_N=_PDATA0_START-_PDATA0_END        #
#                            -Z(XDATA)PSTACK+_PDATA_STACK_SIZE=_PDATA0_START-_ #
#                            PDATA0_END                                        #
#                            -Z(XDATA)EXT_STACK+_EXTENDED_STACK_SIZE=_EXTENDED #
#                            _STACK_START                                      #
#                            -Z(XDATA)XSTACK+_XDATA_STACK_SIZE=_XDATA0_START-_ #
#                            XDATA0_END                                        #
#                            -Z(XDATA)IXDATA_Z,IXDATA_I=_IXDATA0_START-_IXDATA #
#                            0_END                                             #
#                            -P(XDATA)IXDATA_N=_IXDATA0_START-_IXDATA0_END     #
#                            -Z(XDATA)XDATA_Z,XDATA_I=_XDATA0_START-_XDATA0_EN #
#                            D                                                 #
#                            -P(XDATA)XDATA_N=_XDATA0_START-_XDATA0_END        #
#                            -Z(XDATA)XDATA_HEAP+_XDATA_HEAP_SIZE=_XDATA0_STAR #
#                            T-_XDATA0_END                                     #
#                            -Z(CONST)XDATA_ROM_C=_XDATA0_START-_XDATA0_END    #
#                            -cx51                                             #
#                            -M(CODE)[(_CODEBANK_START+_FIRST_BANK_ADDR)-(_COD #
#                            EBANK_END+_FIRST_BANK_ADDR)]*_NR_OF_BANKS+0x10000 #
#                            =0x8000                                           #
#                            -ww69=i -D_BANK0_START=0x00000                    #
#                            -D_BANK0_END=0x07FFF -D_BANK1_START=0x18000       #
#                            -D_BANK1_END=0x1FFFF -D_BANK2_START=0x28000       #
#                            -D_BANK2_END=0x2FFFF -D_BANK3_START=0x38000       #
#                            -D_BANK3_END=0x3FFFF -D_BANK4_START=0x48000       #
#                            -D_BANK4_END=0x4FFFF -D_BANK5_START=0x58000       #
#                            -D_BANK5_END=0x5FFFF -D_BANK6_START=0x68000       #
#                            -D_BANK6_END=0x6FFFF -D_BANK7_START=0x78000       #
#                            -D_BANK7_END=0x7FFFF                              #
#                            -P(CODE)BANK0=_BANK0_START-_BANK0_END             #
#                            -P(CODE)BANK1=_BANK1_START-_BANK1_END             #
#                            -P(CODE)BANK2=_BANK2_START-_BANK2_END             #
#                            -P(CODE)BANK3=_BANK3_START-_BANK3_END             #
#                            -P(CODE)BANK4=_BANK4_START-_BANK4_END             #
#                            -P(CODE)BANK5=_BANK5_START-_BANK5_END             #
#                            -P(CODE)BANK6=_BANK6_START-_BANK6_END             #
#                            -P(CODE)BANK7=_BANK7_START-_BANK7_END             #
#                            -D_FLASH_LOCK_BITS_START=0x7FFF0                  #
#                            -D_FLASH_LOCK_BITS_END=0x7FFFF                    #
#                            -Z(CODE)FLASH_LOCK_BITS=_FLASH_LOCK_BITS_START-_F #
#                            LASH_LOCK_BITS_END                                #
#                            -U(CODE)0x0000=(CODE)_FLASH_LOCK_BITS_START-_FLAS #
#                            H_LOCK_BITS_END)                                  #
#                            -D_NR_OF_VIRTUAL_REGISTERS=8 -D?PBANK=0x93        #
#                            -D?CBANK=0x9F -D?CBANK_MASK=0xFF                  #
#                            -e?BCALL_FF=?BCALL -e?BRET_FF=?BRET               #
#                            -e?BDISPATCH_FF=?BDISPATCH                        #
#                            -D_CODEBANK_START=0x8000 -D_CODEBANK_END=0xFFFF   #
#                            -D_NR_OF_BANKS=0x07                               #
#                            "-IC:\Program Files (x86)\IAR Systems\Embedded Wo #
#                            rkbench 8.0\8051\CONFIG\"                         #
#                            -rt -s __program_start                            #
#                            "C:\Program Files (x86)\IAR Systems\Embedded Work #
#                            bench 8.0\8051\LIB\CLIB\cl-pli-blxc-1e16x01.r51"  #
#                            -D_IDATA_STACK_SIZE=0x80 -D?ESP=0 -D?ESP_MASK=0   #
#                            -D_EXTENDED_STACK_START=0                         #
#                            -D_EXTENDED_STACK_SIZE=0                          #
#                            -D_PDATA_STACK_SIZE=0x80                          #
#                            -D_XDATA_STACK_SIZE=0x300                         #
#                            -D_XDATA_HEAP_SIZE=0x00 -D_FAR_HEAP_SIZE=0xFFF    #
#                            -D_HUGE_HEAP_SIZE=0xFFF                           #
#                            -D_FAR22_HEAP_SIZE=0xFFF)                         #
#                                                                              #
#                           Copyright (C) 1987-2016 IAR Systems AB.            #
################################################################################





                ****************************************
                *                                      *
                *           CROSS REFERENCE            *
                *                                      *
                ****************************************

       Program entry at : CODE      0000007F  Relocatable, from module : CSTARTUP




                ****************************************
                *                                      *
                *            RUNTIME MODEL             *
                *                                      *
                ****************************************

  __SystemLibrary          = CLib
  __calling_convention     = xdata_reentrant
  __code_model             = banked
  __core                   = plain
  __data_model             = large
  __dptr_size              = 16
  __extended_stack         = disabled
  __location_for_constants = code
  __number_of_dptrs        = 1
  __register_banks         = *
  __rt_version             = 1

                ****************************************
                *                                      *
                *    AUTOMATIC SYMBOL REDIRECTIONS     *
                *                                      *
                ****************************************

                  There are no automatic symbol redirections.



                ****************************************
                *                                      *
                *              MODULE MAP              *
                *                                      *
                ****************************************


  DEFINED ABSOLUTE ENTRIES
    *************************************************************************

  DEFINED ABSOLUTE ENTRIES
  PROGRAM MODULE, NAME : ?ABS_ENTRY_MOD

Absolute parts
           ENTRY                   ADDRESS         REF BY
           =====                   =======         ======
           _FAR22_HEAP_SIZE        00000FFF 
           _HUGE_HEAP_SIZE         00000FFF 
           _FAR_HEAP_SIZE          00000FFF 
           _XDATA_HEAP_SIZE        00000000 
           _XDATA_STACK_SIZE       00000300 
           _PDATA_STACK_SIZE       00000080 
           _EXTENDED_STACK_SIZE    00000000 
           _EXTENDED_STACK_START   00000000 
           ?ESP_MASK               00000000 
           ?ESP                    00000000 
           _IDATA_STACK_SIZE       00000080 
           _NR_OF_BANKS            00000007 
           _CODEBANK_END           0000FFFF 
           _CODEBANK_START         00008000 
           ?CBANK_MASK             000000FF 
           ?CBANK                  0000009F        ?LONGJMP_XDATA (?LONGJMP_XDATA)
                                                   ?RESET_CODE_BANK (CSTARTUP)
                                                   ?SETJMP_XDATA (?SETJMP_XDATA)
                                                   Segment part 0 (?BANKED_CODE_SUPPORT)
           ?PBANK                  00000093        ?RESET_PDATA_BANK (CSTARTUP)
           _NR_OF_VIRTUAL_REGISTERS
                                   00000008 
           _FLASH_LOCK_BITS_END    0003FFFF 
           _FLASH_LOCK_BITS_START
                                   0003FFF0 
           _BANK7_END              0003FFFF 
           _BANK7_START            00038000 
           _BANK6_END              00037FFF 
           _BANK6_START            00030000 
           _BANK5_END              0002FFFF 
           _BANK5_START            00028000 
           _BANK4_END              00027FFF 
           _BANK4_START            00020000 
           _BANK3_END              0001FFFF 
           _BANK3_START            00018000 
           _BANK2_END              00017FFF 
           _BANK2_START            00010000 
           _BANK1_END              0000FFFF 
           _BANK1_START            00008000 
           _BANK0_END              00007FFF 
           _BANK0_START            00000000 
           ?VB                     00000020        ?BANKED_ENTER_XDATA (?BANKED_ENTER_XDATA)
                                                   ?BANKED_LEAVE_XDATA (?BANKED_LEAVE_XDATA)
                                                   ?INTERRUPT_ENTER_XSP (?INTERRUPT_ENTER_XSP)
                                                   ?INTERRUPT_LEAVE_XSP (?INTERRUPT_LEAVE_XSP)
                                                   ?LONGJMP_XDATA (?LONGJMP_XDATA)
                                                   ?SETJMP_XDATA (?SETJMP_XDATA)
                                                   AES_StreamCoder (action_manager)
                                                   AT_enable (action_manager)
                                                   MAC_Send (action_manager)
                                                   RI_Receive (action_manager)
                                                   RI_Send (action_manager)
                                                   RI_Send_time (action_manager)
                                                   RecvData (action_manager)
                                                   SL_free (action_manager)
                                                   SendData (action_manager)
                                                   _formatted_write_P (?largewr_p)
                                                   cmd_0x0B (action_manager)
                                                   cmd_0x0D (action_manager)
                                                   send_sync (action_manager)
           _BREG_START             00000000 
           _REGISTER_BANK_START    00000000 
           ?REGISTER_BANK          00000000        Segment part 6 (CSTARTUP)
           _FIRST_BANK_ADDR        00010000 
           _NEAR_CODE_START        00000000 
           _XDATA0_END             00001EFF 
           _XDATA0_START           00000001 
           _IXDATA0_END            00001EFF 
           _IXDATA0_START          00000001 
           _PDATA0_END             00001EFF 
           _PDATA0_START           00001E00 
           _IDATA0_END             000000FF 
           _IDATA0_START           00000000 
    *************************************************************************

  FILE NAME : E:\Neocore\Hardware\PRG Transmiter\Debug\Obj\action_manager.r51
  PROGRAM MODULE, NAME : action_manager

  SEGMENTS IN THE MODULE
  ======================
SFR_AN
  Relative segment, address: DATA 00000086 - 00000086 (0x1 bytes), align: 0
  Segment part 1. ROOT        Intra module refs:   putchar
                                                   uart_init
           ENTRY                   ADDRESS         REF BY
           =====                   =======         ======
           U0CSR                   00000086 
    -------------------------------------------------------------------------
SFR_AN
  Relative segment, address: DATA 00000087 - 00000087 (0x1 bytes), align: 0
  Segment part 2. ROOT        Intra module refs:   mcu_sleep
           ENTRY                   ADDRESS         REF BY
           =====                   =======         ======
           PCON                    00000087 
    -------------------------------------------------------------------------
SFR_AN
  Relative segment, address: DATA 00000090 - 00000090 (0x1 bytes), align: 0
  Segment part 3. ROOT        Intra module refs:   HW_Init
                                                   mode_1_receive_process
                                                   mode_2_process
           ENTRY                   ADDRESS         REF BY
           =====                   =======         ======
           _A_P1                   00000090 
           LOCAL                   ADDRESS         
           =====                   =======         
           P1                      00000090 
    -------------------------------------------------------------------------
SFR_AN
  Relative segment, address: DATA 00000091 - 00000091 (0x1 bytes), align: 0
  Segment part 4. ROOT        Intra module refs:   SendData
           ENTRY                   ADDRESS         REF BY
           =====                   =======         ======
           RFIRQF1                 00000091 
    -------------------------------------------------------------------------
SFR_AN
  Relative segment, address: DATA 00000094 - 00000094 (0x1 bytes), align: 0
  Segment part 5. ROOT        Intra module refs:   HW_Init
           ENTRY                   ADDRESS         REF BY
           =====                   =======         ======
           T2CTRL                  00000094 
    -------------------------------------------------------------------------
SFR_AN
  Relative segment, address: DATA 00000095 - 00000095 (0x1 bytes), align: 0
  Segment part 6. ROOT        Intra module refs:   AT_wait
                                                   ReadTimer
                                                   loadTimerCompare
           ENTRY                   ADDRESS         REF BY
           =====                   =======         ======
           ST0                     00000095 
    -------------------------------------------------------------------------
SFR_AN
  Relative segment, address: DATA 00000096 - 00000096 (0x1 bytes), align: 0
  Segment part 7. ROOT        Intra module refs:   AT_wait
                                                   ReadTimer
                                                   loadTimerCompare
           ENTRY                   ADDRESS         REF BY
           =====                   =======         ======
           ST1                     00000096 
    -------------------------------------------------------------------------
SFR_AN
  Relative segment, address: DATA 00000097 - 00000097 (0x1 bytes), align: 0
  Segment part 8. ROOT        Intra module refs:   AT_wait
                                                   ReadTimer
                                                   loadTimerCompare
           ENTRY                   ADDRESS         REF BY
           =====                   =======         ======
           ST2                     00000097 
    -------------------------------------------------------------------------
SFR_AN
  Relative segment, address: DATA 0000009D - 0000009D (0x1 bytes), align: 0
  Segment part 9. ROOT        Intra module refs:   AT_wait
                                                   ReadTimer
           ENTRY                   ADDRESS         REF BY
           =====                   =======         ======
           SLEEPSTA                0000009D 
    -------------------------------------------------------------------------
SFR_AN
  Relative segment, address: DATA 0000009E - 0000009E (0x1 bytes), align: 0
  Segment part 10. ROOT       Intra module refs:   HW_Init
           ENTRY                   ADDRESS         REF BY
           =====                   =======         ======
           CLKCONSTA               0000009E 
    -------------------------------------------------------------------------
SFR_AN
  Relative segment, address: DATA 000000A2 - 000000A2 (0x1 bytes), align: 0
  Segment part 11. ROOT       Intra module refs:   UST_now
           ENTRY                   ADDRESS         REF BY
           =====                   =======         ======
           T2M0                    000000A2 
    -------------------------------------------------------------------------
SFR_AN
  Relative segment, address: DATA 000000A3 - 000000A3 (0x1 bytes), align: 0
  Segment part 12. ROOT       Intra module refs:   UST_now
           ENTRY                   ADDRESS         REF BY
           =====                   =======         ======
           T2M1                    000000A3 
    -------------------------------------------------------------------------
SFR_AN
  Relative segment, address: DATA 000000A4 - 000000A4 (0x1 bytes), align: 0
  Segment part 13. ROOT       Intra module refs:   UST_now
           ENTRY                   ADDRESS         REF BY
           =====                   =======         ======
           T2MOVF0                 000000A4 
    -------------------------------------------------------------------------
SFR_AN
  Relative segment, address: DATA 000000A5 - 000000A5 (0x1 bytes), align: 0
  Segment part 14. ROOT       Intra module refs:   UST_now
           ENTRY                   ADDRESS         REF BY
           =====                   =======         ======
           T2MOVF1                 000000A5 
    -------------------------------------------------------------------------
SFR_AN
  Relative segment, address: DATA 000000A8 - 000000A8 (0x1 bytes), align: 0
  Segment part 15. ROOT       Intra module refs:   AT_enable
                                                   HW_Init
                                                   IRQEnable
                                                   SL_alloc
                                                   SL_free
                                                   SL_set_rx
                                                   SL_set_tx
                                                   TM_IRQ
                                                   __cli
                                                   isIRQEnable
           ENTRY                   ADDRESS         REF BY
           =====                   =======         ======
           _A_IEN0                 000000A8 
           LOCAL                   ADDRESS         
           =====                   =======         
           IEN0                    000000A8 
    -------------------------------------------------------------------------
SFR_AN
  Relative segment, address: DATA 000000AD - 000000AD (0x1 bytes), align: 0
  Segment part 16. ROOT       Intra module refs:   loadTimerCompare
           ENTRY                   ADDRESS         REF BY
           =====                   =======         ======
           STLOAD                  000000AD 
    -------------------------------------------------------------------------
SFR_AN
  Relative segment, address: DATA 000000B3 - 000000B3 (0x1 bytes), align: 0
  Segment part 17. ROOT       Intra module refs:   AES_StreamCoder
           ENTRY                   ADDRESS         REF BY
           =====                   =======         ======
           ENCCS                   000000B3 
    -------------------------------------------------------------------------
SFR_AN
  Relative segment, address: DATA 000000BE - 000000BE (0x1 bytes), align: 0
  Segment part 18. ROOT       Intra module refs:   mcu_sleep
           ENTRY                   ADDRESS         REF BY
           =====                   =======         ======
           SLEEPCMD                000000BE 
    -------------------------------------------------------------------------
SFR_AN
  Relative segment, address: DATA 000000C0 - 000000C0 (0x1 bytes), align: 0
  Segment part 19. ROOT       Intra module refs:   TimerCompareInterrupt
           ENTRY                   ADDRESS         REF BY
           =====                   =======         ======
           _A_IRCON                000000C0 
           LOCAL                   ADDRESS         
           =====                   =======         
           IRCON                   000000C0 
    -------------------------------------------------------------------------
SFR_AN
  Relative segment, address: DATA 000000C1 - 000000C1 (0x1 bytes), align: 0
  Segment part 20. ROOT       Intra module refs:   putchar
           ENTRY                   ADDRESS         REF BY
           =====                   =======         ======
           U0DBUF                  000000C1 
    -------------------------------------------------------------------------
SFR_AN
  Relative segment, address: DATA 000000C2 - 000000C2 (0x1 bytes), align: 0
  Segment part 21. ROOT       Intra module refs:   uart_init
           ENTRY                   ADDRESS         REF BY
           =====                   =======         ======
           U0BAUD                  000000C2 
    -------------------------------------------------------------------------
SFR_AN
  Relative segment, address: DATA 000000C5 - 000000C5 (0x1 bytes), align: 0
  Segment part 22. ROOT       Intra module refs:   uart_init
           ENTRY                   ADDRESS         REF BY
           =====                   =======         ======
           U0GCR                   000000C5 
    -------------------------------------------------------------------------
SFR_AN
  Relative segment, address: DATA 000000C6 - 000000C6 (0x1 bytes), align: 0
  Segment part 23. ROOT       Intra module refs:   HW_Init
           ENTRY                   ADDRESS         REF BY
           =====                   =======         ======
           CLKCONCMD               000000C6 
    -------------------------------------------------------------------------
SFR_AN
  Relative segment, address: DATA 000000D2 - 000000D2 (0x1 bytes), align: 0
  Segment part 24. ROOT       Intra module refs:   HW_Init
           ENTRY                   ADDRESS         REF BY
           =====                   =======         ======
           DMA1CFGL                000000D2 
    -------------------------------------------------------------------------
SFR_AN
  Relative segment, address: DATA 000000D3 - 000000D3 (0x1 bytes), align: 0
  Segment part 25. ROOT       Intra module refs:   HW_Init
           ENTRY                   ADDRESS         REF BY
           =====                   =======         ======
           DMA1CFGH                000000D3 
    -------------------------------------------------------------------------
SFR_AN
  Relative segment, address: DATA 000000D4 - 000000D4 (0x1 bytes), align: 0
  Segment part 26. ROOT       Intra module refs:   HW_Init
           ENTRY                   ADDRESS         REF BY
           =====                   =======         ======
           DMA0CFGL                000000D4 
    -------------------------------------------------------------------------
SFR_AN
  Relative segment, address: DATA 000000D5 - 000000D5 (0x1 bytes), align: 0
  Segment part 27. ROOT       Intra module refs:   HW_Init
           ENTRY                   ADDRESS         REF BY
           =====                   =======         ======
           DMA0CFGH                000000D5 
    -------------------------------------------------------------------------
SFR_AN
  Relative segment, address: DATA 000000D6 - 000000D6 (0x1 bytes), align: 0
  Segment part 28. ROOT       Intra module refs:   AES_StreamCoder
                                                   uart_recv_cmd
           ENTRY                   ADDRESS         REF BY
           =====                   =======         ======
           DMAARM                  000000D6 
    -------------------------------------------------------------------------
SFR_AN
  Relative segment, address: DATA 000000D7 - 000000D7 (0x1 bytes), align: 0
  Segment part 29. ROOT       Intra module refs:   AES_StreamCoder
           ENTRY                   ADDRESS         REF BY
           =====                   =======         ======
           DMAREQ                  000000D7 
    -------------------------------------------------------------------------
SFR_AN
  Relative segment, address: DATA 000000D9 - 000000D9 (0x1 bytes), align: 0
  Segment part 30. ROOT       Intra module refs:   LoadTXData
                                                   UnLoadRXData
           ENTRY                   ADDRESS         REF BY
           =====                   =======         ======
           RFD                     000000D9 
    -------------------------------------------------------------------------
SFR_AN
  Relative segment, address: DATA 000000E1 - 000000E1 (0x1 bytes), align: 0
  Segment part 31. ROOT       Intra module refs:   LoadTXData
                                                   RI_Measure_POW
                                                   RecvData
                                                   SendData
                                                   random_core_init
           ENTRY                   ADDRESS         REF BY
           =====                   =======         ======
           RFST                    000000E1 
    -------------------------------------------------------------------------
SFR_AN
  Relative segment, address: DATA 000000E9 - 000000E9 (0x1 bytes), align: 0
  Segment part 32. ROOT       Intra module refs:   RecvData
                                                   SendData
           ENTRY                   ADDRESS         REF BY
           =====                   =======         ======
           RFIRQF0                 000000E9 
    -------------------------------------------------------------------------
SFR_AN
  Relative segment, address: DATA 000000F1 - 000000F1 (0x1 bytes), align: 0
  Segment part 33. ROOT       Intra module refs:   com_uart_init
                                                   uart_init
           ENTRY                   ADDRESS         REF BY
           =====                   =======         ======
           PERCFG                  000000F1 
    -------------------------------------------------------------------------
SFR_AN
  Relative segment, address: DATA 000000F3 - 000000F3 (0x1 bytes), align: 0
  Segment part 34. ROOT       Intra module refs:   uart_init
           ENTRY                   ADDRESS         REF BY
           =====                   =======         ======
           P0SEL                   000000F3 
    -------------------------------------------------------------------------
SFR_AN
  Relative segment, address: DATA 000000F4 - 000000F4 (0x1 bytes), align: 0
  Segment part 35. ROOT       Intra module refs:   com_uart_init
           ENTRY                   ADDRESS         REF BY
           =====                   =======         ======
           P1SEL                   000000F4 
    -------------------------------------------------------------------------
SFR_AN
  Relative segment, address: DATA 000000F8 - 000000F8 (0x1 bytes), align: 0
  Segment part 36. ROOT       Intra module refs:   com_uart_init
                                                   uart_putchar
           ENTRY                   ADDRESS         REF BY
           =====                   =======         ======
           _A_U1CSR                000000F8 
           LOCAL                   ADDRESS         
           =====                   =======         
           U1CSR                   000000F8 
    -------------------------------------------------------------------------
SFR_AN
  Relative segment, address: DATA 000000F9 - 000000F9 (0x1 bytes), align: 0
  Segment part 37. ROOT       Intra module refs:   uart_putchar
           ENTRY                   ADDRESS         REF BY
           =====                   =======         ======
           U1DBUF                  000000F9 
    -------------------------------------------------------------------------
SFR_AN
  Relative segment, address: DATA 000000FA - 000000FA (0x1 bytes), align: 0
  Segment part 38. ROOT       Intra module refs:   com_uart_init
           ENTRY                   ADDRESS         REF BY
           =====                   =======         ======
           U1BAUD                  000000FA 
    -------------------------------------------------------------------------
SFR_AN
  Relative segment, address: DATA 000000FC - 000000FC (0x1 bytes), align: 0
  Segment part 39. ROOT       Intra module refs:   com_uart_init
           ENTRY                   ADDRESS         REF BY
           =====                   =======         ======
           U1GCR                   000000FC 
    -------------------------------------------------------------------------
SFR_AN
  Relative segment, address: DATA 000000FE - 000000FE (0x1 bytes), align: 0
  Segment part 40. ROOT       Intra module refs:   HW_Init
           ENTRY                   ADDRESS         REF BY
           =====                   =======         ======
           P1DIR                   000000FE 
    -------------------------------------------------------------------------
XDATA_I
  Relative segment, address: XDATA 000012B8 - 000012BD (0x6 bytes), align: 0
  Segment part 240.           Intra module refs:   AM_Cold_start
           LOCAL                   ADDRESS         
           =====                   =======         
           COLD_MOD                000012B8 
    -------------------------------------------------------------------------
XDATA_I
  Relative segment, address: XDATA 000012BE - 000012C5 (0x8 bytes), align: 0
  Segment part 242.           Intra module refs:   AM_Hot_start
           LOCAL                   ADDRESS         
           =====                   =======         
           HOT_MOD                 000012BE 
    -------------------------------------------------------------------------
XDATA_I
  Relative segment, address: XDATA 000012C6 - 000012D5 (0x10 bytes), align: 0
  Segment part 244.           Intra module refs:   AM_HW_Init
           LOCAL                   ADDRESS         
           =====                   =======         
           HW_MOD                  000012C6 
    -------------------------------------------------------------------------
XDATA_I
  Relative segment, address: XDATA 000012D6 - 000012E3 (0xe bytes), align: 0
  Segment part 246.           Intra module refs:   AM_SW_Init
           LOCAL                   ADDRESS         
           =====                   =======         
           SW_MOD                  000012D6 
    -------------------------------------------------------------------------
XDATA_I
  Relative segment, address: XDATA 000012E4 - 000012E7 (0x4 bytes), align: 0
  Segment part 248.           Intra module refs:   AM_IRQ_Init
           LOCAL                   ADDRESS         
           =====                   =======         
           IRQ_MOD                 000012E4 
    -------------------------------------------------------------------------
XDATA_Z
  Relative segment, address: XDATA 00000301 - 00000302 (0x2 bytes), align: 0
  Segment part 250.           Intra module refs:   AM_Callback
           LOCAL                   ADDRESS         
           =====                   =======         
           CALLBACK                00000301 
    -------------------------------------------------------------------------
<BANKED_CODE> 1 (was BANKED_CODE)
  Relative segment, address: CODE 00001DB4 - 00001E06 (0x53 bytes), align: 0
  Segment part 326.           Intra module refs:   AM_Callback::?relay
           ENTRY                   ADDRESS         REF BY
           =====                   =======         ======
           AM_Callback             00001DB4 
               calls direct
               XSTACK = 00000000 ( 0000000C )
    -------------------------------------------------------------------------
<BANKED_CODE> 1 (was BANKED_CODE)
  Relative segment, address: CODE 00001E07 - 00001EC4 (0xbe bytes), align: 0
  Segment part 328.           Intra module refs:   AM_Cold_start::?relay
           ENTRY                   ADDRESS         REF BY
           =====                   =======         ======
           AM_Cold_start           00001E07 
               calls direct
               XSTACK = 00000009 ( 0000000C )
    -------------------------------------------------------------------------
<BANKED_CODE> 1 (was BANKED_CODE)
  Relative segment, address: CODE 00001EC5 - 00001F82 (0xbe bytes), align: 0
  Segment part 330.           Intra module refs:   AM_Hot_start::?relay
           ENTRY                   ADDRESS         REF BY
           =====                   =======         ======
           AM_Hot_start            00001EC5 
               calls direct
               XSTACK = 00000009 ( 0000000C )
    -------------------------------------------------------------------------
<BANKED_CODE> 1 (was BANKED_CODE)
  Relative segment, address: CODE 00001F83 - 00002034 (0xb2 bytes), align: 0
  Segment part 332.           Intra module refs:   AM_HW_Init::?relay
           ENTRY                   ADDRESS         REF BY
           =====                   =======         ======
           AM_HW_Init              00001F83 
               calls direct
               XSTACK = 0000000A ( 0000000C )
    -------------------------------------------------------------------------
<BANKED_CODE> 1 (was BANKED_CODE)
  Relative segment, address: CODE 00002035 - 000020EA (0xb6 bytes), align: 0
  Segment part 334.           Intra module refs:   AM_SW_Init::?relay
           ENTRY                   ADDRESS         REF BY
           =====                   =======         ======
           AM_SW_Init              00002035 
               calls direct
               XSTACK = 0000000A ( 0000000C )
    -------------------------------------------------------------------------
<BANKED_CODE> 1 (was BANKED_CODE)
  Relative segment, address: CODE 000020EB - 000021A4 (0xba bytes), align: 0
  Segment part 336.           Intra module refs:   AM_IRQ_Init::?relay
           ENTRY                   ADDRESS         REF BY
           =====                   =======         ======
           AM_IRQ_Init             000020EB 
               calls direct
               XSTACK = 00000000 ( 0000000C )
    -------------------------------------------------------------------------
<BANKED_CODE> 1 (was BANKED_CODE)
  Relative segment, address: CODE 000021A5 - 000021AB (0x7 bytes), align: 0
  Segment part 338.           Intra module refs:   __cli::?relay
           LOCAL                   ADDRESS         
           =====                   =======         
           __cli                   000021A5 
               XSTACK = 00000009 ( 00000000 )
    -------------------------------------------------------------------------
XDATA_I
  Relative segment, address: XDATA 000012E8 - 000012F1 (0xa bytes), align: 0
  Segment part 251.           Intra module refs:   Segment part 245
           ENTRY                   ADDRESS         REF BY
           =====                   =======         ======
           AT_MODULE               000012E8 
    -------------------------------------------------------------------------
XDATA_Z
  Relative segment, address: XDATA 00000303 - 00000304 (0x2 bytes), align: 0
  Segment part 253.           Intra module refs:   AT_set_time
                                                   AT_time
                                                   AT_wait
                                                   HW_Init
                                                   calcCompareTime
           LOCAL                   ADDRESS         
           =====                   =======         
           TOFFSET                 00000303 
    -------------------------------------------------------------------------
XDATA_Z
  Relative segment, address: XDATA 00000305 - 00000308 (0x4 bytes), align: 0
  Segment part 254.           Intra module refs:   AT_set_alarm
                                                   AT_set_time
                                                   HW_Init
           LOCAL                   ADDRESS         
           =====                   =======         
           COMPARE_TIME            00000305 
    -------------------------------------------------------------------------
<BANKED_CODE> 1 (was BANKED_CODE)
  Relative segment, address: CODE 000021AC - 000021D7 (0x2c bytes), align: 0
  Segment part 340.           Intra module refs:   HW_Init::?relay
           LOCAL                   ADDRESS         
           =====                   =======         
           HW_Init                 000021AC 
               calls direct, is indirectly called
               ISTACK = 00000000 ( 00000002 )
    -------------------------------------------------------------------------
<BANKED_CODE> 1 (was BANKED_CODE)
  Relative segment, address: CODE 000021D8 - 00002202 (0x2b bytes), align: 0
  Segment part 342.           Intra module refs:   AT_enable::?relay
           ENTRY                   ADDRESS         REF BY
           =====                   =======         ======
           AT_enable               000021D8 
               calls direct
               XSTACK = 00000009 ( 00000009 )
    -------------------------------------------------------------------------
<BANKED_CODE> 1 (was BANKED_CODE)
  Relative segment, address: CODE 00002203 - 00002224 (0x22 bytes), align: 0
  Segment part 344.           Intra module refs:   AT_interval::?relay
           ENTRY                   ADDRESS         REF BY
           =====                   =======         ======
           AT_interval             00002203 
               XSTACK = 0000000E ( 00000000 )
    -------------------------------------------------------------------------
<BANKED_CODE> 1 (was BANKED_CODE)
  Relative segment, address: CODE 00002225 - 000022AC (0x88 bytes), align: 0
  Segment part 346.           Intra module refs:   AT_set_time::?relay
           ENTRY                   ADDRESS         REF BY
           =====                   =======         ======
           AT_set_time             00002225 
               calls direct
               XSTACK = 0000000E ( 00000010 )
    -------------------------------------------------------------------------
<BANKED_CODE> 1 (was BANKED_CODE)
  Relative segment, address: CODE 000022AD - 000022E3 (0x37 bytes), align: 0
  Segment part 348.           Intra module refs:   AT_time::?relay
           ENTRY                   ADDRESS         REF BY
           =====                   =======         ======
           AT_time                 000022AD 
               calls direct
               XSTACK = 00000043 ( 00000010 )
    -------------------------------------------------------------------------
<BANKED_CODE> 1 (was BANKED_CODE)
  Relative segment, address: CODE 000022E4 - 0000238D (0xaa bytes), align: 0
  Segment part 350.           Intra module refs:   AT_wait::?relay
           ENTRY                   ADDRESS         REF BY
           =====                   =======         ======
           AT_wait                 000022E4 
               calls direct
               XSTACK = 0000003F ( 0000000E )
    -------------------------------------------------------------------------
XDATA_Z
  Relative segment, address: XDATA 00000309 - 0000030C (0x4 bytes), align: 0
  Segment part 255.           Intra module refs:   AT_wait
           LOCAL                   ADDRESS         
           =====                   =======         
           AT_wait::val            00000309 
    -------------------------------------------------------------------------
<BANKED_CODE> 1 (was BANKED_CODE)
  Relative segment, address: CODE 0000238E - 0000239E (0x11 bytes), align: 0
  Segment part 352.           Intra module refs:   IRQEnable::?relay
           LOCAL                   ADDRESS         
           =====                   =======         
           IRQEnable               0000238E 
               XSTACK = 0000000F ( 00000000 )
    -------------------------------------------------------------------------
<BANKED_CODE> 1 (was BANKED_CODE)
  Relative segment, address: CODE 0000239F - 00002418 (0x7a bytes), align: 0
  Segment part 354.           Intra module refs:   AT_set_alarm::?relay
           ENTRY                   ADDRESS         REF BY
           =====                   =======         ======
           AT_set_alarm            0000239F 
               calls direct
               XSTACK = 0000000E ( 0000000E )
    -------------------------------------------------------------------------
<BANKED_CODE> 1 (was BANKED_CODE)
  Relative segment, address: CODE 00002419 - 000024D5 (0xbd bytes), align: 0
  Segment part 356.           Intra module refs:   calcCompareTime::?relay
           LOCAL                   ADDRESS         
           =====                   =======         
           calcCompareTime         00002419 
               calls direct
               XSTACK = 0000000C ( 00000016 )
               ISTACK = 00000000 ( 00000002 )
    -------------------------------------------------------------------------
<BANKED_CODE> 1 (was BANKED_CODE)
  Relative segment, address: CODE 000024D6 - 00002510 (0x3b bytes), align: 0
  Segment part 358.           Intra module refs:   ReadTimer::?relay
           LOCAL                   ADDRESS         
           =====                   =======         
           ReadTimer               000024D6 
               XSTACK = 00000016 ( 00000000 )
               ISTACK = 00000000 ( 00000002 )
    -------------------------------------------------------------------------
XDATA_Z
  Relative segment, address: XDATA 0000030D - 00000310 (0x4 bytes), align: 0
  Segment part 256.           Intra module refs:   ReadTimer
           LOCAL                   ADDRESS         
           =====                   =======         
           ReadTimer::ret_val      0000030D 
    -------------------------------------------------------------------------
<BANKED_CODE> 1 (was BANKED_CODE)
  Relative segment, address: CODE 00002511 - 00002556 (0x46 bytes), align: 0
  Segment part 360.           Intra module refs:   loadTimerCompare::?relay
           LOCAL                   ADDRESS         
           =====                   =======         
           loadTimerCompare        00002511 
               XSTACK = 0000000C ( 00000010 )
    -------------------------------------------------------------------------
<BANKED_CODE> 1 (was BANKED_CODE)
  Relative segment, address: CODE 00002557 - 0000255B (0x5 bytes), align: 0
  Segment part 362.           Intra module refs:   isIRQEnable::?relay
           LOCAL                   ADDRESS         
           =====                   =======         
           isIRQEnable             00002557 
               XSTACK = 0000000E ( 00000000 )
    -------------------------------------------------------------------------
NEAR_CODE
  Relative segment, address: CODE 00001D85 - 00001DA9 (0x25 bytes), align: 0
  Segment part 694.           Intra module refs:   TimerCompareInterrupt::??INTVEC 43
           ENTRY                   ADDRESS         REF BY
           =====                   =======         ======
           TimerCompareInterrupt   00001D85 
               interrupt function
               calls direct
               XSTACK = 00000000 ( 0000000F )
    -------------------------------------------------------------------------
<BANKED_CODE> 1 (was BANKED_CODE)
  Relative segment, address: CODE 0000255C - 00002601 (0xa6 bytes), align: 0
  Segment part 364.           Intra module refs:   cmd_0x00::?relay
           ENTRY                   ADDRESS         REF BY
           =====                   =======         ======
           cmd_0x00                0000255C 
               calls direct, is indirectly called
               XSTACK = 00000000 ( 0000000F )
    -------------------------------------------------------------------------
<BANKED_CODE> 1 (was BANKED_CODE)
  Relative segment, address: CODE 00002602 - 0000267D (0x7c bytes), align: 0
  Segment part 366.           Intra module refs:   cmd_0x01::?relay
           ENTRY                   ADDRESS         REF BY
           =====                   =======         ======
           cmd_0x01                00002602 
               calls direct, is indirectly called
               XSTACK = 00000000 ( 00000010 )
    -------------------------------------------------------------------------
<BANKED_CODE> 1 (was BANKED_CODE)
  Relative segment, address: CODE 0000267E - 000026CD (0x50 bytes), align: 0
  Segment part 368.           Intra module refs:   cmd_0x02::?relay
           ENTRY                   ADDRESS         REF BY
           =====                   =======         ======
           cmd_0x02                0000267E 
               calls direct, is indirectly called
               XSTACK = 00000000 ( 0000000C )
    -------------------------------------------------------------------------
<BANKED_CODE> 1 (was BANKED_CODE)
  Relative segment, address: CODE 000026CE - 00002788 (0xbb bytes), align: 0
  Segment part 370.           Intra module refs:   cmd_0x03::?relay
           ENTRY                   ADDRESS         REF BY
           =====                   =======         ======
           cmd_0x03                000026CE 
               calls direct, is indirectly called
               XSTACK = 00000000 ( 00000010 )
    -------------------------------------------------------------------------
<BANKED_CODE> 1 (was BANKED_CODE)
  Relative segment, address: CODE 00002789 - 00002817 (0x8f bytes), align: 0
  Segment part 372.           Intra module refs:   cmd_0x04::?relay
           ENTRY                   ADDRESS         REF BY
           =====                   =======         ======
           cmd_0x04                00002789 
               calls direct, is indirectly called
               XSTACK = 00000000 ( 00000010 )
    -------------------------------------------------------------------------
<BANKED_CODE> 1 (was BANKED_CODE)
  Relative segment, address: CODE 00002818 - 000028A6 (0x8f bytes), align: 0
  Segment part 374.           Intra module refs:   cmd_0x05::?relay
           ENTRY                   ADDRESS         REF BY
           =====                   =======         ======
           cmd_0x05                00002818 
               calls direct, is indirectly called
               XSTACK = 00000000 ( 00000010 )
    -------------------------------------------------------------------------
<BANKED_CODE> 1 (was BANKED_CODE)
  Relative segment, address: CODE 000028A7 - 00002905 (0x5f bytes), align: 0
  Segment part 376.           Intra module refs:   cmd_0x06::?relay
           ENTRY                   ADDRESS         REF BY
           =====                   =======         ======
           cmd_0x06                000028A7 
               calls direct, is indirectly called
               XSTACK = 00000000 ( 0000000E )
    -------------------------------------------------------------------------
<BANKED_CODE> 1 (was BANKED_CODE)
  Relative segment, address: CODE 00002906 - 00002988 (0x83 bytes), align: 0
  Segment part 378.           Intra module refs:   cmd_0x07::?relay
           ENTRY                   ADDRESS         REF BY
           =====                   =======         ======
           cmd_0x07                00002906 
               calls direct, is indirectly called
               XSTACK = 00000000 ( 00000010 )
    -------------------------------------------------------------------------
<BANKED_CODE> 1 (was BANKED_CODE)
  Relative segment, address: CODE 00002989 - 00002A04 (0x7c bytes), align: 0
  Segment part 380.           Intra module refs:   cmd_0x08::?relay
           ENTRY                   ADDRESS         REF BY
           =====                   =======         ======
           cmd_0x08                00002989 
               calls direct, is indirectly called
               XSTACK = 00000000 ( 00000010 )
    -------------------------------------------------------------------------
<BANKED_CODE> 1 (was BANKED_CODE)
  Relative segment, address: CODE 00002A05 - 00002A8C (0x88 bytes), align: 0
  Segment part 382.           Intra module refs:   cmd_0x09::?relay
           ENTRY                   ADDRESS         REF BY
           =====                   =======         ======
           cmd_0x09                00002A05 
               calls direct, is indirectly called
               XSTACK = 00000000 ( 0000000F )
               ISTACK = 00000000 ( 00000001 )
    -------------------------------------------------------------------------
<BANKED_CODE> 1 (was BANKED_CODE)
  Relative segment, address: CODE 00002A8D - 00002B14 (0x88 bytes), align: 0
  Segment part 384.           Intra module refs:   cmd_0x0A::?relay
           ENTRY                   ADDRESS         REF BY
           =====                   =======         ======
           cmd_0x0A                00002A8D 
               calls direct, is indirectly called
               XSTACK = 00000000 ( 0000000F )
               ISTACK = 00000000 ( 00000001 )
    -------------------------------------------------------------------------
<BANKED_CODE> 1 (was BANKED_CODE)
  Relative segment, address: CODE 00002B15 - 00002CF0 (0x1dc bytes), align: 0
  Segment part 386.           Intra module refs:   cmd_0x0B::?relay
           ENTRY                   ADDRESS         REF BY
           =====                   =======         ======
           cmd_0x0B                00002B15 
               calls direct, is indirectly called
               XSTACK = 00000000 ( 0000001B )
               ISTACK = 00000000 ( 00000002 )
    -------------------------------------------------------------------------
CODE_C
  Relative segment, address: CODE 0000143F - 00001443 (0x5 bytes), align: 0
  Segment part 257.           Intra module refs:   cmd_0x0B
    -------------------------------------------------------------------------
XDATA_Z
  Relative segment, address: XDATA 00000311 - 000003A3 (0x93 bytes), align: 0
  Segment part 258.           Intra module refs:   upload_frame
           LOCAL                   ADDRESS         
           =====                   =======         
           upload                  00000311 
    -------------------------------------------------------------------------
<BANKED_CODE> 1 (was BANKED_CODE)
  Relative segment, address: CODE 00002CF1 - 00002D83 (0x93 bytes), align: 0
  Segment part 388.           Intra module refs:   cmd_0x0C::?relay
           ENTRY                   ADDRESS         REF BY
           =====                   =======         ======
           cmd_0x0C                00002CF1 
               calls direct, is indirectly called
               XSTACK = 00000000 ( 00000010 )
    -------------------------------------------------------------------------
<BANKED_CODE> 1 (was BANKED_CODE)
  Relative segment, address: CODE 00002D84 - 00002DD4 (0x51 bytes), align: 0
  Segment part 390.           Intra module refs:   upload_frame::?relay
           LOCAL                   ADDRESS         
           =====                   =======         
           upload_frame            00002D84 
               calls direct
               XSTACK = 0000000E ( 00000009 )
    -------------------------------------------------------------------------
<BANKED_CODE> 1 (was BANKED_CODE)
  Relative segment, address: CODE 00002DD5 - 00002E06 (0x32 bytes), align: 0
  Segment part 392.           Intra module refs:   mem_move::?relay
           LOCAL                   ADDRESS         
           =====                   =======         
           mem_move                00002DD5 
               XSTACK = 00000009 ( 00000009 )
               ISTACK = 00000000 ( 00000001 )
    -------------------------------------------------------------------------
<BANKED_CODE> 1 (was BANKED_CODE)
  Relative segment, address: CODE 00002E07 - 00002EB9 (0xb3 bytes), align: 0
  Segment part 394.           Intra module refs:   cmd_0x0D::?relay
           ENTRY                   ADDRESS         REF BY
           =====                   =======         ======
           cmd_0x0D                00002E07 
               calls direct, is indirectly called
               XSTACK = 00000000 ( 00000011 )
    -------------------------------------------------------------------------
<BANKED_CODE> 1 (was BANKED_CODE)
  Relative segment, address: CODE 00002EBA - 00002F35 (0x7c bytes), align: 0
  Segment part 396.           Intra module refs:   cmd_0x0E::?relay
           ENTRY                   ADDRESS         REF BY
           =====                   =======         ======
           cmd_0x0E                00002EBA 
               calls direct, is indirectly called
               XSTACK = 00000000 ( 00000010 )
    -------------------------------------------------------------------------
<BANKED_CODE> 1 (was BANKED_CODE)
  Relative segment, address: CODE 00002F36 - 00002FB1 (0x7c bytes), align: 0
  Segment part 398.           Intra module refs:   cmd_0x0F::?relay
           ENTRY                   ADDRESS         REF BY
           =====                   =======         ======
           cmd_0x0F                00002F36 
               calls direct, is indirectly called
               XSTACK = 00000000 ( 00000010 )
    -------------------------------------------------------------------------
<BANKED_CODE> 1 (was BANKED_CODE)
  Relative segment, address: CODE 00002FB2 - 0000302D (0x7c bytes), align: 0
  Segment part 400.           Intra module refs:   cmd_0x10::?relay
           ENTRY                   ADDRESS         REF BY
           =====                   =======         ======
           cmd_0x10                00002FB2 
               calls direct, is indirectly called
               XSTACK = 00000000 ( 00000010 )
    -------------------------------------------------------------------------
<BANKED_CODE> 1 (was BANKED_CODE)
  Relative segment, address: CODE 0000302E - 000030BD (0x90 bytes), align: 0
  Segment part 402.           Intra module refs:   cmd_0x11::?relay
           ENTRY                   ADDRESS         REF BY
           =====                   =======         ======
           cmd_0x11                0000302E 
               calls direct, is indirectly called
               XSTACK = 00000000 ( 0000000E )
    -------------------------------------------------------------------------
XDATA_I
  Relative segment, address: XDATA 000012F2 - 00001315 (0x24 bytes), align: 0
  Segment part 259.           Intra module refs:   parse_uart_stream
           LOCAL                   ADDRESS         
           =====                   =======         
           CMD_LIST                000012F2 
    -------------------------------------------------------------------------
<BANKED_CODE> 1 (was BANKED_CODE)
  Relative segment, address: CODE 000030BE - 00003151 (0x94 bytes), align: 0
  Segment part 404.           Intra module refs:   parse_uart_stream::?relay
           ENTRY                   ADDRESS         REF BY
           =====                   =======         ======
           parse_uart_stream       000030BE 
               calls direct
               XSTACK = 00000000 ( 0000000D )
    -------------------------------------------------------------------------
<BANKED_CODE> 1 (was BANKED_CODE)
  Relative segment, address: CODE 00003152 - 000031B9 (0x68 bytes), align: 0
  Segment part 406.           Intra module refs:   cmd_answer::?relay
           ENTRY                   ADDRESS         REF BY
           =====                   =======         ======
           cmd_answer              00003152 
               calls direct
               XSTACK = 00000019 ( 00000012 )
               ISTACK = 00000000 ( 00000001 )
    -------------------------------------------------------------------------
<BANKED_CODE> 1 (was BANKED_CODE)
  Relative segment, address: CODE 000031BA - 000031F1 (0x38 bytes), align: 0
  Segment part 408.           Intra module refs:   cmd_answer_err::?relay
           ENTRY                   ADDRESS         REF BY
           =====                   =======         ======
           cmd_answer_err          000031BA 
               calls direct
               XSTACK = 00000019 ( 0000000B )
               ISTACK = 00000000 ( 00000001 )
    -------------------------------------------------------------------------
<BANKED_CODE> 1 (was BANKED_CODE)
  Relative segment, address: CODE 000031F2 - 00003286 (0x95 bytes), align: 0
  Segment part 410.           Intra module refs:   stream_write::?relay
           ENTRY                   ADDRESS         REF BY
           =====                   =======         ======
           stream_write            000031F2 
               calls direct
               XSTACK = 0000000B ( 00000011 )
               ISTACK = 00000000 ( 00000001 )
    -------------------------------------------------------------------------
<BANKED_CODE> 1 (was BANKED_CODE)
  Relative segment, address: CODE 00003287 - 00003293 (0xd bytes), align: 0
  Segment part 412.           Intra module refs:   check_cmd_frame::?relay
           LOCAL                   ADDRESS         
           =====                   =======         
           check_cmd_frame         00003287 
               XSTACK = 0000000D ( 00000000 )
    -------------------------------------------------------------------------
<BANKED_CODE> 1 (was BANKED_CODE)
  Relative segment, address: CODE 00003294 - 000032F0 (0x5d bytes), align: 0
  Segment part 414.           Intra module refs:   crc16::?relay
           LOCAL                   ADDRESS         
           =====                   =======         
           crc16                   00003294 
               XSTACK = 00000012 ( 00000009 )
    -------------------------------------------------------------------------
XDATA_I
  Relative segment, address: XDATA 00001316 - 0000131F (0xa bytes), align: 0
  Segment part 261.           Intra module refs:   Segment part 245
           ENTRY                   ADDRESS         REF BY
           =====                   =======         ======
           CODER_MODULE            00001316 
    -------------------------------------------------------------------------
<BANKED_CODE> 1 (was BANKED_CODE)
  Relative segment, address: CODE 000032F1 - 00003489 (0x199 bytes), align: 0
  Segment part 416.           Intra module refs:   HW_Init::?relay
           LOCAL                   ADDRESS         
           =====                   =======         
           HW_Init                 000032F1 
               calls direct, is indirectly called
               XSTACK = 00000000 ( 00000054 )
               ISTACK = 00000000 ( 00000002 )
    -------------------------------------------------------------------------
CODE_C
  Relative segment, address: CODE 00001444 - 00001448 (0x5 bytes), align: 0
  Segment part 264.           Intra module refs:   HW_Init
    -------------------------------------------------------------------------
CODE_C
  Relative segment, address: CODE 00001449 - 0000144D (0x5 bytes), align: 0
  Segment part 265.           Intra module refs:   HW_Init
    -------------------------------------------------------------------------
CODE_C
  Relative segment, address: CODE 0000144E - 00001452 (0x5 bytes), align: 0
  Segment part 266.           Intra module refs:   HW_Init
    -------------------------------------------------------------------------
CODE_C
  Relative segment, address: CODE 00001453 - 00001457 (0x5 bytes), align: 0
  Segment part 267.           Intra module refs:   HW_Init
    -------------------------------------------------------------------------
<BANKED_CODE> 1 (was BANKED_CODE)
  Relative segment, address: CODE 0000348A - 00003701 (0x278 bytes), align: 0
  Segment part 418.           Intra module refs:   AES_StreamCoder::?relay
           ENTRY                   ADDRESS         REF BY
           =====                   =======         ======
           AES_StreamCoder         0000348A 
               calls direct
               XSTACK = 0000003F ( 0000002B )
    -------------------------------------------------------------------------
XDATA_I
  Relative segment, address: XDATA 00001320 - 00001329 (0xa bytes), align: 0
  Segment part 268.           Intra module refs:   Segment part 245
           ENTRY                   ADDRESS         REF BY
           =====                   =======         ======
           CPU_MODULE              00001320 
    -------------------------------------------------------------------------
<BANKED_CODE> 1 (was BANKED_CODE)
  Relative segment, address: CODE 00003702 - 00003718 (0x17 bytes), align: 0
  Segment part 430.           Intra module refs:   HW_Init::?relay
           LOCAL                   ADDRESS         
           =====                   =======         
           HW_Init                 00003702 
               is indirectly called
    -------------------------------------------------------------------------
XDATA_I
  Relative segment, address: XDATA 0000132A - 00001333 (0xa bytes), align: 0
  Segment part 270.           Intra module refs:   Segment part 245
           ENTRY                   ADDRESS         REF BY
           =====                   =======         ======
           DBG_MODULE              0000132A 
    -------------------------------------------------------------------------
<BANKED_CODE> 1 (was BANKED_CODE)
  Relative segment, address: CODE 00003719 - 0000372B (0x13 bytes), align: 0
  Segment part 432.           Intra module refs:   HW_Init::?relay
           LOCAL                   ADDRESS         
           =====                   =======         
           HW_Init                 00003719 
               calls direct, is indirectly called
               ISTACK = 00000000 ( 00000002 )
    -------------------------------------------------------------------------
<BANKED_CODE> 1 (was BANKED_CODE)
  Relative segment, address: CODE 0000372C - 0000372D (0x2 bytes), align: 0
  Segment part 434.           Intra module refs:   DBG_CORE_HALT::?relay
           ENTRY                   ADDRESS         REF BY
           =====                   =======         ======
           DBG_CORE_HALT           0000372C 
               XSTACK = 0000003F ( 00000000 )
    -------------------------------------------------------------------------
<BANKED_CODE> 1 (was BANKED_CODE)
  Relative segment, address: CODE 0000372E - 00003744 (0x17 bytes), align: 0
  Segment part 438.           Intra module refs:   uart_init::?relay
           LOCAL                   ADDRESS         
           =====                   =======         
           uart_init               0000372E 
    -------------------------------------------------------------------------
NEAR_CODE
  Relative segment, address: CODE 00001DAA - 00001DB3 (0xa bytes), align: 0
  Segment part 695.
           ENTRY                   ADDRESS         REF BY
           =====                   =======         ======
           putchar                 00001DAA        put_one_char (?printf_p)
    -------------------------------------------------------------------------
XDATA_I
  Relative segment, address: XDATA 00001334 - 0000133D (0xa bytes), align: 0
  Segment part 272.           Intra module refs:   Segment part 245
           ENTRY                   ADDRESS         REF BY
           =====                   =======         ======
           DMA_MODULE              00001334 
    -------------------------------------------------------------------------
XDATA_Z
  Relative segment, address: XDATA 000003A4 - 000003CB (0x28 bytes), align: 0
  Segment part 274.           Intra module refs:   AES_StreamCoder
                                                   HW_Init
                                                   uart_dma_init
           ENTRY                   ADDRESS         REF BY
           =====                   =======         ======
           DMA_CH                  000003A4 
    -------------------------------------------------------------------------
<BANKED_CODE> 1 (was BANKED_CODE)
  Relative segment, address: CODE 00003745 - 00003769 (0x25 bytes), align: 0
  Segment part 440.           Intra module refs:   HW_Init::?relay
           LOCAL                   ADDRESS         
           =====                   =======         
           HW_Init                 00003745 
               is indirectly called
    -------------------------------------------------------------------------
XDATA_I
  Relative segment, address: XDATA 0000133E - 00001347 (0xa bytes), align: 0
  Segment part 275.           Intra module refs:   Segment part 247
           ENTRY                   ADDRESS         REF BY
           =====                   =======         ======
           FR_MODULE               0000133E 
    -------------------------------------------------------------------------
<BANKED_CODE> 1 (was BANKED_CODE)
  Relative segment, address: CODE 0000376A - 0000376C (0x3 bytes), align: 0
  Segment part 442.           Intra module refs:   SW_Init::?relay
           LOCAL                   ADDRESS         
           =====                   =======         
           SW_Init                 0000376A 
               is indirectly called
    -------------------------------------------------------------------------
<BANKED_CODE> 1 (was BANKED_CODE)
  Relative segment, address: CODE 0000376D - 0000377A (0xe bytes), align: 0
  Segment part 444.           Intra module refs:   FR_restart::?relay
           ENTRY                   ADDRESS         REF BY
           =====                   =======         ======
           FR_restart              0000376D 
               calls direct
               XSTACK = 0000000A ( 00000000 )
               ISTACK = 00000000 ( 00000002 )
    -------------------------------------------------------------------------
<BANKED_CODE> 1 (was BANKED_CODE)
  Relative segment, address: CODE 0000377B - 00003788 (0xe bytes), align: 0
  Segment part 446.           Intra module refs:   FR_create::?relay
           ENTRY                   ADDRESS         REF BY
           =====                   =======         ======
           FR_create               0000377B 
               calls direct
               XSTACK = 00000024 ( 00000000 )
               ISTACK = 00000000 ( 00000002 )
    -------------------------------------------------------------------------
<BANKED_CODE> 1 (was BANKED_CODE)
  Relative segment, address: CODE 00003789 - 0000379D (0x15 bytes), align: 0
  Segment part 448.           Intra module refs:   FR_delete::?relay
           ENTRY                   ADDRESS         REF BY
           =====                   =======         ======
           FR_delete               00003789 
               calls direct
               XSTACK = 00000049 ( 00000009 )
    -------------------------------------------------------------------------
<BANKED_CODE> 1 (was BANKED_CODE)
  Relative segment, address: CODE 0000379E - 00003870 (0xd3 bytes), align: 0
  Segment part 450.           Intra module refs:   FR_add_header::?relay
           ENTRY                   ADDRESS         REF BY
           =====                   =======         ======
           FR_add_header           0000379E 
               calls direct
[...]
  Segment part 6.             Intra module refs:   _formatted_write_P
    -------------------------------------------------------------------------
CODE_C
  Relative segment, address: CODE 00001D37 - 00001D3A (0x4 bytes), align: 0
  Segment part 7.             Intra module refs:   _formatted_write_P
    -------------------------------------------------------------------------
CODE_C
  Relative segment, address: CODE 00001D3B - 00001D4B (0x11 bytes), align: 0
  Segment part 8.             Intra module refs:   _formatted_write_P
    -------------------------------------------------------------------------
CODE_C
  Relative segment, address: CODE 00001D4C - 00001D5C (0x11 bytes), align: 0
  Segment part 9.             Intra module refs:   _formatted_write_P
    -------------------------------------------------------------------------
CODE_C
  Relative segment, address: CODE 00001D5D - 00001D60 (0x4 bytes), align: 0
  Segment part 10.            Intra module refs:   float_conversion
           ENTRY                   ADDRESS         REF BY
           =====                   =======         ======
           __Constant_7f800000     00001D5D 
    -------------------------------------------------------------------------
CODE_C
  Relative segment, address: CODE 00001D61 - 00001D64 (0x4 bytes), align: 0
  Segment part 11.            Intra module refs:   float_conversion
           ENTRY                   ADDRESS         REF BY
           =====                   =======         ======
           __Constant_3f800000     00001D61 
    -------------------------------------------------------------------------
CODE_C
  Relative segment, address: CODE 00001D65 - 00001D68 (0x4 bytes), align: 0
  Segment part 12.            Intra module refs:   _formatted_write_P
                                                   float_conversion
           ENTRY                   ADDRESS         REF BY
           =====                   =======         ======
           __Constant_0            00001D65 
    -------------------------------------------------------------------------
CODE_C
  Relative segment, address: CODE 00001D69 - 00001D6C (0x4 bytes), align: 0
  Segment part 13.            Intra module refs:   float_conversion
           ENTRY                   ADDRESS         REF BY
           =====                   =======         ======
           __Constant_501502f9     00001D69 
    -------------------------------------------------------------------------
CODE_C
  Relative segment, address: CODE 00001D6D - 00001D70 (0x4 bytes), align: 0
  Segment part 14.            Intra module refs:   float_conversion
           ENTRY                   ADDRESS         REF BY
           =====                   =======         ======
           __Constant_51ba43b7     00001D6D 
    -------------------------------------------------------------------------
CODE_C
  Relative segment, address: CODE 00001D71 - 00001D74 (0x4 bytes), align: 0
  Segment part 15.            Intra module refs:   float_conversion
           ENTRY                   ADDRESS         REF BY
           =====                   =======         ======
           __Constant_41200000     00001D71 
    -------------------------------------------------------------------------
CODE_C
  Relative segment, address: CODE 00001D75 - 00001D78 (0x4 bytes), align: 0
  Segment part 16.            Intra module refs:   float_conversion
           ENTRY                   ADDRESS         REF BY
           =====                   =======         ======
           __Constant_2edbe700     00001D75 
    -------------------------------------------------------------------------
CODE_C
  Relative segment, address: CODE 00001D79 - 00001D7C (0x4 bytes), align: 0
  Segment part 17.            Intra module refs:   float_conversion
           ENTRY                   ADDRESS         REF BY
           =====                   =======         ======
           __Constant_40a00000     00001D79 

    -------------------------------------------------------------------------
  LIBRARY MODULE, NAME : ?memcpy

  SEGMENTS IN THE MODULE
  ======================
<BANKED_CODE> 1 (was BANKED_CODE)
  Relative segment, address: CODE 00006CFB - 00006D40 (0x46 bytes), align: 0
  Segment part 6.             Intra module refs:   memcpy::?relay
           ENTRY                   ADDRESS         REF BY
           =====                   =======         ======
           memcpy                  00006CFB 
               XSTACK = 00000002 ( 0000000A )
               ISTACK = 00000000 ( 00000001 )
    -------------------------------------------------------------------------
BANK_RELAYS
  Relative segment, address: CODE 00000582 - 00000587 (0x6 bytes), align: 0
  Segment part 7.
           ENTRY                   ADDRESS         REF BY
           =====                   =======         ======
           memcpy::?relay          00000582        AES_StreamCoder (action_manager)
                                                   cmd_0x04 (action_manager)
                                                   cmd_0x05 (action_manager)

    -------------------------------------------------------------------------
  LIBRARY MODULE, NAME : ?memset

  SEGMENTS IN THE MODULE
  ======================
<BANKED_CODE> 1 (was BANKED_CODE)
  Relative segment, address: CODE 00006D41 - 00006D6C (0x2c bytes), align: 0
  Segment part 6.             Intra module refs:   memset::?relay
           ENTRY                   ADDRESS         REF BY
           =====                   =======         ======
           memset                  00006D41 
               XSTACK = 00000002 ( 00000000 )
               ISTACK = 00000000 ( 00000002 )
    -------------------------------------------------------------------------
BANK_RELAYS
  Relative segment, address: CODE 00000588 - 0000058D (0x6 bytes), align: 0
  Segment part 7.
           ENTRY                   ADDRESS         REF BY
           =====                   =======         ======
           memset::?relay          00000588        AES_StreamCoder (action_manager)

    -------------------------------------------------------------------------
  LIBRARY MODULE, NAME : ?printf_p

  SEGMENTS IN THE MODULE
  ======================
<BANKED_CODE> 1 (was BANKED_CODE)
  Relative segment, address: CODE 00006C5D - 00006C6C (0x10 bytes), align: 0
  Segment part 6.             Intra module refs:   put_one_char::?relay
           LOCAL                   ADDRESS         
           =====                   =======         
           put_one_char            00006C5D 
               calls direct, is indirectly called
               ISTACK = 00000000 ( 00000001 )
    -------------------------------------------------------------------------
<BANKED_CODE> 1 (was BANKED_CODE)
  Relative segment, address: CODE 00006C6D - 00006CB3 (0x47 bytes), align: 0
  Segment part 8.             Intra module refs:   printf_P::?relay
           ENTRY                   ADDRESS         REF BY
           =====                   =======         ======
           printf_P                00006C6D 
               calls direct
               XSTACK = 00000000 ( 00000010 )
    -------------------------------------------------------------------------
BANK_RELAYS
  Relative segment, address: CODE 0000058E - 00000593 (0x6 bytes), align: 0
  Segment part 7.             Intra module refs:   printf_P
           LOCAL                   ADDRESS         
           =====                   =======         
           put_one_char::?relay    0000058E 
    -------------------------------------------------------------------------
BANK_RELAYS
  Relative segment, address: CODE 00000594 - 00000599 (0x6 bytes), align: 0
  Segment part 9.
           ENTRY                   ADDRESS         REF BY
           =====                   =======         ======
           printf_P::?relay        00000594        AM_Callback (action_manager)
                                                   AM_Cold_start (action_manager)
                                                   AM_HW_Init (action_manager)
                                                   AM_Hot_start (action_manager)
                                                   AM_IRQ_Init (action_manager)
                                                   AM_SW_Init (action_manager)
                                                   AT_set_alarm (action_manager)
                                                   AT_set_time (action_manager)
                                                   AT_wait (action_manager)
                                                   Hot_Start (action_manager)
                                                   LLC_add_tx_frame (action_manager)
                                                   LLC_close_slot (action_manager)
                                                   LLC_open_slot (action_manager)
                                                   MAC_Receive (action_manager)
                                                   Neocore_start (action_manager)
                                                   RI_Receive (action_manager)
                                                   RI_Send (action_manager)
                                                   RI_Send_time (action_manager)
                                                   TM_ClrAlarm (action_manager)
                                                   TM_SetAlarm (action_manager)
                                                   _recv_frame (action_manager)
                                                   _send_frame (action_manager)
                                                   cmd_0x00 (action_manager)
                                                   cmd_0x01 (action_manager)
                                                   cmd_0x03 (action_manager)
                                                   cmd_0x04 (action_manager)
                                                   cmd_0x05 (action_manager)
                                                   cmd_0x06 (action_manager)
                                                   cmd_0x07 (action_manager)
                                                   cmd_0x08 (action_manager)
                                                   cmd_0x09 (action_manager)
                                                   cmd_0x0A (action_manager)
                                                   cmd_0x0B (action_manager)
                                                   cmd_0x0C (action_manager)
                                                   cmd_0x0D (action_manager)
                                                   cmd_0x0E (action_manager)
                                                   cmd_0x0F (action_manager)
                                                   cmd_0x10 (action_manager)
                                                   cmd_0x11 (action_manager)
                                                   main (action_manager)
                                                   mode_1_process (action_manager)
                                                   mode_1_receive_process (action_manager)
                                                   pre_init (action_manager)
                                                   recv_sync (action_manager)
                                                   scheduler_rx (action_manager)
                                                   scheduler_tx (action_manager)
                                                   send_sync (action_manager)
                                                   setFreq (action_manager)
                                                   stream_write (action_manager)
                                                   syncronize_timer (action_manager)
                                                   transmite (action_manager)

    -------------------------------------------------------------------------
  LIBRARY MODULE, NAME : ?rand

  SEGMENTS IN THE MODULE
  ======================
XDATA_I
  Relative segment, address: XDATA 000013A3 - 000013A6 (0x4 bytes), align: 0
  Segment part 6.             Intra module refs:   rand
           ENTRY                   ADDRESS         REF BY
           =====                   =======         ======
           __next_rand             000013A3        srand (?srand)
    -------------------------------------------------------------------------
<BANKED_CODE> 1 (was BANKED_CODE)
  Relative segment, address: CODE 00006CB4 - 00006CFA (0x47 bytes), align: 0
  Segment part 10.            Intra module refs:   rand::?relay
           ENTRY                   ADDRESS         REF BY
           =====                   =======         ======
           rand                    00006CB4 
               XSTACK = 00000000 ( 00000010 )
    -------------------------------------------------------------------------
XDATA_ID
  Relative segment, address: CODE 000001A0 - 000001A3 (0x4 bytes), align: 0
  Segment part 7.             Intra module refs:   __next_rand
    -------------------------------------------------------------------------
CODE_C
  Relative segment, address: CODE 00001D7D - 00001D80 (0x4 bytes), align: 0
  Segment part 8.             Intra module refs:   rand
           ENTRY                   ADDRESS         REF BY
           =====                   =======         ======
           __Constant_41c64e6d     00001D7D 
    -------------------------------------------------------------------------
CODE_C
  Relative segment, address: CODE 00001D81 - 00001D84 (0x4 bytes), align: 0
  Segment part 9.             Intra module refs:   rand
           ENTRY                   ADDRESS         REF BY
           =====                   =======         ======
           __Constant_3039         00001D81 
    -------------------------------------------------------------------------
BANK_RELAYS
  Relative segment, address: CODE 0000059A - 0000059F (0x6 bytes), align: 0
  Segment part 11.
           ENTRY                   ADDRESS         REF BY
           =====                   =======         ======
           rand::?relay            0000059A        _throw_dice (action_manager)
                                                   random_core_init (action_manager)

    -------------------------------------------------------------------------
  LIBRARY MODULE, NAME : ?srand

  SEGMENTS IN THE MODULE
  ======================
<BANKED_CODE> 1 (was BANKED_CODE)
  Relative segment, address: CODE 00006D6D - 00006D84 (0x18 bytes), align: 0
  Segment part 6.             Intra module refs:   srand::?relay
           ENTRY                   ADDRESS         REF BY
           =====                   =======         ======
           srand                   00006D6D 
               ISTACK = 00000000 ( 00000002 )
    -------------------------------------------------------------------------
BANK_RELAYS
  Relative segment, address: CODE 000005A0 - 000005A5 (0x6 bytes), align: 0
  Segment part 7.
           ENTRY                   ADDRESS         REF BY
           =====                   =======         ======
           srand::?relay           000005A0        random_core_init (action_manager)




                ****************************************
                *                                      *
                *      SEGMENTS IN ADDRESS ORDER       *
                *                                      *
                ****************************************


SEGMENT              SPACE    START ADDRESS   END ADDRESS     SIZE  TYPE  ALIGN
=======              =====    =============   ===========     ====  ====  =====
INTVEC               CODE          00000000 - 0000002D          2E   com    0
CSTART               CODE          0000002E - 000000B4          87   rel    0
IDATA_ID             CODE               000000B5                     dse    0
BIT_ID               CODE               000000B5                     dse    0
BDATA_ID             CODE               000000B5                     dse    0
IXDATA_ID            CODE               000000B5                     dse    0
PDATA_ID             CODE               000000B5                     dse    0
DATA_ID              CODE               000000B5                     dse    0
XDATA_ID             CODE          000000B5 - 000001A3          EF   rel    0
BANK_RELAYS          CODE          000001A4 - 000005A5         402   rel    0
RCODE                CODE          000005A6 - 0000143E         E99   rel    0
DIFUNCT              CODE               0000143F                     dse    0
CODE_C               CODE          0000143F - 00001D84         946   rel    0
CODE_N               CODE               00001D85                     dse    0
NEAR_CODE            CODE          00001D85 - 00001DB3          2F   rel    0
<BANKED_CODE> 1      CODE          00001DB4 - 00006D84        4FD1   rel    0
REGISTERS            DATA          00000000 - 00000007           8   rel    0
VREG                 DATA          00000008 - 0000000F           8   rel    0
PSP                  DATA          00000010 - 00000010           1   rel    0
XSP                  DATA          00000011 - 00000012           2   rel    0
BREG                 BIT        00000020.0  -  00000020.7        8   rel    0
SFR_AN               DATA          00000086 - 00000087           2   rel    0
                     DATA          00000090 - 00000091           2 
                     DATA          00000094 - 00000097           4 
                     DATA          0000009D - 0000009E           2 
                     DATA          000000A2 - 000000A5           4 
                     DATA          000000A8 - 000000A8           1 
                     DATA          000000AD - 000000AD           1 
                     DATA          000000B3 - 000000B3           1 
                     DATA          000000BE - 000000BE           1 
                     DATA          000000C0 - 000000C2           3 
                     DATA          000000C5 - 000000C6           2 
                     DATA          000000D2 - 000000D7           6 
                     DATA          000000D9 - 000000D9           1 
                     DATA          000000E1 - 000000E1           1 
                     DATA          000000E9 - 000000E9           1 
                     DATA          000000F1 - 000000F1           1 
                     DATA          000000F3 - 000000F4           2 
                     DATA          000000F8 - 000000FA           3 
                     DATA          000000FC - 000000FC           1 
                     DATA          000000FE - 000000FE           1 
XSTACK               XDATA         00000001 - 00000300         300   rel    0
XDATA_Z              XDATA         00000301 - 000012B7         FB7   rel    0
XDATA_I              XDATA         000012B8 - 000013A6          EF   rel    0
PDATA_Z              XDATA              00001E00                     dse    0
PSTACK               XDATA         00001E00 - 00001E7F          80   rel    0
ISTACK               IDATA         00000080 - 000000FF          80   rel    0

                ****************************************
                *                                      *
                *        END OF CROSS REFERENCE        *
                *                                      *
                ****************************************

 28 037 bytes of CODE  memory
     19 bytes of DATA  memory (+ 40 absolute )
  5 158 bytes of XDATA memory
    128 bytes of IDATA memory
      8 bits  of BIT   memory

Errors: none
Warnings: none

