################################################################################
#                                                                              #
#      IAR Universal Linker V6.4.6.89                                          #
#                                                                              #
#           Link time     =  04/May/2020  18:31:52                             #
#           Target CPU    =  x51                                               #
#           List file     =  "E:\Neocore\Hardware\PRG Node\Debug\List\tnode.ma #
#                            p"                                                #
#           Output file 1 =  "E:\Neocore\Hardware\PRG Node\Debug\Exe\tnode.d51 #
#                            "                                                 #
#                            Format: ubrof10                                   #
#                            UBROF version 10.0.6                              #
#                            Using library modules for C-SPY (-rt)             #
#           Command line  =  -f                                                #
#                            C:\Users\08A4~1\AppData\Local\Temp\EWE29A.tmp     #
#                            ("E:\Neocore\Hardware\PRG Node\Debug\Obj\action_m #
#                            anager.r51"                                       #
#                            "E:\Neocore\Hardware\PRG Node\Debug\Obj\alarm_tim #
#                            er.r51"                                           #
#                            "E:\Neocore\Hardware\PRG Node\Debug\Obj\auth.r51" #
#                            "E:\Neocore\Hardware\PRG Node\Debug\Obj\auth_eth. #
#                            r51"                                              #
#                            "E:\Neocore\Hardware\PRG Node\Debug\Obj\auth_ip.r #
#                            51"                                               #
#                            "E:\Neocore\Hardware\PRG Node\Debug\Obj\balancer. #
#                            r51"                                              #
#                            "E:\Neocore\Hardware\PRG Node\Debug\Obj\coder.r51 #
#                            "                                                 #
#                            "E:\Neocore\Hardware\PRG Node\Debug\Obj\config.r5 #
#                            1"                                                #
#                            "E:\Neocore\Hardware\PRG Node\Debug\Obj\controlle #
#                            r.r51"                                            #
#                            "E:\Neocore\Hardware\PRG Node\Debug\Obj\cpu.r51"  #
#                            "E:\Neocore\Hardware\PRG Node\Debug\Obj\debug.r51 #
#                            "                                                 #
#                            "E:\Neocore\Hardware\PRG Node\Debug\Obj\dma.r51"  #
#                            "E:\Neocore\Hardware\PRG Node\Debug\Obj\ethernet. #
#                            r51"                                              #
#                            "E:\Neocore\Hardware\PRG Node\Debug\Obj\frame.r51 #
#                            "                                                 #
#                            "E:\Neocore\Hardware\PRG Node\Debug\Obj\ip.r51"   #
#                            "E:\Neocore\Hardware\PRG Node\Debug\Obj\led.r51"  #
#                            "E:\Neocore\Hardware\PRG Node\Debug\Obj\llc.r51"  #
#                            "E:\Neocore\Hardware\PRG Node\Debug\Obj\mac.r51"  #
#                            "E:\Neocore\Hardware\PRG Node\Debug\Obj\main.r51" #
#                            "E:\Neocore\Hardware\PRG Node\Debug\Obj\mem_slots #
#                            .r51"                                             #
#                            "E:\Neocore\Hardware\PRG Node\Debug\Obj\mem_utils #
#                            .r51"                                             #
#                            "E:\Neocore\Hardware\PRG Node\Debug\Obj\model.r51 #
#                            "                                                 #
#                            "E:\Neocore\Hardware\PRG Node\Debug\Obj\neigh.r51 #
#                            "                                                 #
#                            "E:\Neocore\Hardware\PRG Node\Debug\Obj\radio.r51 #
#                            "                                                 #
#                            "E:\Neocore\Hardware\PRG Node\Debug\Obj\route.r51 #
#                            "                                                 #
#                            "E:\Neocore\Hardware\PRG Node\Debug\Obj\rtc.r51"  #
#                            "E:\Neocore\Hardware\PRG Node\Debug\Obj\sync.r51" #
#                            "E:\Neocore\Hardware\PRG Node\Debug\Obj\tcp.r51"  #
#                            "E:\Neocore\Hardware\PRG Node\Debug\Obj\time_mana #
#                            ger.r51"                                          #
#                            "E:\Neocore\Hardware\PRG Node\Debug\Obj\udp.r51"  #
#                            "E:\Neocore\Hardware\PRG Node\Debug\Obj\ustimer.r #
#                            51"                                               #
#                            "E:\Neocore\Hardware\PRG Node\Debug\Obj\vtimer.r5 #
#                            1"                                                #
#                            -o                                                #
#                            "E:\Neocore\Hardware\PRG Node\Debug\Exe\tnode.d51 #
#                            "                                                 #
#                            -l                                                #
#                            "E:\Neocore\Hardware\PRG Node\Debug\List\tnode.ma #
#                            p"                                                #
#                            -xms                                              #
#                            "-IC:\Program Files (x86)\IAR Systems\Embedded Wo #
#                            rkbench 8.0\8051\LIB\"                            #
#                            -f                                                #
#                            "C:\Program Files (x86)\IAR Systems\Embedded Work #
#                            bench 8.0\8051\config\devices\Texas Instruments\l #
#                            nk51ew_CC2530F256_banked.xcl"                     #
#                            (-D_IDATA0_START=0x00 -D_IDATA0_END=0xFF          #
#                            -D_PDATA0_START=0x1E00 -D_PDATA0_END=0x1EFF       #
#                            -D_IXDATA0_START=0x0001 -D_IXDATA0_END=0x1EFF     #
#                            -D_XDATA0_START=_IXDATA0_START                    #
#                            -D_XDATA0_END=_IXDATA0_END                        #
#                            -D_NEAR_CODE_START=0x0000                         #
#                            -D_FIRST_BANK_ADDR=0x10000 -D?REGISTER_BANK=0x0   #
#                            -D_REGISTER_BANK_START=0x0 -D_BREG_START=0x00     #
#                            -D?VB=0x20 -Z(BIT)BREG=_BREG_START                #
#                            -Z(BIT)BIT_N=0-7F                                 #
#                            -Z(DATA)REGISTERS+8=_REGISTER_BANK_START          #
#                            -Z(DATA)BDATA_Z,BDATA_N,BDATA_I=20-2F             #
#                            -Z(DATA)VREG=08-7F -Z(DATA)PSP,XSP=08-7F          #
#                            -Z(DATA)DOVERLAY=08-7F                            #
#                            -Z(DATA)DATA_I,DATA_Z,DATA_N=08-7F                #
#                            -U(IDATA)0-7F=(DATA)0-7F                          #
#                            -Z(IDATA)IDATA_I,IDATA_Z,IDATA_N=08-_IDATA0_END   #
#                            -Z(IDATA)ISTACK+_IDATA_STACK_SIZE#08-_IDATA0_END  #
#                            -Z(IDATA)IOVERLAY=08-FF -Z(CODE)INTVEC=0          #
#                            -Z(CODE)CSTART=_NEAR_CODE_START-(_CODEBANK_START- #
#                            1)                                                #
#                            -Z(CODE)BIT_ID,BDATA_ID,DATA_ID,IDATA_ID,IXDATA_I #
#                            D,PDATA_ID,XDATA_ID=_NEAR_CODE_START-(_CODEBANK_S #
#                            TART-1)                                           #
#                            -Z(CODE)BANK_RELAYS,RCODE,DIFUNCT,CODE_C,CODE_N,N #
#                            EAR_CODE=_NEAR_CODE_START-(_CODEBANK_START-1)     #
#                            -P(CODE)BANKED_CODE=_NEAR_CODE_START-(_CODEBANK_S #
#                            TART-1),[(_CODEBANK_START+_FIRST_BANK_ADDR)-(_COD #
#                            EBANK_END+_FIRST_BANK_ADDR)]*_NR_OF_BANKS+10000   #
#                            -Z(CODE)CHECKSUM#(_CODEBANK_START-1)              #
#                            -Z(XDATA)PDATA_Z,PDATA_I=_PDATA0_START-_PDATA0_EN #
#                            D                                                 #
#                            -P(XDATA)PDATA_N=_PDATA0_START-_PDATA0_END        #
#                            -Z(XDATA)PSTACK+_PDATA_STACK_SIZE=_PDATA0_START-_ #
#                            PDATA0_END                                        #
#                            -Z(XDATA)EXT_STACK+_EXTENDED_STACK_SIZE=_EXTENDED #
#                            _STACK_START                                      #
#                            -Z(XDATA)XSTACK+_XDATA_STACK_SIZE=_XDATA0_START-_ #
#                            XDATA0_END                                        #
#                            -Z(XDATA)IXDATA_Z,IXDATA_I=_IXDATA0_START-_IXDATA #
#                            0_END                                             #
#                            -P(XDATA)IXDATA_N=_IXDATA0_START-_IXDATA0_END     #
#                            -Z(XDATA)XDATA_Z,XDATA_I=_XDATA0_START-_XDATA0_EN #
#                            D                                                 #
#                            -P(XDATA)XDATA_N=_XDATA0_START-_XDATA0_END        #
#                            -Z(XDATA)XDATA_HEAP+_XDATA_HEAP_SIZE=_XDATA0_STAR #
#                            T-_XDATA0_END                                     #
#                            -Z(CONST)XDATA_ROM_C=_XDATA0_START-_XDATA0_END    #
#                            -cx51                                             #
#                            -M(CODE)[(_CODEBANK_START+_FIRST_BANK_ADDR)-(_COD #
#                            EBANK_END+_FIRST_BANK_ADDR)]*_NR_OF_BANKS+0x10000 #
#                            =0x8000                                           #
#                            -ww69=i -D_BANK0_START=0x00000                    #
#                            -D_BANK0_END=0x07FFF -D_BANK1_START=0x18000       #
#                            -D_BANK1_END=0x1FFFF -D_BANK2_START=0x28000       #
#                            -D_BANK2_END=0x2FFFF -D_BANK3_START=0x38000       #
#                            -D_BANK3_END=0x3FFFF -D_BANK4_START=0x48000       #
#                            -D_BANK4_END=0x4FFFF -D_BANK5_START=0x58000       #
#                            -D_BANK5_END=0x5FFFF -D_BANK6_START=0x68000       #
#                            -D_BANK6_END=0x6FFFF -D_BANK7_START=0x78000       #
#                            -D_BANK7_END=0x7FFFF                              #
#                            -P(CODE)BANK0=_BANK0_START-_BANK0_END             #
#                            -P(CODE)BANK1=_BANK1_START-_BANK1_END             #
#                            -P(CODE)BANK2=_BANK2_START-_BANK2_END             #
#                            -P(CODE)BANK3=_BANK3_START-_BANK3_END             #
#                            -P(CODE)BANK4=_BANK4_START-_BANK4_END             #
#                            -P(CODE)BANK5=_BANK5_START-_BANK5_END             #
#                            -P(CODE)BANK6=_BANK6_START-_BANK6_END             #
#                            -P(CODE)BANK7=_BANK7_START-_BANK7_END             #
#                            -D_FLASH_LOCK_BITS_START=0x7FFF0                  #
#                            -D_FLASH_LOCK_BITS_END=0x7FFFF                    #
#                            -Z(CODE)FLASH_LOCK_BITS=_FLASH_LOCK_BITS_START-_F #
#                            LASH_LOCK_BITS_END                                #
#                            -U(CODE)0x0000=(CODE)_FLASH_LOCK_BITS_START-_FLAS #
#                            H_LOCK_BITS_END)                                  #
#                            -D_NR_OF_VIRTUAL_REGISTERS=8 -D?PBANK=0x93        #
#                            -D?CBANK=0x9F -D?CBANK_MASK=0xFF                  #
#                            -e?BCALL_FF=?BCALL -e?BRET_FF=?BRET               #
#                            -e?BDISPATCH_FF=?BDISPATCH                        #
#                            -D_CODEBANK_START=0x8000 -D_CODEBANK_END=0xFFFF   #
#                            -D_NR_OF_BANKS=0x03                               #
#                            "-IC:\Program Files (x86)\IAR Systems\Embedded Wo #
#                            rkbench 8.0\8051\CONFIG\"                         #
#                            -rt -s __program_start                            #
#                            "C:\Program Files (x86)\IAR Systems\Embedded Work #
#                            bench 8.0\8051\LIB\CLIB\cl-pli-blxc-1e16x01.r51"  #
#                            -D_IDATA_STACK_SIZE=0x80 -D?ESP=0 -D?ESP_MASK=0   #
#                            -D_EXTENDED_STACK_START=0                         #
#                            -D_EXTENDED_STACK_SIZE=0                          #
#                            -D_PDATA_STACK_SIZE=0x80                          #
#                            -D_XDATA_STACK_SIZE=0x300                         #
#                            -D_XDATA_HEAP_SIZE=0xFF -D_FAR_HEAP_SIZE=0xFFF    #
#                            -D_HUGE_HEAP_SIZE=0xFFF                           #
#                            -D_FAR22_HEAP_SIZE=0xFFF)                         #
#                                                                              #
#                           Copyright (C) 1987-2016 IAR Systems AB.            #
################################################################################





                ****************************************
                *                                      *
                *           CROSS REFERENCE            *
                *                                      *
                ****************************************

       Program entry at : CODE      0000007F  Relocatable, from module : CSTARTUP




                ****************************************
                *                                      *
                *            RUNTIME MODEL             *
                *                                      *
                ****************************************

  __SystemLibrary          = CLib
  __calling_convention     = xdata_reentrant
  __code_model             = banked
  __core                   = plain
  __data_model             = large
  __dptr_size              = 16
  __extended_stack         = disabled
  __location_for_constants = code
  __number_of_dptrs        = 1
  __register_banks         = *
  __rt_version             = 1

                ****************************************
                *                                      *
                *    AUTOMATIC SYMBOL REDIRECTIONS     *
                *                                      *
                ****************************************

                  There are no automatic symbol redirections.



                ****************************************
                *                                      *
                *              MODULE MAP              *
                *                                      *
                ****************************************


  DEFINED ABSOLUTE ENTRIES
    *************************************************************************

  DEFINED ABSOLUTE ENTRIES
  PROGRAM MODULE, NAME : ?ABS_ENTRY_MOD

Absolute parts
           ENTRY                   ADDRESS         REF BY
           =====                   =======         ======
           _FAR22_HEAP_SIZE        00000FFF 
           _HUGE_HEAP_SIZE         00000FFF 
           _FAR_HEAP_SIZE          00000FFF 
           _XDATA_HEAP_SIZE        000000FF 
           _XDATA_STACK_SIZE       00000300 
           _PDATA_STACK_SIZE       00000080 
           _EXTENDED_STACK_SIZE    00000000 
           _EXTENDED_STACK_START   00000000 
           ?ESP_MASK               00000000 
           ?ESP                    00000000 
           _IDATA_STACK_SIZE       00000080 
           _NR_OF_BANKS            00000003 
           _CODEBANK_END           0000FFFF 
           _CODEBANK_START         00008000 
           ?CBANK_MASK             000000FF 
           ?CBANK                  0000009F        ?LONGJMP_XDATA (?LONGJMP_XDATA)
                                                   ?RESET_CODE_BANK (CSTARTUP)
                                                   ?SETJMP_XDATA (?SETJMP_XDATA)
                                                   Segment part 0 (?BANKED_CODE_SUPPORT)
           ?PBANK                  00000093        ?RESET_PDATA_BANK (CSTARTUP)
           _NR_OF_VIRTUAL_REGISTERS
                                   00000008 
           _FLASH_LOCK_BITS_END    0007FFFF 
           _FLASH_LOCK_BITS_START
                                   0007FFF0 
           _BANK7_END              0007FFFF 
           _BANK7_START            00078000 
           _BANK6_END              0006FFFF 
           _BANK6_START            00068000 
           _BANK5_END              0005FFFF 
           _BANK5_START            00058000 
           _BANK4_END              0004FFFF 
           _BANK4_START            00048000 
           _BANK3_END              0001FFFF 
           _BANK3_START            00018000 
           _BANK2_END              00017FFF 
           _BANK2_START            00010000 
           _BANK1_END              0000FFFF 
           _BANK1_START            00008000 
           _BANK0_END              00007FFF 
           _BANK0_START            00000000 
           ?VB                     00000020        ?BANKED_ENTER_XDATA (?BANKED_ENTER_XDATA)
                                                   ?BANKED_LEAVE_XDATA (?BANKED_LEAVE_XDATA)
                                                   ?INTERRUPT_ENTER_XSP (?INTERRUPT_ENTER_XSP)
                                                   ?INTERRUPT_LEAVE_XSP (?INTERRUPT_LEAVE_XSP)
                                                   ?LONGJMP_XDATA (?LONGJMP_XDATA)
                                                   ?SETJMP_XDATA (?SETJMP_XDATA)
                                                   AT_enable (action_manager)
                                                   AUTH_IP_Recive (action_manager)
                                                   MAC_Send (action_manager)
                                                   RI_Receive (action_manager)
                                                   RI_Send (action_manager)
                                                   RI_Send_time (action_manager)
                                                   RecvData (action_manager)
                                                   SL_free (action_manager)
                                                   SendData (action_manager)
                                                   _formatted_write_P (?largewr_p)
                                                   comm_node_choise (action_manager)
                                                   send_node_card (action_manager)
                                                   send_sync (action_manager)
           _BREG_START             00000000 
           _REGISTER_BANK_START    00000000 
           ?REGISTER_BANK          00000000        Segment part 6 (CSTARTUP)
           _FIRST_BANK_ADDR        00010000 
           _NEAR_CODE_START        00000000 
           _XDATA0_END             00001EFF 
           _XDATA0_START           00000001 
           _IXDATA0_END            00001EFF 
           _IXDATA0_START          00000001 
           _PDATA0_END             00001EFF 
           _PDATA0_START           00001E00 
           _IDATA0_END             000000FF 
           _IDATA0_START           00000000 
    *************************************************************************

  FILE NAME : E:\Neocore\Hardware\PRG Node\Debug\Obj\action_manager.r51
  PROGRAM MODULE, NAME : action_manager

  SEGMENTS IN THE MODULE
  ======================
SFR_AN
  Relative segment, address: DATA 00000086 - 00000086 (0x1 bytes), align: 0
  Segment part 1. ROOT        Intra module refs:   putchar
                                                   uart_init
           ENTRY                   ADDRESS         REF BY
           =====                   =======         ======
           U0CSR                   00000086 
    -------------------------------------------------------------------------
SFR_AN
  Relative segment, address: DATA 00000087 - 00000087 (0x1 bytes), align: 0
  Segment part 2. ROOT        Intra module refs:   mcu_sleep
           ENTRY                   ADDRESS         REF BY
           =====                   =======         ======
           PCON                    00000087 
    -------------------------------------------------------------------------
SFR_AN
  Relative segment, address: DATA 00000090 - 00000090 (0x1 bytes), align: 0
  Segment part 3. ROOT        Intra module refs:   HW_Init
                                                   mode_1_receive_process
                                                   mode_2_process
           ENTRY                   ADDRESS         REF BY
           =====                   =======         ======
           _A_P1                   00000090 
           LOCAL                   ADDRESS         
           =====                   =======         
           P1                      00000090 
    -------------------------------------------------------------------------
SFR_AN
  Relative segment, address: DATA 00000091 - 00000091 (0x1 bytes), align: 0
  Segment part 4. ROOT        Intra module refs:   SendData
           ENTRY                   ADDRESS         REF BY
           =====                   =======         ======
           RFIRQF1                 00000091 
    -------------------------------------------------------------------------
SFR_AN
  Relative segment, address: DATA 00000094 - 00000094 (0x1 bytes), align: 0
  Segment part 5. ROOT        Intra module refs:   HW_Init
           ENTRY                   ADDRESS         REF BY
           =====                   =======         ======
           T2CTRL                  00000094 
    -------------------------------------------------------------------------
SFR_AN
  Relative segment, address: DATA 00000095 - 00000095 (0x1 bytes), align: 0
  Segment part 6. ROOT        Intra module refs:   AT_wait
                                                   ReadTimer
                                                   loadTimerCompare
           ENTRY                   ADDRESS         REF BY
           =====                   =======         ======
           ST0                     00000095 
    -------------------------------------------------------------------------
SFR_AN
  Relative segment, address: DATA 00000096 - 00000096 (0x1 bytes), align: 0
  Segment part 7. ROOT        Intra module refs:   AT_wait
                                                   ReadTimer
                                                   loadTimerCompare
           ENTRY                   ADDRESS         REF BY
           =====                   =======         ======
           ST1                     00000096 
    -------------------------------------------------------------------------
SFR_AN
  Relative segment, address: DATA 00000097 - 00000097 (0x1 bytes), align: 0
  Segment part 8. ROOT        Intra module refs:   AT_wait
                                                   ReadTimer
                                                   loadTimerCompare
           ENTRY                   ADDRESS         REF BY
           =====                   =======         ======
           ST2                     00000097 
    -------------------------------------------------------------------------
SFR_AN
  Relative segment, address: DATA 0000009D - 0000009D (0x1 bytes), align: 0
  Segment part 9. ROOT        Intra module refs:   AT_wait
                                                   ReadTimer
           ENTRY                   ADDRESS         REF BY
           =====                   =======         ======
           SLEEPSTA                0000009D 
    -------------------------------------------------------------------------
SFR_AN
  Relative segment, address: DATA 0000009E - 0000009E (0x1 bytes), align: 0
  Segment part 10. ROOT       Intra module refs:   HW_Init
           ENTRY                   ADDRESS         REF BY
           =====                   =======         ======
           CLKCONSTA               0000009E 
    -------------------------------------------------------------------------
SFR_AN
  Relative segment, address: DATA 000000A2 - 000000A2 (0x1 bytes), align: 0
  Segment part 11. ROOT       Intra module refs:   UST_now
           ENTRY                   ADDRESS         REF BY
           =====                   =======         ======
           T2M0                    000000A2 
    -------------------------------------------------------------------------
SFR_AN
  Relative segment, address: DATA 000000A3 - 000000A3 (0x1 bytes), align: 0
  Segment part 12. ROOT       Intra module refs:   UST_now
           ENTRY                   ADDRESS         REF BY
           =====                   =======         ======
           T2M1                    000000A3 
    -------------------------------------------------------------------------
SFR_AN
  Relative segment, address: DATA 000000A4 - 000000A4 (0x1 bytes), align: 0
  Segment part 13. ROOT       Intra module refs:   UST_now
           ENTRY                   ADDRESS         REF BY
           =====                   =======         ======
           T2MOVF0                 000000A4 
    -------------------------------------------------------------------------
SFR_AN
  Relative segment, address: DATA 000000A5 - 000000A5 (0x1 bytes), align: 0
  Segment part 14. ROOT       Intra module refs:   UST_now
           ENTRY                   ADDRESS         REF BY
           =====                   =======         ======
           T2MOVF1                 000000A5 
    -------------------------------------------------------------------------
SFR_AN
  Relative segment, address: DATA 000000A8 - 000000A8 (0x1 bytes), align: 0
  Segment part 15. ROOT       Intra module refs:   AT_enable
                                                   HW_Init
                                                   IRQEnable
                                                   SL_alloc
                                                   SL_free
                                                   SL_set_rx
                                                   SL_set_tx
                                                   TM_IRQ
                                                   __cli
                                                   isIRQEnable
           ENTRY                   ADDRESS         REF BY
           =====                   =======         ======
           _A_IEN0                 000000A8 
           LOCAL                   ADDRESS         
           =====                   =======         
           IEN0                    000000A8 
    -------------------------------------------------------------------------
SFR_AN
  Relative segment, address: DATA 000000AD - 000000AD (0x1 bytes), align: 0
  Segment part 16. ROOT       Intra module refs:   loadTimerCompare
           ENTRY                   ADDRESS         REF BY
           =====                   =======         ======
           STLOAD                  000000AD 
    -------------------------------------------------------------------------
SFR_AN
  Relative segment, address: DATA 000000B3 - 000000B3 (0x1 bytes), align: 0
  Segment part 17. ROOT       Intra module refs:   AES_StreamCoder
           ENTRY                   ADDRESS         REF BY
           =====                   =======         ======
           ENCCS                   000000B3 
    -------------------------------------------------------------------------
SFR_AN
  Relative segment, address: DATA 000000BE - 000000BE (0x1 bytes), align: 0
  Segment part 18. ROOT       Intra module refs:   mcu_sleep
           ENTRY                   ADDRESS         REF BY
           =====                   =======         ======
           SLEEPCMD                000000BE 
    -------------------------------------------------------------------------
SFR_AN
  Relative segment, address: DATA 000000C0 - 000000C0 (0x1 bytes), align: 0
  Segment part 19. ROOT       Intra module refs:   TimerCompareInterrupt
           ENTRY                   ADDRESS         REF BY
           =====                   =======         ======
           _A_IRCON                000000C0 
           LOCAL                   ADDRESS         
           =====                   =======         
           IRCON                   000000C0 
    -------------------------------------------------------------------------
SFR_AN
  Relative segment, address: DATA 000000C1 - 000000C1 (0x1 bytes), align: 0
  Segment part 20. ROOT       Intra module refs:   putchar
           ENTRY                   ADDRESS         REF BY
           =====                   =======         ======
           U0DBUF                  000000C1 
    -------------------------------------------------------------------------
SFR_AN
  Relative segment, address: DATA 000000C2 - 000000C2 (0x1 bytes), align: 0
  Segment part 21. ROOT       Intra module refs:   uart_init
           ENTRY                   ADDRESS         REF BY
           =====                   =======         ======
           U0BAUD                  000000C2 
    -------------------------------------------------------------------------
SFR_AN
  Relative segment, address: DATA 000000C5 - 000000C5 (0x1 bytes), align: 0
  Segment part 22. ROOT       Intra module refs:   uart_init
           ENTRY                   ADDRESS         REF BY
           =====                   =======         ======
           U0GCR                   000000C5 
    -------------------------------------------------------------------------
SFR_AN
  Relative segment, address: DATA 000000C6 - 000000C6 (0x1 bytes), align: 0
  Segment part 23. ROOT       Intra module refs:   HW_Init
           ENTRY                   ADDRESS         REF BY
           =====                   =======         ======
           CLKCONCMD               000000C6 
    -------------------------------------------------------------------------
SFR_AN
  Relative segment, address: DATA 000000D2 - 000000D2 (0x1 bytes), align: 0
  Segment part 24. ROOT       Intra module refs:   HW_Init
           ENTRY                   ADDRESS         REF BY
           =====                   =======         ======
           DMA1CFGL                000000D2 
    -------------------------------------------------------------------------
SFR_AN
  Relative segment, address: DATA 000000D3 - 000000D3 (0x1 bytes), align: 0
  Segment part 25. ROOT       Intra module refs:   HW_Init
           ENTRY                   ADDRESS         REF BY
           =====                   =======         ======
           DMA1CFGH                000000D3 
    -------------------------------------------------------------------------
SFR_AN
  Relative segment, address: DATA 000000D4 - 000000D4 (0x1 bytes), align: 0
  Segment part 26. ROOT       Intra module refs:   HW_Init
           ENTRY                   ADDRESS         REF BY
           =====                   =======         ======
           DMA0CFGL                000000D4 
    -------------------------------------------------------------------------
SFR_AN
  Relative segment, address: DATA 000000D5 - 000000D5 (0x1 bytes), align: 0
  Segment part 27. ROOT       Intra module refs:   HW_Init
           ENTRY                   ADDRESS         REF BY
           =====                   =======         ======
           DMA0CFGH                000000D5 
    -------------------------------------------------------------------------
SFR_AN
  Relative segment, address: DATA 000000D6 - 000000D6 (0x1 bytes), align: 0
  Segment part 28. ROOT       Intra module refs:   AES_StreamCoder
           ENTRY                   ADDRESS         REF BY
           =====                   =======         ======
           DMAARM                  000000D6 
    -------------------------------------------------------------------------
SFR_AN
  Relative segment, address: DATA 000000D7 - 000000D7 (0x1 bytes), align: 0
  Segment part 29. ROOT       Intra module refs:   AES_StreamCoder
           ENTRY                   ADDRESS         REF BY
           =====                   =======         ======
           DMAREQ                  000000D7 
    -------------------------------------------------------------------------
SFR_AN
  Relative segment, address: DATA 000000D9 - 000000D9 (0x1 bytes), align: 0
  Segment part 30. ROOT       Intra module refs:   LoadTXData
                                                   UnLoadRXData
           ENTRY                   ADDRESS         REF BY
           =====                   =======         ======
           RFD                     000000D9 
    -------------------------------------------------------------------------
SFR_AN
  Relative segment, address: DATA 000000E1 - 000000E1 (0x1 bytes), align: 0
  Segment part 31. ROOT       Intra module refs:   LoadTXData
                                                   RI_Measure_POW
                                                   RecvData
                                                   SendData
                                                   random_core_init
           ENTRY                   ADDRESS         REF BY
           =====                   =======         ======
           RFST                    000000E1 
    -------------------------------------------------------------------------
SFR_AN
  Relative segment, address: DATA 000000E9 - 000000E9 (0x1 bytes), align: 0
  Segment part 32. ROOT       Intra module refs:   RecvData
                                                   SendData
           ENTRY                   ADDRESS         REF BY
           =====                   =======         ======
           RFIRQF0                 000000E9 
    -------------------------------------------------------------------------
SFR_AN
  Relative segment, address: DATA 000000F1 - 000000F1 (0x1 bytes), align: 0
  Segment part 33. ROOT       Intra module refs:   uart_init
           ENTRY                   ADDRESS         REF BY
           =====                   =======         ======
           PERCFG                  000000F1 
    -------------------------------------------------------------------------
SFR_AN
  Relative segment, address: DATA 000000F3 - 000000F3 (0x1 bytes), align: 0
  Segment part 34. ROOT       Intra module refs:   uart_init
           ENTRY                   ADDRESS         REF BY
           =====                   =======         ======
           P0SEL                   000000F3 
    -------------------------------------------------------------------------
SFR_AN
  Relative segment, address: DATA 000000FE - 000000FE (0x1 bytes), align: 0
  Segment part 35. ROOT       Intra module refs:   HW_Init
           ENTRY                   ADDRESS         REF BY
           =====                   =======         ======
           P1DIR                   000000FE 
    -------------------------------------------------------------------------
XDATA_I
  Relative segment, address: XDATA 00001385 - 0000138A (0x6 bytes), align: 0
  Segment part 322.           Intra module refs:   AM_Cold_start
           LOCAL                   ADDRESS         
           =====                   =======         
           COLD_MOD                00001385 
    -------------------------------------------------------------------------
XDATA_I
  Relative segment, address: XDATA 0000138B - 00001392 (0x8 bytes), align: 0
  Segment part 324.           Intra module refs:   AM_Hot_start
           LOCAL                   ADDRESS         
           =====                   =======         
           HOT_MOD                 0000138B 
    -------------------------------------------------------------------------
XDATA_I
  Relative segment, address: XDATA 00001393 - 000013A2 (0x10 bytes), align: 0
  Segment part 326.           Intra module refs:   AM_HW_Init
           LOCAL                   ADDRESS         
           =====                   =======         
           HW_MOD                  00001393 
    -------------------------------------------------------------------------
XDATA_I
  Relative segment, address: XDATA 000013A3 - 000013B0 (0xe bytes), align: 0
  Segment part 328.           Intra module refs:   AM_SW_Init
           LOCAL                   ADDRESS         
           =====                   =======         
           SW_MOD                  000013A3 
    -------------------------------------------------------------------------
XDATA_I
  Relative segment, address: XDATA 000013B1 - 000013B4 (0x4 bytes), align: 0
  Segment part 330.           Intra module refs:   AM_IRQ_Init
           LOCAL                   ADDRESS         
           =====                   =======         
           IRQ_MOD                 000013B1 
    -------------------------------------------------------------------------
XDATA_Z
  Relative segment, address: XDATA 00000301 - 00000302 (0x2 bytes), align: 0
  Segment part 332.           Intra module refs:   AM_Callback
                                                   AM_set_callback
           LOCAL                   ADDRESS         
           =====                   =======         
           CALLBACK                00000301 
    -------------------------------------------------------------------------
<BANKED_CODE> 2 (was BANKED_CODE)
  Relative segment, address: CODE 00008000 - 0000804F (0x50 bytes), align: 0
  Segment part 439.           Intra module refs:   AM_set_callback::?relay
           ENTRY                   ADDRESS         REF BY
           =====                   =======         ======
           AM_set_callback         00008000 
               calls direct
               XSTACK = 0000000A ( 0000000C )
    -------------------------------------------------------------------------
<BANKED_CODE> 2 (was BANKED_CODE)
  Relative segment, address: CODE 00008050 - 000080A9 (0x5a bytes), align: 0
  Segment part 441.           Intra module refs:   AM_Callback::?relay
           ENTRY                   ADDRESS         REF BY
           =====                   =======         ======
           AM_Callback             00008050 
               calls direct
               XSTACK = 00000000 ( 0000000C )
    -------------------------------------------------------------------------
<BANKED_CODE> 2 (was BANKED_CODE)
  Relative segment, address: CODE 000080AA - 0000816E (0xc5 bytes), align: 0
  Segment part 443.           Intra module refs:   AM_Cold_start::?relay
           ENTRY                   ADDRESS         REF BY
           =====                   =======         ======
           AM_Cold_start           000080AA 
               calls direct
               XSTACK = 00000009 ( 0000000C )
    -------------------------------------------------------------------------
<BANKED_CODE> 2 (was BANKED_CODE)
  Relative segment, address: CODE 0000816F - 00008233 (0xc5 bytes), align: 0
  Segment part 445.           Intra module refs:   AM_Hot_start::?relay
           ENTRY                   ADDRESS         REF BY
           =====                   =======         ======
           AM_Hot_start            0000816F 
               calls direct
               XSTACK = 00000009 ( 0000000C )
    -------------------------------------------------------------------------
<BANKED_CODE> 2 (was BANKED_CODE)
  Relative segment, address: CODE 00008234 - 000082EC (0xb9 bytes), align: 0
  Segment part 447.           Intra module refs:   AM_HW_Init::?relay
           ENTRY                   ADDRESS         REF BY
           =====                   =======         ======
           AM_HW_Init              00008234 
               calls direct
               XSTACK = 0000000A ( 0000000C )
    -------------------------------------------------------------------------
<BANKED_CODE> 2 (was BANKED_CODE)
  Relative segment, address: CODE 000082ED - 000083A9 (0xbd bytes), align: 0
  Segment part 449.           Intra module refs:   AM_SW_Init::?relay
           ENTRY                   ADDRESS         REF BY
           =====                   =======         ======
           AM_SW_Init              000082ED 
               calls direct
               XSTACK = 0000000A ( 0000000C )
    -------------------------------------------------------------------------
<BANKED_CODE> 2 (was BANKED_CODE)
  Relative segment, address: CODE 000083AA - 0000846A (0xc1 bytes), align: 0
  Segment part 451.           Intra module refs:   AM_IRQ_Init::?relay
           ENTRY                   ADDRESS         REF BY
           =====                   =======         ======
           AM_IRQ_Init             000083AA 
               calls direct
               XSTACK = 00000000 ( 0000000C )
    -------------------------------------------------------------------------
<BANKED_CODE> 2 (was BANKED_CODE)
  Relative segment, address: CODE 0000846B - 00008471 (0x7 bytes), align: 0
  Segment part 453.           Intra module refs:   __cli::?relay
           LOCAL                   ADDRESS         
           =====                   =======         
           __cli                   0000846B 
               XSTACK = 00000009 ( 00000000 )
    -------------------------------------------------------------------------
XDATA_I
  Relative segment, address: XDATA 000013B5 - 000013BE (0xa bytes), align: 0
  Segment part 333.           Intra module refs:   Segment part 327
           ENTRY                   ADDRESS         REF BY
           =====                   =======         ======
           AT_MODULE               000013B5 
    -------------------------------------------------------------------------
XDATA_Z
  Relative segment, address: XDATA 00000303 - 00000304 (0x2 bytes), align: 0
  Segment part 335.           Intra module refs:   AT_set_time
                                                   AT_time
                                                   AT_wait
                                                   HW_Init
                                                   calcCompareTime
           LOCAL                   ADDRESS         
           =====                   =======         
           TOFFSET                 00000303 
    -------------------------------------------------------------------------
XDATA_Z
  Relative segment, address: XDATA 00000305 - 00000308 (0x4 bytes), align: 0
  Segment part 336.           Intra module refs:   AT_set_alarm
                                                   AT_set_time
                                                   HW_Init
           LOCAL                   ADDRESS         
           =====                   =======         
           COMPARE_TIME            00000305 
    -------------------------------------------------------------------------
<BANKED_CODE> 2 (was BANKED_CODE)
  Relative segment, address: CODE 00008472 - 0000849D (0x2c bytes), align: 0
  Segment part 455.           Intra module refs:   HW_Init::?relay
           LOCAL                   ADDRESS         
           =====                   =======         
           HW_Init                 00008472 
               calls direct, is indirectly called
               ISTACK = 00000000 ( 00000002 )
    -------------------------------------------------------------------------
<BANKED_CODE> 2 (was BANKED_CODE)
  Relative segment, address: CODE 0000849E - 000084C8 (0x2b bytes), align: 0
  Segment part 457.           Intra module refs:   AT_enable::?relay
           ENTRY                   ADDRESS         REF BY
           =====                   =======         ======
           AT_enable               0000849E 
               calls direct
               XSTACK = 00000009 ( 00000009 )
    -------------------------------------------------------------------------
<BANKED_CODE> 2 (was BANKED_CODE)
  Relative segment, address: CODE 000084C9 - 000084EA (0x22 bytes), align: 0
  Segment part 459.           Intra module refs:   AT_interval::?relay
           ENTRY                   ADDRESS         REF BY
           =====                   =======         ======
           AT_interval             000084C9 
               XSTACK = 0000000A ( 00000000 )
    -------------------------------------------------------------------------
<BANKED_CODE> 2 (was BANKED_CODE)
  Relative segment, address: CODE 000084EB - 00008575 (0x8b bytes), align: 0
  Segment part 461.           Intra module refs:   AT_set_time::?relay
           ENTRY                   ADDRESS         REF BY
           =====                   =======         ======
           AT_set_time             000084EB 
               calls direct
               XSTACK = 0000000A ( 0000000E )
    -------------------------------------------------------------------------
<BANKED_CODE> 2 (was BANKED_CODE)
  Relative segment, address: CODE 00008576 - 000085AC (0x37 bytes), align: 0
  Segment part 463.           Intra module refs:   AT_time::?relay
           ENTRY                   ADDRESS         REF BY
           =====                   =======         ======
           AT_time                 00008576 
               calls direct
               XSTACK = 00000043 ( 00000010 )
    -------------------------------------------------------------------------
<BANKED_CODE> 2 (was BANKED_CODE)
  Relative segment, address: CODE 000085AD - 0000865D (0xb1 bytes), align: 0
  Segment part 465.           Intra module refs:   AT_wait::?relay
           ENTRY                   ADDRESS         REF BY
           =====                   =======         ======
           AT_wait                 000085AD 
               calls direct
               XSTACK = 0000003F ( 0000000E )
    -------------------------------------------------------------------------
XDATA_Z
  Relative segment, address: XDATA 00000309 - 0000030C (0x4 bytes), align: 0
  Segment part 337.           Intra module refs:   AT_wait
           LOCAL                   ADDRESS         
           =====                   =======         
           AT_wait::val            00000309 
    -------------------------------------------------------------------------
<BANKED_CODE> 2 (was BANKED_CODE)
  Relative segment, address: CODE 0000865E - 0000866E (0x11 bytes), align: 0
  Segment part 467.           Intra module refs:   IRQEnable::?relay
           LOCAL                   ADDRESS         
           =====                   =======         
           IRQEnable               0000865E 
               XSTACK = 0000000F ( 00000000 )
    -------------------------------------------------------------------------
<BANKED_CODE> 2 (was BANKED_CODE)
  Relative segment, address: CODE 0000866F - 000086EF (0x81 bytes), align: 0
  Segment part 469.           Intra module refs:   AT_set_alarm::?relay
           ENTRY                   ADDRESS         REF BY
           =====                   =======         ======
           AT_set_alarm            0000866F 
               calls direct
               XSTACK = 0000000C ( 0000000E )
    -------------------------------------------------------------------------
<BANKED_CODE> 2 (was BANKED_CODE)
  Relative segment, address: CODE 000086F0 - 000087A6 (0xb7 bytes), align: 0
  Segment part 471.           Intra module refs:   calcCompareTime::?relay
           LOCAL                   ADDRESS         
           =====                   =======         
           calcCompareTime         000086F0 
               calls direct
               XSTACK = 0000000C ( 00000014 )
    -------------------------------------------------------------------------
<BANKED_CODE> 2 (was BANKED_CODE)
  Relative segment, address: CODE 000087A7 - 000087E1 (0x3b bytes), align: 0
  Segment part 473.           Intra module refs:   ReadTimer::?relay
           LOCAL                   ADDRESS         
           =====                   =======         
           ReadTimer               000087A7 
               XSTACK = 00000014 ( 00000000 )
               ISTACK = 00000000 ( 00000002 )
    -------------------------------------------------------------------------
XDATA_Z
  Relative segment, address: XDATA 0000030D - 00000310 (0x4 bytes), align: 0
  Segment part 338.           Intra module refs:   ReadTimer
           LOCAL                   ADDRESS         
           =====                   =======         
           ReadTimer::ret_val      0000030D 
    -------------------------------------------------------------------------
<BANKED_CODE> 2 (was BANKED_CODE)
  Relative segment, address: CODE 000087E2 - 00008827 (0x46 bytes), align: 0
  Segment part 475.           Intra module refs:   loadTimerCompare::?relay
           LOCAL                   ADDRESS         
           =====                   =======         
           loadTimerCompare        000087E2 
               XSTACK = 0000000C ( 00000010 )
    -------------------------------------------------------------------------
<BANKED_CODE> 2 (was BANKED_CODE)
  Relative segment, address: CODE 00008828 - 0000882C (0x5 bytes), align: 0
  Segment part 477.           Intra module refs:   isIRQEnable::?relay
           LOCAL                   ADDRESS         
           =====                   =======         
           isIRQEnable             00008828 
               XSTACK = 0000000C ( 00000000 )
    -------------------------------------------------------------------------
NEAR_CODE
  Relative segment, address: CODE 0000261A - 0000263E (0x25 bytes), align: 0
  Segment part 887.           Intra module refs:   TimerCompareInterrupt::??INTVEC 43
           ENTRY                   ADDRESS         REF BY
           =====                   =======         ======
           TimerCompareInterrupt   0000261A 
               interrupt function
               calls direct
               XSTACK = 00000000 ( 0000000F )
    -------------------------------------------------------------------------
XDATA_Z
  Relative segment, address: XDATA 00000311 - 00000314 (0x4 bytes), align: 0
  Segment part 339.           Intra module refs:   AUTH_request
           LOCAL                   ADDRESS         
           =====                   =======         
           last_request            00000311 
    -------------------------------------------------------------------------
XDATA_Z
  Relative segment, address: XDATA 00000315 - 00000391 (0x7d bytes), align: 0
  Segment part 340.           Intra module refs:   Segment part 343
                                                   get_AUTH_NODE_REQ
                                                   receiveCMD_Request
           LOCAL                   ADDRESS         
           =====                   =======         
           AUTH_NODE_REQ           00000315 
    -------------------------------------------------------------------------
XDATA_Z
  Relative segment, address: XDATA 00000392 - 0000041D (0x8c bytes), align: 0
  Segment part 341.           Intra module refs:   AUTH_resend_RESP_from_gw
                                                   Segment part 342
                                                   set_AUTH_NODE_RESP
           LOCAL                   ADDRESS         
           =====                   =======         
           AUTH_NODE_RESP          00000392 
    -------------------------------------------------------------------------
<BANKED_CODE> 2 (was BANKED_CODE)
  Relative segment, address: CODE 0000882D - 00008869 (0x3d bytes), align: 0
  Segment part 479.           Intra module refs:   AUTH_ETH_Init::?relay
           ENTRY                   ADDRESS         REF BY
           =====                   =======         ======
           AUTH_ETH_Init           0000882D 
               calls direct
               XSTACK = 0000000A ( 00000008 )
               ISTACK = 00000000 ( 00000002 )
    -------------------------------------------------------------------------
CODE_C
  Relative segment, address: CODE 000014BD - 000014C0 (0x4 bytes), align: 0
  Segment part 342.           Intra module refs:   AUTH_ETH_Init
    -------------------------------------------------------------------------
CODE_C
  Relative segment, address: CODE 000014C1 - 000014C4 (0x4 bytes), align: 0
  Segment part 343.           Intra module refs:   AUTH_ETH_Init
    -------------------------------------------------------------------------
<BANKED_CODE> 2 (was BANKED_CODE)
  Relative segment, address: CODE 0000886A - 000089A5 (0x13c bytes), align: 0
  Segment part 481.           Intra module refs:   AUTH_ETH_Receive::?relay
           ENTRY                   ADDRESS         REF BY
           =====                   =======         ======
           AUTH_ETH_Receive        0000886A 
               calls direct
               XSTACK = 00000009 ( 0000000E )
    -------------------------------------------------------------------------
<BANKED_CODE> 2 (was BANKED_CODE)
  Relative segment, address: CODE 000089A6 - 00008A39 (0x94 bytes), align: 0
  Segment part 483.           Intra module refs:   setNodeCHTS::?relay
           LOCAL                   ADDRESS         
           =====                   =======         
           setNodeCHTS             000089A6 
               calls direct
               XSTACK = 0000000A ( 0000000E )
    -------------------------------------------------------------------------
<BANKED_CODE> 2 (was BANKED_CODE)
  Relative segment, address: CODE 00008A3A - 00008C73 (0x23a bytes), align: 0
  Segment part 485.           Intra module refs:   receiveCMD_Response::?relay
           LOCAL                   ADDRESS         
           =====                   =======         
           receiveCMD_Response     00008A3A 
               calls direct
               XSTACK = 0000000C ( 0000000C )
               ISTACK = 00000000 ( 00000001 )
    -------------------------------------------------------------------------
<BANKED_CODE> 2 (was BANKED_CODE)
  Relative segment, address: CODE 00008C74 - 00008CAA (0x37 bytes), align: 0
  Segment part 487.           Intra module refs:   mac_cmp::?relay
           LOCAL                   ADDRESS         
           =====                   =======         
           mac_cmp                 00008C74 
               XSTACK = 00000011 ( 00000009 )
    -------------------------------------------------------------------------
<BANKED_CODE> 2 (was BANKED_CODE)
  Relative segment, address: CODE 00008CAB - 00008EEF (0x245 bytes), align: 0
  Segment part 489.           Intra module refs:   set_AUTH_NODE_RESP::?relay
           ENTRY                   ADDRESS         REF BY
           =====                   =======         ======
           set_AUTH_NODE_RESP      00008CAB 
               calls direct
               XSTACK = 0000000A ( 00000015 )
               ISTACK = 00000000 ( 00000001 )
    -------------------------------------------------------------------------
CODE_C
  Relative segment, address: CODE 000014C5 - 000014C9 (0x5 bytes), align: 0
  Segment part 344.           Intra module refs:   set_AUTH_NODE_RESP
    -------------------------------------------------------------------------
<BANKED_CODE> 2 (was BANKED_CODE)
  Relative segment, address: CODE 00008EF0 - 0000902E (0x13f bytes), align: 0
  Segment part 491.           Intra module refs:   get_AUTH_NODE_REQ::?relay
           ENTRY                   ADDRESS         REF BY
           =====                   =======         ======
           get_AUTH_NODE_REQ       00008EF0 
               calls direct
               XSTACK = 00000011 ( 0000000E )
               ISTACK = 00000000 ( 00000001 )
    -------------------------------------------------------------------------
<BANKED_CODE> 2 (was BANKED_CODE)
  Relative segment, address: CODE 0000902F - 00009315 (0x2e7 bytes), align: 0
  Segment part 493.           Intra module refs:   receiveCMD_Request::?relay
           LOCAL                   ADDRESS         
           =====                   =======         
           receiveCMD_Request      0000902F 
               calls direct
               XSTACK = 0000000C ( 0000001F )
               ISTACK = 00000000 ( 00000001 )
    -------------------------------------------------------------------------
CODE_C
  Relative segment, address: CODE 000014CA - 000014CE (0x5 bytes), align: 0
  Segment part 345.           Intra module refs:   receiveCMD_Request
    -------------------------------------------------------------------------
<BANKED_CODE> 2 (was BANKED_CODE)
  Relative segment, address: CODE 00009316 - 00009543 (0x22e bytes), align: 0
  Segment part 495.           Intra module refs:   AUTH_resend_RESP_from_gw::?relay
           LOCAL                   ADDRESS         
           =====                   =======         
           AUTH_resend_RESP_from_gw
                                   00009316 
               calls direct
               XSTACK = 00000000 ( 0000000F )
               ISTACK = 00000000 ( 00000002 )
    -------------------------------------------------------------------------
XDATA_Z
  Relative segment, address: XDATA 0000041E - 00000421 (0x4 bytes), align: 0
  Segment part 346.           Intra module refs:   AUTH_resend_RESP_from_gw
           LOCAL                   ADDRESS         
           =====                   =======         
           AUTH_resend_RESP_from_gw::last
                                   0000041E 
    -------------------------------------------------------------------------
<BANKED_CODE> 2 (was BANKED_CODE)
  Relative segment, address: CODE 00009544 - 0000957E (0x3b bytes), align: 0
  Segment part 497.           Intra module refs:   AUTH_ETH_TimeAlloc::?relay
           ENTRY                   ADDRESS         REF BY
           =====                   =======         ======
           AUTH_ETH_TimeAlloc      00009544 
               calls direct
               XSTACK = 0000000A ( 00000000 )
               ISTACK = 00000000 ( 00000002 )
    -------------------------------------------------------------------------
<BANKED_CODE> 2 (was BANKED_CODE)
  Relative segment, address: CODE 0000957F - 00009701 (0x183 bytes), align: 0
  Segment part 499.           Intra module refs:   AUTH_request::?relay
           LOCAL                   ADDRESS         
           =====                   =======         
           AUTH_request            0000957F 
               calls direct
               XSTACK = 00000000 ( 00000027 )
               ISTACK = 00000000 ( 00000002 )
    -------------------------------------------------------------------------
<BANKED_CODE> 2 (was BANKED_CODE)
  Relative segment, address: CODE 00009702 - 00009704 (0x3 bytes), align: 0
  Segment part 501.           Intra module refs:   AUTH_IP_Init::?relay
           ENTRY                   ADDRESS         REF BY
           =====                   =======         ======
           AUTH_IP_Init            00009702 
               XSTACK = 0000000A ( 00000000 )
    -------------------------------------------------------------------------
<BANKED_CODE> 2 (was BANKED_CODE)
  Relative segment, address: CODE 00009705 - 000097A1 (0x9d bytes), align: 0
  Segment part 503.           Intra module refs:   AUTH_IP_Recive::?relay
           ENTRY                   ADDRESS         REF BY
           =====                   =======         ======
           AUTH_IP_Recive          00009705 
               calls direct
               XSTACK = 0000000A ( 0000000C )
    -------------------------------------------------------------------------
<BANKED_CODE> 2 (was BANKED_CODE)
  Relative segment, address: CODE 000097A2 - 000098C4 (0x123 bytes), align: 0
  Segment part 505.           Intra module refs:   AUTH_IP_TimeAlloc::?relay
           ENTRY                   ADDRESS         REF BY
           =====                   =======         ======
           AUTH_IP_TimeAlloc       000097A2 
               calls direct
               XSTACK = 0000000A ( 00000013 )
               ISTACK = 00000000 ( 00000002 )
    -------------------------------------------------------------------------
XDATA_Z
  Relative segment, address: XDATA 00000422 - 00000425 (0x4 bytes), align: 0
  Segment part 347.           Intra module refs:   AUTH_IP_TimeAlloc
           LOCAL                   ADDRESS         
           =====                   =======         
           AUTH_IP_TimeAlloc::time
                                   00000422 
    -------------------------------------------------------------------------
<BANKED_CODE> 2 (was BANKED_CODE)
  Relative segment, address: CODE 000098C5 - 000098C7 (0x3 bytes), align: 0
  Segment part 507.           Intra module refs:   TB_Receive::?relay
           ENTRY                   ADDRESS         REF BY
           =====                   =======         ======
           TB_Receive              000098C5 
               XSTACK = 00000009 ( 00000000 )
    -------------------------------------------------------------------------
XDATA_I
  Relative segment, address: XDATA 000013BF - 000013C8 (0xa bytes), align: 0
  Segment part 348.           Intra module refs:   Segment part 327
           ENTRY                   ADDRESS         REF BY
           =====                   =======         ======
           CODER_MODULE            000013BF 
    -------------------------------------------------------------------------
<BANKED_CODE> 2 (was BANKED_CODE)
  Relative segment, address: CODE 000098C8 - 00009A60 (0x199 bytes), align: 0
  Segment part 509.           Intra module refs:   HW_Init::?relay
           LOCAL                   ADDRESS         
           =====                   =======         
           HW_Init                 000098C8 
               calls direct, is indirectly called
               XSTACK = 00000000 ( 00000054 )
               ISTACK = 00000000 ( 00000002 )
    -------------------------------------------------------------------------
CODE_C
  Relative segment, address: CODE 000014CF - 000014D3 (0x5 bytes), align: 0
  Segment part 351.           Intra module refs:   HW_Init
    -------------------------------------------------------------------------
CODE_C
  Relative segment, address: CODE 000014D4 - 000014D8 (0x5 bytes), align: 0
  Segment part 352.           Intra module refs:   HW_Init
    -------------------------------------------------------------------------
CODE_C
  Relative segment, address: CODE 000014D9 - 000014DD (0x5 bytes), align: 0
  Segment part 353.           Intra module refs:   HW_Init
    -------------------------------------------------------------------------
CODE_C
  Relative segment, address: CODE 000014DE - 000014E2 (0x5 bytes), align: 0
  Segment part 354.           Intra module refs:   HW_Init
    -------------------------------------------------------------------------
<BANKED_CODE> 2 (was BANKED_CODE)
  Relative segment, address: CODE 00009A61 - 00009C4D (0x1ed bytes), align: 0
  Segment part 511.           Intra module refs:   AES_StreamCoder::?relay
           ENTRY                   ADDRESS         REF BY
           =====                   =======         ======
           AES_StreamCoder         00009A61 
               calls direct
               XSTACK = 0000003F ( 00000022 )
    -------------------------------------------------------------------------
XDATA_Z
  Relative segment, address: XDATA 00000426 - 00000427 (0x2 bytes), align: 0
  Segment part 360.           Intra module refs:   HP_Init
                                                   HP_callback
                                                   setUserTimeAllocation
           LOCAL                   ADDRESS         
           =====                   =======         
           userTimeAllocation      00000426 
    -------------------------------------------------------------------------
<BANKED_CODE> 2 (was BANKED_CODE)
  Relative segment, address: CODE 00009C4E - 00009CB7 (0x6a bytes), align: 0
  Segment part 525.           Intra module refs:   HP_Init::?relay
           ENTRY                   ADDRESS         REF BY
           =====                   =======         ======
           HP_Init                 00009C4E 
               calls direct
               XSTACK = 00000000 ( 0000000C )
    -------------------------------------------------------------------------
<BANKED_CODE> 2 (was BANKED_CODE)
  Relative segment, address: CODE 00009CB8 - 00009CCA (0x13 bytes), align: 0
  Segment part 527.           Intra module refs:   setUserTimeAllocation::?relay
           ENTRY                   ADDRESS         REF BY
           =====                   =======         ======
           setUserTimeAllocation   00009CB8 
               ISTACK = 00000000 ( 00000002 )
    -------------------------------------------------------------------------
<BANKED_CODE> 2 (was BANKED_CODE)
  Relative segment, address: CODE 00009CCB - 00009CF5 (0x2b bytes), align: 0
  Segment part 529.           Intra module refs:   NeocoreReady::?relay
           ENTRY                   ADDRESS         REF BY
           =====                   =======         ======
           NeocoreReady            00009CCB 
               ISTACK = 00000000 ( 00000002 )
    -------------------------------------------------------------------------
<BANKED_CODE> 2 (was BANKED_CODE)
  Relative segment, address: CODE 00009CF6 - 00009D45 (0x50 bytes), align: 0
  Segment part 531.           Intra module refs:   stack_init::?relay
           LOCAL                   ADDRESS         
           =====                   =======         
           stack_init              00009CF6 
               calls direct
               XSTACK = 0000000A ( 0000000C )
    -------------------------------------------------------------------------
<BANKED_CODE> 2 (was BANKED_CODE)
  Relative segment, address: CODE 00009D46 - 00009D6D (0x28 bytes), align: 0
  Segment part 535.           Intra module refs:   HP_callback::?relay
           LOCAL                   ADDRESS         
           =====                   =======         
           HP_callback             00009D46 
               calls direct, is indirectly called
               ISTACK = 00000000 ( 00000002 )
    -------------------------------------------------------------------------
XDATA_I
  Relative segment, address: XDATA 000013C9 - 000013D2 (0xa bytes), align: 0
  Segment part 361.           Intra module refs:   Segment part 327
           ENTRY                   ADDRESS         REF BY
           =====                   =======         ======
           CPU_MODULE              000013C9 
    -------------------------------------------------------------------------
<BANKED_CODE> 2 (was BANKED_CODE)
  Relative segment, address: CODE 00009D6E - 00009D84 (0x17 bytes), align: 0
  Segment part 537.           Intra module refs:   HW_Init::?relay
           LOCAL                   ADDRESS         
           =====                   =======         
           HW_Init                 00009D6E 
               is indirectly called
    -------------------------------------------------------------------------
XDATA_I
  Relative segment, address: XDATA 000013D3 - 000013DC (0xa bytes), align: 0
  Segment part 363.           Intra module refs:   Segment part 327
           ENTRY                   ADDRESS         REF BY
           =====                   =======         ======
           DBG_MODULE              000013D3 
    -------------------------------------------------------------------------
<BANKED_CODE> 2 (was BANKED_CODE)
  Relative segment, address: CODE 00009D85 - 00009D97 (0x13 bytes), align: 0
  Segment part 539.           Intra module refs:   HW_Init::?relay
           LOCAL                   ADDRESS         
           =====                   =======         
           HW_Init                 00009D85 
               calls direct, is indirectly called
               ISTACK = 00000000 ( 00000002 )
    -------------------------------------------------------------------------
<BANKED_CODE> 2 (was BANKED_CODE)
  Relative segment, address: CODE 00009D98 - 00009D99 (0x2 bytes), align: 0
  Segment part 541.           Intra module refs:   DBG_CORE_HALT::?relay
           ENTRY                   ADDRESS         REF BY
           =====                   =======         ======
           DBG_CORE_HALT           00009D98 
               XSTACK = 0000003F ( 00000000 )
    -------------------------------------------------------------------------
<BANKED_CODE> 2 (was BANKED_CODE)
  Relative segment, address: CODE 00009D9A - 00009DAF (0x16 bytes), align: 0
  Segment part 545.           Intra module refs:   uart_init::?relay
           LOCAL                   ADDRESS         
           =====                   =======         
           uart_init               00009D9A 
    -------------------------------------------------------------------------
NEAR_CODE
  Relative segment, address: CODE 0000263F - 00002648 (0xa bytes), align: 0
  Segment part 888.
           ENTRY                   ADDRESS         REF BY
           =====                   =======         ======
           putchar                 0000263F        put_one_char (?printf_p)
    -------------------------------------------------------------------------
XDATA_I
  Relative segment, address: XDATA 000013DD - 000013E6 (0xa bytes), align: 0
  Segment part 365.           Intra module refs:   Segment part 327
           ENTRY                   ADDRESS         REF BY
           =====                   =======         ======
           DMA_MODULE              000013DD 
    -------------------------------------------------------------------------
XDATA_Z
  Relative segment, address: XDATA 00000428 - 0000044F (0x28 bytes), align: 0
  Segment part 367.           Intra module refs:   AES_StreamCoder
                                                   HW_Init
           ENTRY                   ADDRESS         REF BY
           =====                   =======         ======
           DMA_CH                  00000428 
    -------------------------------------------------------------------------
<BANKED_CODE> 2 (was BANKED_CODE)
  Relative segment, address: CODE 00009DB0 - 00009DD4 (0x25 bytes), align: 0
  Segment part 547.           Intra module refs:   HW_Init::?relay
           LOCAL                   ADDRESS         
           =====                   =======         
           HW_Init                 00009DB0 
               is indirectly called
    -------------------------------------------------------------------------
<BANKED_CODE> 2 (was BANKED_CODE)
  Relative segment, address: CODE 00009DD5 - 00009E01 (0x2d bytes), align: 0
  Segment part 549.           Intra module refs:   calc_xor::?relay
           LOCAL                   ADDRESS         
           =====                   =======         
           calc_xor                00009DD5 
               XSTACK = 00000013 ( 00000000 )
               ISTACK = 00000000 ( 00000002 )
    -------------------------------------------------------------------------
<BANKED_CODE> 2 (was BANKED_CODE)
  Relative segment, address: CODE 00009E02 - 00009FD1 (0x1d0 bytes), align: 0
  Segment part 551.           Intra module refs:   frame_filter::?relay
           LOCAL                   ADDRESS         
           =====                   =======         
           frame_filter            00009E02 
               calls direct
               XSTACK = 00000009 ( 0000000C )
    -------------------------------------------------------------------------
<BANKED_CODE> 2 (was BANKED_CODE)
  Relative segment, address: CODE 00009FD2 - 0000A068 (0x97 bytes), align: 0
  Segment part 553.           Intra module refs:   fill_meta_data::?relay
           LOCAL                   ADDRESS         
           =====                   =======         
           fill_meta_data          00009FD2 
               XSTACK = 00000009 ( 00000009 )
               ISTACK = 00000000 ( 00000001 )
    -------------------------------------------------------------------------
<BANKED_CODE> 2 (was BANKED_CODE)
  Relative segment, address: CODE 0000A069 - 0000A096 (0x2e bytes), align: 0
  Segment part 555.           Intra module refs:   parse_frame::?relay
           LOCAL                   ADDRESS         
           =====                   =======         
           parse_frame             0000A069 
               calls direct
               XSTACK = 0000000A ( 00000009 )
    -------------------------------------------------------------------------
<BANKED_CODE> 2 (was BANKED_CODE)
  Relative segment, address: CODE 0000A097 - 0000A0E2 (0x4c bytes), align: 0
  Segment part 557.           Intra module refs:   ethernet_process::?relay
           ENTRY                   ADDRESS         REF BY
           =====                   =======         ======
           ethernet_process        0000A097 
               calls direct
               XSTACK = 00000000 ( 0000000A )
    -------------------------------------------------------------------------
<BANKED_CODE> 2 (was BANKED_CODE)
  Relative segment, address: CODE 0000A0E3 - 0000A208 (0x126 bytes), align: 0
  Segment part 559.           Intra module refs:   eth_send::?relay
           ENTRY                   ADDRESS         REF BY
           =====                   =======         ======
           eth_send                0000A0E3 
               calls direct
               XSTACK = 000000A5 ( 00000015 )
               ISTACK = 00000000 ( 00000001 )
    -------------------------------------------------------------------------
XDATA_I
  Relative segment, address: XDATA 000013E7 - 000013F0 (0xa bytes), align: 0
  Segment part 368.           Intra module refs:   Segment part 329
           ENTRY                   ADDRESS         REF BY
           =====                   =======         ======
           FR_MODULE               000013E7 
    -------------------------------------------------------------------------
<BANKED_CODE> 2 (was BANKED_CODE)
  Relative segment, address: CODE 0000A209 - 0000A20B (0x3 bytes), align: 0
  Segment part 561.           Intra module refs:   SW_Init::?relay
           LOCAL                   ADDRESS         
           =====                   =======         
           SW_Init                 0000A209 
               is indirectly called
    -------------------------------------------------------------------------
<BANKED_CODE> 2 (was BANKED_CODE)
  Relative segment, address: CODE 0000A20C - 0000A219 (0xe bytes), align: 0
  Segment part 563.           Intra module refs:   FR_restart::?relay
           ENTRY                   ADDRESS         REF BY
           =====                   =======         ======
           FR_restart              0000A20C 
               calls direct
               XSTACK = 0000000A ( 00000000 )
               ISTACK = 00000000 ( 00000002 )
    -------------------------------------------------------------------------
<BANKED_CODE> 2 (was BANKED_CODE)
  Relative segment, address: CODE 0000A21A - 0000A26A (0x51 bytes), align: 0
  Segment part 565.           Intra module refs:   FR_create::?relay
           ENTRY                   ADDRESS         REF BY
           =====                   =======         ======
           FR_create               0000A21A 
               calls direct
               XSTACK = 00000025 ( 0000000E )
    -------------------------------------------------------------------------
CODE_C
  Relative segment, address: CODE 000014E3 - 000014E6 (0x4 bytes), align: 0
  Segment part 370.           Intra module refs:   FR_create
    -------------------------------------------------------------------------
<BANKED_CODE> 2 (was BANKED_CODE)
  Relative segment, address: CODE 0000A26B - 0000A278 (0xe bytes), align: 0
  Segment part 569.           Intra module refs:   FR_delete::?relay
           ENTRY                   ADDRESS         REF BY
           =====                   =======         ======
           FR_delete               0000A26B 
               calls direct
               XSTACK = 00000047 ( 00000000 )
               ISTACK = 00000000 ( 00000002 )
    -------------------------------------------------------------------------
<BANKED_CODE> 2 (was BANKED_CODE)
  Relative segment, address: CODE 0000A279 - 0000A2C0 (0x48 bytes), align: 0
  Segment part 571.           Intra module refs:   mem_move::?relay
           LOCAL                   ADDRESS         
           =====                   =======         
           mem_move                0000A279 
               XSTACK = 00000013 ( 00000009 )
               ISTACK = 00000000 ( 00000001 )
    -------------------------------------------------------------------------
<BANKED_CODE> 2 (was BANKED_CODE)
  Relative segment, address: CODE 0000A2C1 - 0000A375 (0xb5 bytes), align: 0
  Segment part 573.           Intra module refs:   FR_add_header::?relay
           ENTRY                   ADDRESS         REF BY
           =====                   =======         ======
           FR_add_header           0000A2C1 
               calls direct
               XSTACK = 000000A5 ( 00000013 )
               ISTACK = 00000000 ( 00000001 )
    -------------------------------------------------------------------------
<BANKED_CODE> 2 (was BANKED_CODE)
  Relative segment, address: CODE 0000A376 - 0000A42E (0xb9 bytes), align: 0
  Segment part 575.           Intra module refs:   FR_del_header::?relay
           ENTRY                   ADDRESS         REF BY
           =====                   =======         ======
           FR_del_header           0000A376 
               calls direct
               XSTACK = 0000000C ( 00000012 )
               ISTACK = 00000000 ( 00000001 )
[...]
  Segment part 12.            Intra module refs:   _formatted_write_P
                                                   float_conversion
           ENTRY                   ADDRESS         REF BY
           =====                   =======         ======
           __Constant_0            000025FA 
    -------------------------------------------------------------------------
CODE_C
  Relative segment, address: CODE 000025FE - 00002601 (0x4 bytes), align: 0
  Segment part 13.            Intra module refs:   float_conversion
           ENTRY                   ADDRESS         REF BY
           =====                   =======         ======
           __Constant_501502f9     000025FE 
    -------------------------------------------------------------------------
CODE_C
  Relative segment, address: CODE 00002602 - 00002605 (0x4 bytes), align: 0
  Segment part 14.            Intra module refs:   float_conversion
           ENTRY                   ADDRESS         REF BY
           =====                   =======         ======
           __Constant_51ba43b7     00002602 
    -------------------------------------------------------------------------
CODE_C
  Relative segment, address: CODE 00002606 - 00002609 (0x4 bytes), align: 0
  Segment part 15.            Intra module refs:   float_conversion
           ENTRY                   ADDRESS         REF BY
           =====                   =======         ======
           __Constant_41200000     00002606 
    -------------------------------------------------------------------------
CODE_C
  Relative segment, address: CODE 0000260A - 0000260D (0x4 bytes), align: 0
  Segment part 16.            Intra module refs:   float_conversion
           ENTRY                   ADDRESS         REF BY
           =====                   =======         ======
           __Constant_2edbe700     0000260A 
    -------------------------------------------------------------------------
CODE_C
  Relative segment, address: CODE 0000260E - 00002611 (0x4 bytes), align: 0
  Segment part 17.            Intra module refs:   float_conversion
           ENTRY                   ADDRESS         REF BY
           =====                   =======         ======
           __Constant_40a00000     0000260E 

    -------------------------------------------------------------------------
  LIBRARY MODULE, NAME : ?memcpy

  SEGMENTS IN THE MODULE
  ======================
<BANKED_CODE> 1 (was BANKED_CODE)
  Relative segment, address: CODE 000036E0 - 00003725 (0x46 bytes), align: 0
  Segment part 6.             Intra module refs:   memcpy::?relay
           ENTRY                   ADDRESS         REF BY
           =====                   =======         ======
           memcpy                  000036E0 
               XSTACK = 00000002 ( 0000000A )
               ISTACK = 00000000 ( 00000001 )
    -------------------------------------------------------------------------
BANK_RELAYS
  Relative segment, address: CODE 00000618 - 0000061D (0x6 bytes), align: 0
  Segment part 7.
           ENTRY                   ADDRESS         REF BY
           =====                   =======         ======
           memcpy::?relay          00000618        AES_StreamCoder (action_manager)

    -------------------------------------------------------------------------
  LIBRARY MODULE, NAME : ?memset

  SEGMENTS IN THE MODULE
  ======================
<BANKED_CODE> 1 (was BANKED_CODE)
  Relative segment, address: CODE 00003726 - 00003751 (0x2c bytes), align: 0
  Segment part 6.             Intra module refs:   memset::?relay
           ENTRY                   ADDRESS         REF BY
           =====                   =======         ======
           memset                  00003726 
               XSTACK = 00000002 ( 00000000 )
               ISTACK = 00000000 ( 00000002 )
    -------------------------------------------------------------------------
BANK_RELAYS
  Relative segment, address: CODE 0000061E - 00000623 (0x6 bytes), align: 0
  Segment part 7.
           ENTRY                   ADDRESS         REF BY
           =====                   =======         ======
           memset::?relay          0000061E        AES_StreamCoder (action_manager)

    -------------------------------------------------------------------------
  LIBRARY MODULE, NAME : ?printf_p

  SEGMENTS IN THE MODULE
  ======================
<BANKED_CODE> 1 (was BANKED_CODE)
  Relative segment, address: CODE 00003642 - 00003651 (0x10 bytes), align: 0
  Segment part 6.             Intra module refs:   put_one_char::?relay
           LOCAL                   ADDRESS         
           =====                   =======         
           put_one_char            00003642 
               calls direct, is indirectly called
               ISTACK = 00000000 ( 00000001 )
    -------------------------------------------------------------------------
<BANKED_CODE> 1 (was BANKED_CODE)
  Relative segment, address: CODE 00003652 - 00003698 (0x47 bytes), align: 0
  Segment part 8.             Intra module refs:   printf_P::?relay
           ENTRY                   ADDRESS         REF BY
           =====                   =======         ======
           printf_P                00003652 
               calls direct
               XSTACK = 00000000 ( 00000010 )
    -------------------------------------------------------------------------
BANK_RELAYS
  Relative segment, address: CODE 00000624 - 00000629 (0x6 bytes), align: 0
  Segment part 7.             Intra module refs:   printf_P
           LOCAL                   ADDRESS         
           =====                   =======         
           put_one_char::?relay    00000624 
    -------------------------------------------------------------------------
BANK_RELAYS
  Relative segment, address: CODE 0000062A - 0000062F (0x6 bytes), align: 0
  Segment part 9.
           ENTRY                   ADDRESS         REF BY
           =====                   =======         ======
           printf_P::?relay        0000062A        AM_Callback (action_manager)
                                                   AM_Cold_start (action_manager)
                                                   AM_HW_Init (action_manager)
                                                   AM_Hot_start (action_manager)
                                                   AM_IRQ_Init (action_manager)
                                                   AM_SW_Init (action_manager)
                                                   AM_set_callback (action_manager)
                                                   AT_set_alarm (action_manager)
                                                   AT_set_time (action_manager)
                                                   AT_wait (action_manager)
                                                   AUTH_ETH_Receive (action_manager)
                                                   AUTH_IP_Recive (action_manager)
                                                   AUTH_IP_TimeAlloc (action_manager)
                                                   AUTH_request (action_manager)
                                                   AUTH_resend_RESP_from_gw (action_manager)
                                                   HP_Init (action_manager)
                                                   Hot_Start (action_manager)
                                                   IPP_process (action_manager)
                                                   IP_Receive (action_manager)
                                                   IP_Send (action_manager)
                                                   LLC_add_tx_frame (action_manager)
                                                   LLC_open_slot (action_manager)
                                                   MAC_Receive (action_manager)
                                                   MAC_Send (action_manager)
                                                   NP_Receive (action_manager)
                                                   NP_TimeAlloc (action_manager)
                                                   Neocore_start (action_manager)
                                                   RI_Receive (action_manager)
                                                   RI_Send (action_manager)
                                                   RI_Send_time (action_manager)
                                                   RI_SetChannel (action_manager)
                                                   RP_Send (action_manager)
                                                   RP_SendRT_GW (action_manager)
                                                   RP_SendRT_RT (action_manager)
                                                   RP_Send_COMM (action_manager)
                                                   RP_Send_GW (action_manager)
                                                   TCP_Recive (action_manager)
                                                   TM_ClrAlarm (action_manager)
                                                   TM_SetAlarm (action_manager)
                                                   UDP_Recive (action_manager)
                                                   UDP_Send (action_manager)
                                                   _recv_ack (action_manager)
                                                   _recv_frame (action_manager)
                                                   _send_ack (action_manager)
                                                   _send_frame (action_manager)
                                                   add_card (action_manager)
                                                   analyse_route_table (action_manager)
                                                   analyse_table (action_manager)
                                                   comm_node_choise (action_manager)
                                                   eth_send (action_manager)
                                                   find_node (action_manager)
                                                   frame_filter (action_manager)
                                                   get_AUTH_NODE_REQ (action_manager)
                                                   main (action_manager)
                                                   mode_1_process (action_manager)
                                                   network_recv_sync (action_manager)
                                                   periodic_card_send (action_manager)
                                                   receiveCMD_Request (action_manager)
                                                   receiveCMD_Response (action_manager)
                                                   recv_sync (action_manager)
                                                   request_cards (action_manager)
                                                   route_update (action_manager)
                                                   scheduler_rx (action_manager)
                                                   scheduler_tx (action_manager)
                                                   send_ip_frame (action_manager)
                                                   send_node_card (action_manager)
                                                   send_sync (action_manager)
                                                   setFreq (action_manager)
                                                   setNodeCHTS (action_manager)
                                                   set_AUTH_NODE_RESP (action_manager)
                                                   stack_init (action_manager)
                                                   transmite (action_manager)

    -------------------------------------------------------------------------
  LIBRARY MODULE, NAME : ?rand

  SEGMENTS IN THE MODULE
  ======================
XDATA_I
  Relative segment, address: XDATA 0000144C - 0000144F (0x4 bytes), align: 0
  Segment part 6.             Intra module refs:   rand
           ENTRY                   ADDRESS         REF BY
           =====                   =======         ======
           __next_rand             0000144C        srand (?srand)
    -------------------------------------------------------------------------
<BANKED_CODE> 1 (was BANKED_CODE)
  Relative segment, address: CODE 00003699 - 000036DF (0x47 bytes), align: 0
  Segment part 10.            Intra module refs:   rand::?relay
           ENTRY                   ADDRESS         REF BY
           =====                   =======         ======
           rand                    00003699 
               XSTACK = 00000000 ( 00000010 )
    -------------------------------------------------------------------------
XDATA_ID
  Relative segment, address: CODE 0000017C - 0000017F (0x4 bytes), align: 0
  Segment part 7.             Intra module refs:   __next_rand
    -------------------------------------------------------------------------
CODE_C
  Relative segment, address: CODE 00002612 - 00002615 (0x4 bytes), align: 0
  Segment part 8.             Intra module refs:   rand
           ENTRY                   ADDRESS         REF BY
           =====                   =======         ======
           __Constant_41c64e6d     00002612 
    -------------------------------------------------------------------------
CODE_C
  Relative segment, address: CODE 00002616 - 00002619 (0x4 bytes), align: 0
  Segment part 9.             Intra module refs:   rand
           ENTRY                   ADDRESS         REF BY
           =====                   =======         ======
           __Constant_3039         00002616 
    -------------------------------------------------------------------------
BANK_RELAYS
  Relative segment, address: CODE 00000630 - 00000635 (0x6 bytes), align: 0
  Segment part 11.
           ENTRY                   ADDRESS         REF BY
           =====                   =======         ======
           rand::?relay            00000630        _throw_dice (action_manager)
                                                   comm_node_info (action_manager)
                                                   random_core_init (action_manager)
                                                   setNodeCHTS (action_manager)

    -------------------------------------------------------------------------
  LIBRARY MODULE, NAME : ?srand

  SEGMENTS IN THE MODULE
  ======================
<BANKED_CODE> 1 (was BANKED_CODE)
  Relative segment, address: CODE 00003752 - 00003769 (0x18 bytes), align: 0
  Segment part 6.             Intra module refs:   srand::?relay
           ENTRY                   ADDRESS         REF BY
           =====                   =======         ======
           srand                   00003752 
               ISTACK = 00000000 ( 00000002 )
    -------------------------------------------------------------------------
BANK_RELAYS
  Relative segment, address: CODE 00000636 - 0000063B (0x6 bytes), align: 0
  Segment part 7.
           ENTRY                   ADDRESS         REF BY
           =====                   =======         ======
           srand::?relay           00000636        random_core_init (action_manager)




                ****************************************
                *                                      *
                *      SEGMENTS IN ADDRESS ORDER       *
                *                                      *
                ****************************************


SEGMENT              SPACE    START ADDRESS   END ADDRESS     SIZE  TYPE  ALIGN
=======              =====    =============   ===========     ====  ====  =====
INTVEC               CODE          00000000 - 0000002D          2E   com    0
CSTART               CODE          0000002E - 000000B4          87   rel    0
DATA_ID              CODE               000000B5                     dse    0
BDATA_ID             CODE               000000B5                     dse    0
BIT_ID               CODE               000000B5                     dse    0
IDATA_ID             CODE               000000B5                     dse    0
IXDATA_ID            CODE               000000B5                     dse    0
PDATA_ID             CODE               000000B5                     dse    0
XDATA_ID             CODE          000000B5 - 0000017F          CB   rel    0
BANK_RELAYS          CODE          00000180 - 0000063B         4BC   rel    0
RCODE                CODE          0000063C - 000014BC         E81   rel    0
DIFUNCT              CODE               000014BD                     dse    0
CODE_C               CODE          000014BD - 00002619        115D   rel    0
CODE_N               CODE               0000261A                     dse    0
NEAR_CODE            CODE          0000261A - 00002648          2F   rel    0
<BANKED_CODE> 1      CODE          00002649 - 00003769        1121   rel    0
<BANKED_CODE> 2      CODE          00008000 - 0000F496        7497   rel    0
REGISTERS            DATA          00000000 - 00000007           8   rel    0
VREG                 DATA          00000008 - 0000000F           8   rel    0
PSP                  DATA          00000010 - 00000010           1   rel    0
XSP                  DATA          00000011 - 00000012           2   rel    0
BREG                 BIT        00000020.0  -  00000020.7        8   rel    0
SFR_AN               DATA          00000086 - 00000087           2   rel    0
                     DATA          00000090 - 00000091           2 
                     DATA          00000094 - 00000097           4 
                     DATA          0000009D - 0000009E           2 
                     DATA          000000A2 - 000000A5           4 
                     DATA          000000A8 - 000000A8           1 
                     DATA          000000AD - 000000AD           1 
                     DATA          000000B3 - 000000B3           1 
                     DATA          000000BE - 000000BE           1 
                     DATA          000000C0 - 000000C2           3 
                     DATA          000000C5 - 000000C6           2 
                     DATA          000000D2 - 000000D7           6 
                     DATA          000000D9 - 000000D9           1 
                     DATA          000000E1 - 000000E1           1 
                     DATA          000000E9 - 000000E9           1 
                     DATA          000000F1 - 000000F1           1 
                     DATA          000000F3 - 000000F3           1 
                     DATA          000000FE - 000000FE           1 
XSTACK               XDATA         00000001 - 00000300         300   rel    0
XDATA_Z              XDATA         00000301 - 00001384        1084   rel    0
XDATA_I              XDATA         00001385 - 0000144F          CB   rel    0
PDATA_Z              XDATA              00001E00                     dse    0
PSTACK               XDATA         00001E00 - 00001E7F          80   rel    0
ISTACK               IDATA         00000080 - 000000FF          80   rel    0

                ****************************************
                *                                      *
                *        END OF CROSS REFERENCE        *
                *                                      *
                ****************************************

 44 033 bytes of CODE  memory
     19 bytes of DATA  memory (+ 35 absolute )
  5 327 bytes of XDATA memory
    128 bytes of IDATA memory
      8 bits  of BIT   memory

Errors: none
Warnings: none

